Test (stable)	Set up job	﻿2025-12-02T13:30:33.0188187Z Current runner version: '2.329.0'
Test (stable)	Set up job	2025-12-02T13:30:33.0211699Z ##[group]Runner Image Provisioner
Test (stable)	Set up job	2025-12-02T13:30:33.0212531Z Hosted Compute Agent
Test (stable)	Set up job	2025-12-02T13:30:33.0213047Z Version: 20251016.436
Test (stable)	Set up job	2025-12-02T13:30:33.0213724Z Commit: 8ab8ac8bfd662a3739dab9fe09456aba92132568
Test (stable)	Set up job	2025-12-02T13:30:33.0214459Z Build Date: 2025-10-15T20:44:12Z
Test (stable)	Set up job	2025-12-02T13:30:33.0215086Z ##[endgroup]
Test (stable)	Set up job	2025-12-02T13:30:33.0215675Z ##[group]Operating System
Test (stable)	Set up job	2025-12-02T13:30:33.0216205Z Ubuntu
Test (stable)	Set up job	2025-12-02T13:30:33.0216826Z 24.04.3
Test (stable)	Set up job	2025-12-02T13:30:33.0217315Z LTS
Test (stable)	Set up job	2025-12-02T13:30:33.0217824Z ##[endgroup]
Test (stable)	Set up job	2025-12-02T13:30:33.0218276Z ##[group]Runner Image
Test (stable)	Set up job	2025-12-02T13:30:33.0218855Z Image: ubuntu-24.04
Test (stable)	Set up job	2025-12-02T13:30:33.0219385Z Version: 20251112.124.1
Test (stable)	Set up job	2025-12-02T13:30:33.0220471Z Included Software: https://github.com/actions/runner-images/blob/ubuntu24/20251112.124/images/ubuntu/Ubuntu2404-Readme.md
Test (stable)	Set up job	2025-12-02T13:30:33.0221896Z Image Release: https://github.com/actions/runner-images/releases/tag/ubuntu24%2F20251112.124
Test (stable)	Set up job	2025-12-02T13:30:33.0223042Z ##[endgroup]
Test (stable)	Set up job	2025-12-02T13:30:33.0224162Z ##[group]GITHUB_TOKEN Permissions
Test (stable)	Set up job	2025-12-02T13:30:33.0226014Z Contents: read
Test (stable)	Set up job	2025-12-02T13:30:33.0226527Z Metadata: read
Test (stable)	Set up job	2025-12-02T13:30:33.0227332Z Packages: read
Test (stable)	Set up job	2025-12-02T13:30:33.0227792Z ##[endgroup]
Test (stable)	Set up job	2025-12-02T13:30:33.0230082Z Secret source: None
Test (stable)	Set up job	2025-12-02T13:30:33.0230858Z Prepare workflow directory
Test (stable)	Set up job	2025-12-02T13:30:33.0631508Z Prepare all required actions
Test (stable)	Set up job	2025-12-02T13:30:33.0689354Z Getting action download info
Test (stable)	Set up job	2025-12-02T13:30:33.4843655Z Download action repository 'actions/checkout@v4' (SHA:34e114876b0b11c390a56381ad16ebd13914f8d5)
Test (stable)	Set up job	2025-12-02T13:30:34.0927329Z Download action repository 'dtolnay/rust-toolchain@master' (SHA:0b1efabc08b657293548b77fb76cc02d26091c7e)
Test (stable)	Set up job	2025-12-02T13:30:34.6009754Z Complete job name: Test (stable)
Test (stable)	Run actions/checkout@v4	﻿2025-12-02T13:30:34.6687905Z ##[group]Run actions/checkout@v4
Test (stable)	Run actions/checkout@v4	2025-12-02T13:30:34.6688814Z with:
Test (stable)	Run actions/checkout@v4	2025-12-02T13:30:34.6689278Z   repository: uselessgoddess/dunes
Test (stable)	Run actions/checkout@v4	2025-12-02T13:30:34.6689988Z   token: ***
Test (stable)	Run actions/checkout@v4	2025-12-02T13:30:34.6690455Z   ssh-strict: true
Test (stable)	Run actions/checkout@v4	2025-12-02T13:30:34.6690891Z   ssh-user: git
Test (stable)	Run actions/checkout@v4	2025-12-02T13:30:34.6691354Z   persist-credentials: true
Test (stable)	Run actions/checkout@v4	2025-12-02T13:30:34.6691851Z   clean: true
Test (stable)	Run actions/checkout@v4	2025-12-02T13:30:34.6692308Z   sparse-checkout-cone-mode: true
Test (stable)	Run actions/checkout@v4	2025-12-02T13:30:34.6692823Z   fetch-depth: 1
Test (stable)	Run actions/checkout@v4	2025-12-02T13:30:34.6693267Z   fetch-tags: false
Test (stable)	Run actions/checkout@v4	2025-12-02T13:30:34.6693713Z   show-progress: true
Test (stable)	Run actions/checkout@v4	2025-12-02T13:30:34.6694170Z   lfs: false
Test (stable)	Run actions/checkout@v4	2025-12-02T13:30:34.6694583Z   submodules: false
Test (stable)	Run actions/checkout@v4	2025-12-02T13:30:34.6695054Z   set-safe-directory: true
Test (stable)	Run actions/checkout@v4	2025-12-02T13:30:34.6695719Z env:
Test (stable)	Run actions/checkout@v4	2025-12-02T13:30:34.6696156Z   CARGO_TERM_COLOR: always
Test (stable)	Run actions/checkout@v4	2025-12-02T13:30:34.6696633Z ##[endgroup]
Test (stable)	Run actions/checkout@v4	2025-12-02T13:30:34.7773056Z Syncing repository: uselessgoddess/dunes
Test (stable)	Run actions/checkout@v4	2025-12-02T13:30:34.7775222Z ##[group]Getting Git version info
Test (stable)	Run actions/checkout@v4	2025-12-02T13:30:34.7775986Z Working directory is '/home/runner/work/dunes/dunes'
Test (stable)	Run actions/checkout@v4	2025-12-02T13:30:34.7777440Z [command]/usr/bin/git version
Test (stable)	Run actions/checkout@v4	2025-12-02T13:30:34.7899374Z git version 2.51.2
Test (stable)	Run actions/checkout@v4	2025-12-02T13:30:34.7926318Z ##[endgroup]
Test (stable)	Run actions/checkout@v4	2025-12-02T13:30:34.7942857Z Temporarily overriding HOME='/home/runner/work/_temp/2c79320e-cc3d-4744-8357-9039d1471fce' before making global git config changes
Test (stable)	Run actions/checkout@v4	2025-12-02T13:30:34.7945364Z Adding repository directory to the temporary git global config as a safe directory
Test (stable)	Run actions/checkout@v4	2025-12-02T13:30:34.7949531Z [command]/usr/bin/git config --global --add safe.directory /home/runner/work/dunes/dunes
Test (stable)	Run actions/checkout@v4	2025-12-02T13:30:34.7987271Z Deleting the contents of '/home/runner/work/dunes/dunes'
Test (stable)	Run actions/checkout@v4	2025-12-02T13:30:34.7991759Z ##[group]Initializing the repository
Test (stable)	Run actions/checkout@v4	2025-12-02T13:30:34.7996191Z [command]/usr/bin/git init /home/runner/work/dunes/dunes
Test (stable)	Run actions/checkout@v4	2025-12-02T13:30:34.8134302Z hint: Using 'master' as the name for the initial branch. This default branch name
Test (stable)	Run actions/checkout@v4	2025-12-02T13:30:34.8135556Z hint: is subject to change. To configure the initial branch name to use in all
Test (stable)	Run actions/checkout@v4	2025-12-02T13:30:34.8136540Z hint: of your new repositories, which will suppress this warning, call:
Test (stable)	Run actions/checkout@v4	2025-12-02T13:30:34.8137640Z hint:
Test (stable)	Run actions/checkout@v4	2025-12-02T13:30:34.8138190Z hint: 	git config --global init.defaultBranch <name>
Test (stable)	Run actions/checkout@v4	2025-12-02T13:30:34.8139656Z hint:
Test (stable)	Run actions/checkout@v4	2025-12-02T13:30:34.8140359Z hint: Names commonly chosen instead of 'master' are 'main', 'trunk' and
Test (stable)	Run actions/checkout@v4	2025-12-02T13:30:34.8141959Z hint: 'development'. The just-created branch can be renamed via this command:
Test (stable)	Run actions/checkout@v4	2025-12-02T13:30:34.8143363Z hint:
Test (stable)	Run actions/checkout@v4	2025-12-02T13:30:34.8144186Z hint: 	git branch -m <name>
Test (stable)	Run actions/checkout@v4	2025-12-02T13:30:34.8145056Z hint:
Test (stable)	Run actions/checkout@v4	2025-12-02T13:30:34.8146245Z hint: Disable this message with "git config set advice.defaultBranchName false"
Test (stable)	Run actions/checkout@v4	2025-12-02T13:30:34.8148251Z Initialized empty Git repository in /home/runner/work/dunes/dunes/.git/
Test (stable)	Run actions/checkout@v4	2025-12-02T13:30:34.8153527Z [command]/usr/bin/git remote add origin https://github.com/uselessgoddess/dunes
Test (stable)	Run actions/checkout@v4	2025-12-02T13:30:34.8190135Z ##[endgroup]
Test (stable)	Run actions/checkout@v4	2025-12-02T13:30:34.8191437Z ##[group]Disabling automatic garbage collection
Test (stable)	Run actions/checkout@v4	2025-12-02T13:30:34.8194773Z [command]/usr/bin/git config --local gc.auto 0
Test (stable)	Run actions/checkout@v4	2025-12-02T13:30:34.8223496Z ##[endgroup]
Test (stable)	Run actions/checkout@v4	2025-12-02T13:30:34.8224828Z ##[group]Setting up auth
Test (stable)	Run actions/checkout@v4	2025-12-02T13:30:34.8231242Z [command]/usr/bin/git config --local --name-only --get-regexp core\.sshCommand
Test (stable)	Run actions/checkout@v4	2025-12-02T13:30:34.8261653Z [command]/usr/bin/git submodule foreach --recursive sh -c "git config --local --name-only --get-regexp 'core\.sshCommand' && git config --local --unset-all 'core.sshCommand' || :"
Test (stable)	Run actions/checkout@v4	2025-12-02T13:30:34.8664253Z [command]/usr/bin/git config --local --name-only --get-regexp http\.https\:\/\/github\.com\/\.extraheader
Test (stable)	Run actions/checkout@v4	2025-12-02T13:30:34.8695077Z [command]/usr/bin/git submodule foreach --recursive sh -c "git config --local --name-only --get-regexp 'http\.https\:\/\/github\.com\/\.extraheader' && git config --local --unset-all 'http.https://github.com/.extraheader' || :"
Test (stable)	Run actions/checkout@v4	2025-12-02T13:30:34.8920347Z [command]/usr/bin/git config --local --name-only --get-regexp ^includeIf\.gitdir:
Test (stable)	Run actions/checkout@v4	2025-12-02T13:30:34.8951246Z [command]/usr/bin/git submodule foreach --recursive git config --local --show-origin --name-only --get-regexp remote.origin.url
Test (stable)	Run actions/checkout@v4	2025-12-02T13:30:34.9169215Z [command]/usr/bin/git config --local http.https://github.com/.extraheader AUTHORIZATION: basic ***
Test (stable)	Run actions/checkout@v4	2025-12-02T13:30:34.9205086Z ##[endgroup]
Test (stable)	Run actions/checkout@v4	2025-12-02T13:30:34.9205918Z ##[group]Fetching the repository
Test (stable)	Run actions/checkout@v4	2025-12-02T13:30:34.9213320Z [command]/usr/bin/git -c protocol.version=2 fetch --no-tags --prune --no-recurse-submodules --depth=1 origin +09f7f1aef6bcdcb39c351880275e09e7536ab3e6:refs/remotes/pull/8/merge
Test (stable)	Run actions/checkout@v4	2025-12-02T13:30:35.3085885Z From https://github.com/uselessgoddess/dunes
Test (stable)	Run actions/checkout@v4	2025-12-02T13:30:35.3087830Z  * [new ref]         09f7f1aef6bcdcb39c351880275e09e7536ab3e6 -> pull/8/merge
Test (stable)	Run actions/checkout@v4	2025-12-02T13:30:35.3124169Z ##[endgroup]
Test (stable)	Run actions/checkout@v4	2025-12-02T13:30:35.3125461Z ##[group]Determining the checkout info
Test (stable)	Run actions/checkout@v4	2025-12-02T13:30:35.3127068Z ##[endgroup]
Test (stable)	Run actions/checkout@v4	2025-12-02T13:30:35.3131478Z [command]/usr/bin/git sparse-checkout disable
Test (stable)	Run actions/checkout@v4	2025-12-02T13:30:35.3175488Z [command]/usr/bin/git config --local --unset-all extensions.worktreeConfig
Test (stable)	Run actions/checkout@v4	2025-12-02T13:30:35.3204408Z ##[group]Checking out the ref
Test (stable)	Run actions/checkout@v4	2025-12-02T13:30:35.3209701Z [command]/usr/bin/git checkout --progress --force refs/remotes/pull/8/merge
Test (stable)	Run actions/checkout@v4	2025-12-02T13:30:35.3272625Z Note: switching to 'refs/remotes/pull/8/merge'.
Test (stable)	Run actions/checkout@v4	2025-12-02T13:30:35.3274190Z 
Test (stable)	Run actions/checkout@v4	2025-12-02T13:30:35.3275263Z You are in 'detached HEAD' state. You can look around, make experimental
Test (stable)	Run actions/checkout@v4	2025-12-02T13:30:35.3277220Z changes and commit them, and you can discard any commits you make in this
Test (stable)	Run actions/checkout@v4	2025-12-02T13:30:35.3278963Z state without impacting any branches by switching back to a branch.
Test (stable)	Run actions/checkout@v4	2025-12-02T13:30:35.3279981Z 
Test (stable)	Run actions/checkout@v4	2025-12-02T13:30:35.3280621Z If you want to create a new branch to retain commits you create, you may
Test (stable)	Run actions/checkout@v4	2025-12-02T13:30:35.3282176Z do so (now or later) by using -c with the switch command. Example:
Test (stable)	Run actions/checkout@v4	2025-12-02T13:30:35.3283095Z 
Test (stable)	Run actions/checkout@v4	2025-12-02T13:30:35.3283438Z   git switch -c <new-branch-name>
Test (stable)	Run actions/checkout@v4	2025-12-02T13:30:35.3284039Z 
Test (stable)	Run actions/checkout@v4	2025-12-02T13:30:35.3284367Z Or undo this operation with:
Test (stable)	Run actions/checkout@v4	2025-12-02T13:30:35.3284936Z 
Test (stable)	Run actions/checkout@v4	2025-12-02T13:30:35.3285226Z   git switch -
Test (stable)	Run actions/checkout@v4	2025-12-02T13:30:35.3285679Z 
Test (stable)	Run actions/checkout@v4	2025-12-02T13:30:35.3286454Z Turn off this advice by setting config variable advice.detachedHead to false
Test (stable)	Run actions/checkout@v4	2025-12-02T13:30:35.3288289Z 
Test (stable)	Run actions/checkout@v4	2025-12-02T13:30:35.3289739Z HEAD is now at 09f7f1a Merge e17041553f6b6e3595b07af2b2b65cdd27276d1d into 0832383d74880628c88865d4a66e5bdd0d9c27d2
Test (stable)	Run actions/checkout@v4	2025-12-02T13:30:35.3293461Z ##[endgroup]
Test (stable)	Run actions/checkout@v4	2025-12-02T13:30:35.3324283Z [command]/usr/bin/git log -1 --format=%H
Test (stable)	Run actions/checkout@v4	2025-12-02T13:30:35.3347208Z 09f7f1aef6bcdcb39c351880275e09e7536ab3e6
Test (stable)	Run dtolnay/rust-toolchain@master	﻿2025-12-02T13:30:35.3872961Z ##[group]Run dtolnay/rust-toolchain@master
Test (stable)	Run dtolnay/rust-toolchain@master	2025-12-02T13:30:35.3873795Z with:
Test (stable)	Run dtolnay/rust-toolchain@master	2025-12-02T13:30:35.3874238Z   toolchain: stable
Test (stable)	Run dtolnay/rust-toolchain@master	2025-12-02T13:30:35.3874733Z env:
Test (stable)	Run dtolnay/rust-toolchain@master	2025-12-02T13:30:35.3875178Z   CARGO_TERM_COLOR: always
Test (stable)	Run dtolnay/rust-toolchain@master	2025-12-02T13:30:35.3875763Z ##[endgroup]
Test (stable)	Run dtolnay/rust-toolchain@master	2025-12-02T13:30:35.3996632Z ##[group]Run : parse toolchain version
Test (stable)	Run dtolnay/rust-toolchain@master	2025-12-02T13:30:35.3997734Z [36;1m: parse toolchain version[0m
Test (stable)	Run dtolnay/rust-toolchain@master	2025-12-02T13:30:35.3998474Z [36;1mif [[ -z $toolchain ]]; then[0m
Test (stable)	Run dtolnay/rust-toolchain@master	2025-12-02T13:30:35.3999940Z [36;1m  # GitHub does not enforce `required: true` inputs itself. https://github.com/actions/runner/issues/1070[0m
Test (stable)	Run dtolnay/rust-toolchain@master	2025-12-02T13:30:35.4001533Z [36;1m  echo "'toolchain' is a required input" >&2[0m
Test (stable)	Run dtolnay/rust-toolchain@master	2025-12-02T13:30:35.4002346Z [36;1m  exit 1[0m
Test (stable)	Run dtolnay/rust-toolchain@master	2025-12-02T13:30:35.4003210Z [36;1melif [[ $toolchain =~ ^stable' '[0-9]+' '(year|month|week|day)s?' 'ago$ ]]; then[0m
Test (stable)	Run dtolnay/rust-toolchain@master	2025-12-02T13:30:35.4004348Z [36;1m  if [[ Linux == macOS ]]; then[0m
Test (stable)	Run dtolnay/rust-toolchain@master	2025-12-02T13:30:35.4005731Z [36;1m    echo "toolchain=1.$((($(date -v-$(sed 's/stable \([0-9]*\) \(.\).*/\1\2/' <<< $toolchain) +%s)/60/60/24-16569)/7/6))" >> $GITHUB_OUTPUT[0m
Test (stable)	Run dtolnay/rust-toolchain@master	2025-12-02T13:30:35.4007422Z [36;1m  else[0m
Test (stable)	Run dtolnay/rust-toolchain@master	2025-12-02T13:30:35.4008503Z [36;1m    echo "toolchain=1.$((($(date --date "${toolchain#stable }" +%s)/60/60/24-16569)/7/6))" >> $GITHUB_OUTPUT[0m
Test (stable)	Run dtolnay/rust-toolchain@master	2025-12-02T13:30:35.4009788Z [36;1m  fi[0m
Test (stable)	Run dtolnay/rust-toolchain@master	2025-12-02T13:30:35.4010541Z [36;1melif [[ $toolchain =~ ^stable' 'minus' '[0-9]+' 'releases?$ ]]; then[0m
Test (stable)	Run dtolnay/rust-toolchain@master	2025-12-02T13:30:35.4012021Z [36;1m  echo "toolchain=1.$((($(date +%s)/60/60/24-16569)/7/6-${toolchain//[^0-9]/}))" >> $GITHUB_OUTPUT[0m
Test (stable)	Run dtolnay/rust-toolchain@master	2025-12-02T13:30:35.4013311Z [36;1melif [[ $toolchain =~ ^1\.[0-9]+$ ]]; then[0m
Test (stable)	Run dtolnay/rust-toolchain@master	2025-12-02T13:30:35.4014744Z [36;1m  echo "toolchain=1.$((i=${toolchain#1.}, c=($(date +%s)/60/60/24-16569)/7/6, i+9*i*(10*i<=c)+90*i*(100*i<=c)))" >> $GITHUB_OUTPUT[0m
Test (stable)	Run dtolnay/rust-toolchain@master	2025-12-02T13:30:35.4016118Z [36;1melse[0m
Test (stable)	Run dtolnay/rust-toolchain@master	2025-12-02T13:30:35.4016858Z [36;1m  echo "toolchain=$toolchain" >> $GITHUB_OUTPUT[0m
Test (stable)	Run dtolnay/rust-toolchain@master	2025-12-02T13:30:35.4017688Z [36;1mfi[0m
Test (stable)	Run dtolnay/rust-toolchain@master	2025-12-02T13:30:35.4054624Z shell: /usr/bin/bash --noprofile --norc -e -o pipefail {0}
Test (stable)	Run dtolnay/rust-toolchain@master	2025-12-02T13:30:35.4055558Z env:
Test (stable)	Run dtolnay/rust-toolchain@master	2025-12-02T13:30:35.4055999Z   CARGO_TERM_COLOR: always
Test (stable)	Run dtolnay/rust-toolchain@master	2025-12-02T13:30:35.4056568Z   toolchain: stable
Test (stable)	Run dtolnay/rust-toolchain@master	2025-12-02T13:30:35.4057204Z ##[endgroup]
Test (stable)	Run dtolnay/rust-toolchain@master	2025-12-02T13:30:35.4212361Z ##[group]Run : construct rustup command line
Test (stable)	Run dtolnay/rust-toolchain@master	2025-12-02T13:30:35.4213207Z [36;1m: construct rustup command line[0m
Test (stable)	Run dtolnay/rust-toolchain@master	2025-12-02T13:30:35.4214414Z [36;1mecho "targets=$(for t in ${targets//,/ }; do echo -n ' --target' $t; done)" >> $GITHUB_OUTPUT[0m
Test (stable)	Run dtolnay/rust-toolchain@master	2025-12-02T13:30:35.4216165Z [36;1mecho "components=$(for c in ${components//,/ }; do echo -n ' --component' $c; done)" >> $GITHUB_OUTPUT[0m
Test (stable)	Run dtolnay/rust-toolchain@master	2025-12-02T13:30:35.4217734Z [36;1mecho "downgrade=" >> $GITHUB_OUTPUT[0m
Test (stable)	Run dtolnay/rust-toolchain@master	2025-12-02T13:30:35.4248343Z shell: /usr/bin/bash --noprofile --norc -e -o pipefail {0}
Test (stable)	Run dtolnay/rust-toolchain@master	2025-12-02T13:30:35.4249236Z env:
Test (stable)	Run dtolnay/rust-toolchain@master	2025-12-02T13:30:35.4249658Z   CARGO_TERM_COLOR: always
Test (stable)	Run dtolnay/rust-toolchain@master	2025-12-02T13:30:35.4250214Z   targets: 
Test (stable)	Run dtolnay/rust-toolchain@master	2025-12-02T13:30:35.4250639Z   components: 
Test (stable)	Run dtolnay/rust-toolchain@master	2025-12-02T13:30:35.4251106Z ##[endgroup]
Test (stable)	Run dtolnay/rust-toolchain@master	2025-12-02T13:30:35.4447819Z ##[group]Run : set $CARGO_HOME
Test (stable)	Run dtolnay/rust-toolchain@master	2025-12-02T13:30:35.4448973Z [36;1m: set $CARGO_HOME[0m
Test (stable)	Run dtolnay/rust-toolchain@master	2025-12-02T13:30:35.4450526Z [36;1mecho CARGO_HOME=${CARGO_HOME:-"$HOME/.cargo"} >> $GITHUB_ENV[0m
Test (stable)	Run dtolnay/rust-toolchain@master	2025-12-02T13:30:35.4499195Z shell: /usr/bin/bash --noprofile --norc -e -o pipefail {0}
Test (stable)	Run dtolnay/rust-toolchain@master	2025-12-02T13:30:35.4500835Z env:
Test (stable)	Run dtolnay/rust-toolchain@master	2025-12-02T13:30:35.4501625Z   CARGO_TERM_COLOR: always
Test (stable)	Run dtolnay/rust-toolchain@master	2025-12-02T13:30:35.4502651Z ##[endgroup]
Test (stable)	Run dtolnay/rust-toolchain@master	2025-12-02T13:30:35.4604383Z ##[group]Run : install rustup if needed
Test (stable)	Run dtolnay/rust-toolchain@master	2025-12-02T13:30:35.4605152Z [36;1m: install rustup if needed[0m
Test (stable)	Run dtolnay/rust-toolchain@master	2025-12-02T13:30:35.4606075Z [36;1mif ! command -v rustup &>/dev/null; then[0m
Test (stable)	Run dtolnay/rust-toolchain@master	2025-12-02T13:30:35.4608367Z [36;1m  curl --proto '=https' --tlsv1.2 --retry 10 --retry-connrefused --location --silent --show-error --fail https://sh.rustup.rs | sh -s -- --default-toolchain none -y[0m
Test (stable)	Run dtolnay/rust-toolchain@master	2025-12-02T13:30:35.4610422Z [36;1m  echo "$CARGO_HOME/bin" >> $GITHUB_PATH[0m
Test (stable)	Run dtolnay/rust-toolchain@master	2025-12-02T13:30:35.4611148Z [36;1mfi[0m
Test (stable)	Run dtolnay/rust-toolchain@master	2025-12-02T13:30:35.4641720Z shell: /usr/bin/bash --noprofile --norc -e -o pipefail {0}
Test (stable)	Run dtolnay/rust-toolchain@master	2025-12-02T13:30:35.4642588Z env:
Test (stable)	Run dtolnay/rust-toolchain@master	2025-12-02T13:30:35.4643011Z   CARGO_TERM_COLOR: always
Test (stable)	Run dtolnay/rust-toolchain@master	2025-12-02T13:30:35.4643607Z   CARGO_HOME: /home/runner/.cargo
Test (stable)	Run dtolnay/rust-toolchain@master	2025-12-02T13:30:35.4644228Z ##[endgroup]
Test (stable)	Run dtolnay/rust-toolchain@master	2025-12-02T13:30:35.4743786Z ##[group]Run rustup toolchain install stable --profile minimal --no-self-update
Test (stable)	Run dtolnay/rust-toolchain@master	2025-12-02T13:30:35.4745318Z [36;1mrustup toolchain install stable --profile minimal --no-self-update[0m
Test (stable)	Run dtolnay/rust-toolchain@master	2025-12-02T13:30:35.4776046Z shell: /usr/bin/bash --noprofile --norc -e -o pipefail {0}
Test (stable)	Run dtolnay/rust-toolchain@master	2025-12-02T13:30:35.4777242Z env:
Test (stable)	Run dtolnay/rust-toolchain@master	2025-12-02T13:30:35.4777681Z   CARGO_TERM_COLOR: always
Test (stable)	Run dtolnay/rust-toolchain@master	2025-12-02T13:30:35.4778275Z   CARGO_HOME: /home/runner/.cargo
Test (stable)	Run dtolnay/rust-toolchain@master	2025-12-02T13:30:35.4778955Z ##[endgroup]
Test (stable)	Run dtolnay/rust-toolchain@master	2025-12-02T13:30:35.8260328Z info: syncing channel updates for 'stable-x86_64-unknown-linux-gnu'
Test (stable)	Run dtolnay/rust-toolchain@master	2025-12-02T13:30:35.9028704Z 
Test (stable)	Run dtolnay/rust-toolchain@master	2025-12-02T13:30:35.9121364Z   stable-x86_64-unknown-linux-gnu unchanged - rustc 1.91.1 (ed61e7d7e 2025-11-07)
Test (stable)	Run dtolnay/rust-toolchain@master	2025-12-02T13:30:35.9122983Z 
Test (stable)	Run dtolnay/rust-toolchain@master	2025-12-02T13:30:35.9199772Z ##[group]Run rustup default stable
Test (stable)	Run dtolnay/rust-toolchain@master	2025-12-02T13:30:35.9200948Z [36;1mrustup default stable[0m
Test (stable)	Run dtolnay/rust-toolchain@master	2025-12-02T13:30:35.9236549Z shell: /usr/bin/bash --noprofile --norc -e -o pipefail {0}
Test (stable)	Run dtolnay/rust-toolchain@master	2025-12-02T13:30:35.9238427Z env:
Test (stable)	Run dtolnay/rust-toolchain@master	2025-12-02T13:30:35.9239310Z   CARGO_TERM_COLOR: always
Test (stable)	Run dtolnay/rust-toolchain@master	2025-12-02T13:30:35.9240378Z   CARGO_HOME: /home/runner/.cargo
Test (stable)	Run dtolnay/rust-toolchain@master	2025-12-02T13:30:35.9241473Z ##[endgroup]
Test (stable)	Run dtolnay/rust-toolchain@master	2025-12-02T13:30:35.9358079Z info: using existing install for 'stable-x86_64-unknown-linux-gnu'
Test (stable)	Run dtolnay/rust-toolchain@master	2025-12-02T13:30:35.9747716Z info: default toolchain set to 'stable-x86_64-unknown-linux-gnu'
Test (stable)	Run dtolnay/rust-toolchain@master	2025-12-02T13:30:35.9749496Z 
Test (stable)	Run dtolnay/rust-toolchain@master	2025-12-02T13:30:35.9837553Z   stable-x86_64-unknown-linux-gnu unchanged - rustc 1.91.1 (ed61e7d7e 2025-11-07)
Test (stable)	Run dtolnay/rust-toolchain@master	2025-12-02T13:30:35.9839707Z 
Test (stable)	Run dtolnay/rust-toolchain@master	2025-12-02T13:30:35.9911308Z ##[group]Run : create cachekey
Test (stable)	Run dtolnay/rust-toolchain@master	2025-12-02T13:30:35.9912356Z [36;1m: create cachekey[0m
Test (stable)	Run dtolnay/rust-toolchain@master	2025-12-02T13:30:35.9914203Z [36;1mDATE=$(rustc +stable --version --verbose | sed -ne 's/^commit-date: \(20[0-9][0-9]\)-\([01][0-9]\)-\([0-3][0-9]\)$/\1\2\3/p')[0m
Test (stable)	Run dtolnay/rust-toolchain@master	2025-12-02T13:30:35.9917131Z [36;1mHASH=$(rustc +stable --version --verbose | sed -ne 's/^commit-hash: //p')[0m
Test (stable)	Run dtolnay/rust-toolchain@master	2025-12-02T13:30:35.9919241Z [36;1mecho "cachekey=$(echo $DATE$HASH | head -c12)" >> $GITHUB_OUTPUT[0m
Test (stable)	Run dtolnay/rust-toolchain@master	2025-12-02T13:30:35.9956791Z shell: /usr/bin/bash --noprofile --norc -e -o pipefail {0}
Test (stable)	Run dtolnay/rust-toolchain@master	2025-12-02T13:30:35.9958185Z env:
Test (stable)	Run dtolnay/rust-toolchain@master	2025-12-02T13:30:35.9958988Z   CARGO_TERM_COLOR: always
Test (stable)	Run dtolnay/rust-toolchain@master	2025-12-02T13:30:35.9959983Z   CARGO_HOME: /home/runner/.cargo
Test (stable)	Run dtolnay/rust-toolchain@master	2025-12-02T13:30:35.9961006Z ##[endgroup]
Test (stable)	Run dtolnay/rust-toolchain@master	2025-12-02T13:30:36.1248418Z ##[group]Run : disable incremental compilation
Test (stable)	Run dtolnay/rust-toolchain@master	2025-12-02T13:30:36.1249695Z [36;1m: disable incremental compilation[0m
Test (stable)	Run dtolnay/rust-toolchain@master	2025-12-02T13:30:36.1250912Z [36;1mif [ -z "${CARGO_INCREMENTAL+set}" ]; then[0m
Test (stable)	Run dtolnay/rust-toolchain@master	2025-12-02T13:30:36.1252157Z [36;1m  echo CARGO_INCREMENTAL=0 >> $GITHUB_ENV[0m
Test (stable)	Run dtolnay/rust-toolchain@master	2025-12-02T13:30:36.1253255Z [36;1mfi[0m
Test (stable)	Run dtolnay/rust-toolchain@master	2025-12-02T13:30:36.1288769Z shell: /usr/bin/bash --noprofile --norc -e -o pipefail {0}
Test (stable)	Run dtolnay/rust-toolchain@master	2025-12-02T13:30:36.1290046Z env:
Test (stable)	Run dtolnay/rust-toolchain@master	2025-12-02T13:30:36.1290763Z   CARGO_TERM_COLOR: always
Test (stable)	Run dtolnay/rust-toolchain@master	2025-12-02T13:30:36.1291700Z   CARGO_HOME: /home/runner/.cargo
Test (stable)	Run dtolnay/rust-toolchain@master	2025-12-02T13:30:36.1292656Z ##[endgroup]
Test (stable)	Run dtolnay/rust-toolchain@master	2025-12-02T13:30:36.1399921Z ##[group]Run : enable colors in Cargo output
Test (stable)	Run dtolnay/rust-toolchain@master	2025-12-02T13:30:36.1401081Z [36;1m: enable colors in Cargo output[0m
Test (stable)	Run dtolnay/rust-toolchain@master	2025-12-02T13:30:36.1402250Z [36;1mif [ -z "${CARGO_TERM_COLOR+set}" ]; then[0m
Test (stable)	Run dtolnay/rust-toolchain@master	2025-12-02T13:30:36.1403519Z [36;1m  echo CARGO_TERM_COLOR=always >> $GITHUB_ENV[0m
Test (stable)	Run dtolnay/rust-toolchain@master	2025-12-02T13:30:36.1404647Z [36;1mfi[0m
Test (stable)	Run dtolnay/rust-toolchain@master	2025-12-02T13:30:36.1438583Z shell: /usr/bin/bash --noprofile --norc -e -o pipefail {0}
Test (stable)	Run dtolnay/rust-toolchain@master	2025-12-02T13:30:36.1440022Z env:
Test (stable)	Run dtolnay/rust-toolchain@master	2025-12-02T13:30:36.1440754Z   CARGO_TERM_COLOR: always
Test (stable)	Run dtolnay/rust-toolchain@master	2025-12-02T13:30:36.1441685Z   CARGO_HOME: /home/runner/.cargo
Test (stable)	Run dtolnay/rust-toolchain@master	2025-12-02T13:30:36.1442660Z   CARGO_INCREMENTAL: 0
Test (stable)	Run dtolnay/rust-toolchain@master	2025-12-02T13:30:36.1443477Z ##[endgroup]
Test (stable)	Run dtolnay/rust-toolchain@master	2025-12-02T13:30:36.1551306Z ##[group]Run : enable Cargo sparse registry
Test (stable)	Run dtolnay/rust-toolchain@master	2025-12-02T13:30:36.1552456Z [36;1m: enable Cargo sparse registry[0m
Test (stable)	Run dtolnay/rust-toolchain@master	2025-12-02T13:30:36.1553981Z [36;1m# implemented in 1.66, stabilized in 1.68, made default in 1.70[0m
Test (stable)	Run dtolnay/rust-toolchain@master	2025-12-02T13:30:36.1556443Z [36;1mif [ -z "${CARGO_REGISTRIES_CRATES_IO_PROTOCOL+set}" -o -f "/home/runner/work/_temp"/.implicit_cargo_registries_crates_io_protocol ]; then[0m
Test (stable)	Run dtolnay/rust-toolchain@master	2025-12-02T13:30:36.1559457Z [36;1m  if rustc +stable --version --verbose | grep -q '^release: 1\.6[89]\.'; then[0m
Test (stable)	Run dtolnay/rust-toolchain@master	2025-12-02T13:30:36.1561524Z [36;1m    touch "/home/runner/work/_temp"/.implicit_cargo_registries_crates_io_protocol || true[0m
Test (stable)	Run dtolnay/rust-toolchain@master	2025-12-02T13:30:36.1563489Z [36;1m    echo CARGO_REGISTRIES_CRATES_IO_PROTOCOL=sparse >> $GITHUB_ENV[0m
Test (stable)	Run dtolnay/rust-toolchain@master	2025-12-02T13:30:36.1565317Z [36;1m  elif rustc +stable --version --verbose | grep -q '^release: 1\.6[67]\.'; then[0m
Test (stable)	Run dtolnay/rust-toolchain@master	2025-12-02T13:30:36.1567484Z [36;1m    touch "/home/runner/work/_temp"/.implicit_cargo_registries_crates_io_protocol || true[0m
Test (stable)	Run dtolnay/rust-toolchain@master	2025-12-02T13:30:36.1569377Z [36;1m    echo CARGO_REGISTRIES_CRATES_IO_PROTOCOL=git >> $GITHUB_ENV[0m
Test (stable)	Run dtolnay/rust-toolchain@master	2025-12-02T13:30:36.1570678Z [36;1m  fi[0m
Test (stable)	Run dtolnay/rust-toolchain@master	2025-12-02T13:30:36.1571402Z [36;1mfi[0m
Test (stable)	Run dtolnay/rust-toolchain@master	2025-12-02T13:30:36.1605102Z shell: /usr/bin/bash --noprofile --norc -e -o pipefail {0}
Test (stable)	Run dtolnay/rust-toolchain@master	2025-12-02T13:30:36.1606332Z env:
Test (stable)	Run dtolnay/rust-toolchain@master	2025-12-02T13:30:36.1607269Z   CARGO_TERM_COLOR: always
Test (stable)	Run dtolnay/rust-toolchain@master	2025-12-02T13:30:36.1608187Z   CARGO_HOME: /home/runner/.cargo
Test (stable)	Run dtolnay/rust-toolchain@master	2025-12-02T13:30:36.1609147Z   CARGO_INCREMENTAL: 0
Test (stable)	Run dtolnay/rust-toolchain@master	2025-12-02T13:30:36.1609969Z ##[endgroup]
Test (stable)	Run dtolnay/rust-toolchain@master	2025-12-02T13:30:36.2012283Z ##[group]Run : work around spurious network errors in curl 8.0
Test (stable)	Run dtolnay/rust-toolchain@master	2025-12-02T13:30:36.2013760Z [36;1m: work around spurious network errors in curl 8.0[0m
Test (stable)	Run dtolnay/rust-toolchain@master	2025-12-02T13:30:36.2015663Z [36;1m# https://rust-lang.zulipchat.com/#narrow/stream/246057-t-cargo/topic/timeout.20investigation[0m
Test (stable)	Run dtolnay/rust-toolchain@master	2025-12-02T13:30:36.2018090Z [36;1mif rustc +stable --version --verbose | grep -q '^release: 1\.7[01]\.'; then[0m
Test (stable)	Run dtolnay/rust-toolchain@master	2025-12-02T13:30:36.2019760Z [36;1m  echo CARGO_HTTP_MULTIPLEXING=false >> $GITHUB_ENV[0m
Test (stable)	Run dtolnay/rust-toolchain@master	2025-12-02T13:30:36.2020932Z [36;1mfi[0m
Test (stable)	Run dtolnay/rust-toolchain@master	2025-12-02T13:30:36.2058664Z shell: /usr/bin/bash --noprofile --norc -e -o pipefail {0}
Test (stable)	Run dtolnay/rust-toolchain@master	2025-12-02T13:30:36.2059893Z env:
Test (stable)	Run dtolnay/rust-toolchain@master	2025-12-02T13:30:36.2060616Z   CARGO_TERM_COLOR: always
Test (stable)	Run dtolnay/rust-toolchain@master	2025-12-02T13:30:36.2061526Z   CARGO_HOME: /home/runner/.cargo
Test (stable)	Run dtolnay/rust-toolchain@master	2025-12-02T13:30:36.2062488Z   CARGO_INCREMENTAL: 0
Test (stable)	Run dtolnay/rust-toolchain@master	2025-12-02T13:30:36.2063285Z ##[endgroup]
Test (stable)	Run dtolnay/rust-toolchain@master	2025-12-02T13:30:36.2320350Z ##[group]Run rustc +stable --version --verbose
Test (stable)	Run dtolnay/rust-toolchain@master	2025-12-02T13:30:36.2321561Z [36;1mrustc +stable --version --verbose[0m
Test (stable)	Run dtolnay/rust-toolchain@master	2025-12-02T13:30:36.2358490Z shell: /usr/bin/bash --noprofile --norc -e -o pipefail {0}
Test (stable)	Run dtolnay/rust-toolchain@master	2025-12-02T13:30:36.2359713Z env:
Test (stable)	Run dtolnay/rust-toolchain@master	2025-12-02T13:30:36.2360437Z   CARGO_TERM_COLOR: always
Test (stable)	Run dtolnay/rust-toolchain@master	2025-12-02T13:30:36.2361358Z   CARGO_HOME: /home/runner/.cargo
Test (stable)	Run dtolnay/rust-toolchain@master	2025-12-02T13:30:36.2362329Z   CARGO_INCREMENTAL: 0
Test (stable)	Run dtolnay/rust-toolchain@master	2025-12-02T13:30:36.2363139Z ##[endgroup]
Test (stable)	Run dtolnay/rust-toolchain@master	2025-12-02T13:30:36.2547268Z rustc 1.91.1 (ed61e7d7e 2025-11-07)
Test (stable)	Run dtolnay/rust-toolchain@master	2025-12-02T13:30:36.2548727Z binary: rustc
Test (stable)	Run dtolnay/rust-toolchain@master	2025-12-02T13:30:36.2550252Z commit-hash: ed61e7d7e242494fb7057f2657300d9e77bb4fcb
Test (stable)	Run dtolnay/rust-toolchain@master	2025-12-02T13:30:36.2551714Z commit-date: 2025-11-07
Test (stable)	Run dtolnay/rust-toolchain@master	2025-12-02T13:30:36.2552601Z host: x86_64-unknown-linux-gnu
Test (stable)	Run dtolnay/rust-toolchain@master	2025-12-02T13:30:36.2553581Z release: 1.91.1
Test (stable)	Run dtolnay/rust-toolchain@master	2025-12-02T13:30:36.2554399Z LLVM version: 21.1.2
Test (stable)	Run tests for all workspace crates	﻿2025-12-02T13:30:36.2663362Z ##[group]Run cargo test --workspace --all-features
Test (stable)	Run tests for all workspace crates	2025-12-02T13:30:36.2664903Z [36;1mcargo test --workspace --all-features[0m
Test (stable)	Run tests for all workspace crates	2025-12-02T13:30:36.2703527Z shell: /usr/bin/bash -e {0}
Test (stable)	Run tests for all workspace crates	2025-12-02T13:30:36.2724861Z env:
Test (stable)	Run tests for all workspace crates	2025-12-02T13:30:36.2725754Z   CARGO_TERM_COLOR: always
Test (stable)	Run tests for all workspace crates	2025-12-02T13:30:36.2727136Z   CARGO_HOME: /home/runner/.cargo
Test (stable)	Run tests for all workspace crates	2025-12-02T13:30:36.2728292Z   CARGO_INCREMENTAL: 0
Test (stable)	Run tests for all workspace crates	2025-12-02T13:30:36.2729279Z ##[endgroup]
Test (stable)	Run tests for all workspace crates	2025-12-02T13:30:37.2865899Z [1m[92m    Updating[0m crates.io index
Test (stable)	Run tests for all workspace crates	2025-12-02T13:30:37.7070690Z [1m[92m Downloading[0m crates ...
Test (stable)	Run tests for all workspace crates	2025-12-02T13:30:37.7659588Z [1m[92m  Downloaded[0m bit-vec v0.8.0
Test (stable)	Run tests for all workspace crates	2025-12-02T13:30:37.7840635Z [1m[92m  Downloaded[0m autocfg v1.5.0
Test (stable)	Run tests for all workspace crates	2025-12-02T13:30:37.7880965Z [1m[92m  Downloaded[0m ciborium-io v0.2.2
Test (stable)	Run tests for all workspace crates	2025-12-02T13:30:37.7901705Z [1m[92m  Downloaded[0m is-terminal v0.4.17
Test (stable)	Run tests for all workspace crates	2025-12-02T13:30:37.7935280Z [1m[92m  Downloaded[0m plotters-svg v0.3.7
Test (stable)	Run tests for all workspace crates	2025-12-02T13:30:37.7949824Z [1m[92m  Downloaded[0m rand_chacha v0.9.0
Test (stable)	Run tests for all workspace crates	2025-12-02T13:30:37.7968390Z [1m[92m  Downloaded[0m wait-timeout v0.2.1
Test (stable)	Run tests for all workspace crates	2025-12-02T13:30:37.7990000Z [1m[92m  Downloaded[0m thiserror v2.0.16
Test (stable)	Run tests for all workspace crates	2025-12-02T13:30:37.8062514Z [1m[92m  Downloaded[0m walkdir v2.5.0
Test (stable)	Run tests for all workspace crates	2025-12-02T13:30:37.8088581Z [1m[92m  Downloaded[0m serde_derive v1.0.228
Test (stable)	Run tests for all workspace crates	2025-12-02T13:30:37.8124557Z [1m[92m  Downloaded[0m serde_core v1.0.228
Test (stable)	Run tests for all workspace crates	2025-12-02T13:30:37.8154577Z [1m[92m  Downloaded[0m zerocopy-derive v0.8.31
Test (stable)	Run tests for all workspace crates	2025-12-02T13:30:37.8271468Z [1m[92m  Downloaded[0m rand v0.9.2
Test (stable)	Run tests for all workspace crates	2025-12-02T13:30:37.8313169Z [1m[92m  Downloaded[0m itertools v0.10.5
Test (stable)	Run tests for all workspace crates	2025-12-02T13:30:37.8379250Z [1m[92m  Downloaded[0m serde_json v1.0.145
Test (stable)	Run tests for all workspace crates	2025-12-02T13:30:37.8452444Z [1m[92m  Downloaded[0m plotters v0.3.7
Test (stable)	Run tests for all workspace crates	2025-12-02T13:30:37.8545477Z [1m[92m  Downloaded[0m regex v1.12.2
Test (stable)	Run tests for all workspace crates	2025-12-02T13:30:37.8644601Z [1m[92m  Downloaded[0m rayon v1.11.0
Test (stable)	Run tests for all workspace crates	2025-12-02T13:30:37.8739439Z [1m[92m  Downloaded[0m proptest v1.9.0
Test (stable)	Run tests for all workspace crates	2025-12-02T13:30:37.8835157Z [1m[92m  Downloaded[0m clap_builder v4.5.53
Test (stable)	Run tests for all workspace crates	2025-12-02T13:30:37.8952477Z [1m[92m  Downloaded[0m zerocopy v0.8.31
Test (stable)	Run tests for all workspace crates	2025-12-02T13:30:37.9207592Z [1m[92m  Downloaded[0m aho-corasick v1.1.4
Test (stable)	Run tests for all workspace crates	2025-12-02T13:30:37.9259668Z [1m[92m  Downloaded[0m syn v2.0.106
Test (stable)	Run tests for all workspace crates	2025-12-02T13:30:37.9364313Z [1m[92m  Downloaded[0m criterion v0.5.1
Test (stable)	Run tests for all workspace crates	2025-12-02T13:30:37.9436053Z [1m[92m  Downloaded[0m regex-syntax v0.8.8
Test (stable)	Run tests for all workspace crates	2025-12-02T13:30:37.9504121Z [1m[92m  Downloaded[0m rayon-core v1.13.0
Test (stable)	Run tests for all workspace crates	2025-12-02T13:30:37.9541832Z [1m[92m  Downloaded[0m memchr v2.7.6
Test (stable)	Run tests for all workspace crates	2025-12-02T13:30:37.9595520Z [1m[92m  Downloaded[0m serde v1.0.228
Test (stable)	Run tests for all workspace crates	2025-12-02T13:30:37.9631366Z [1m[92m  Downloaded[0m half v2.7.1
Test (stable)	Run tests for all workspace crates	2025-12-02T13:30:37.9658679Z [1m[92m  Downloaded[0m clap v4.5.53
Test (stable)	Run tests for all workspace crates	2025-12-02T13:30:37.9752066Z [1m[92m  Downloaded[0m rustix v1.1.2
Test (stable)	Run tests for all workspace crates	2025-12-02T13:30:38.0020288Z [1m[92m  Downloaded[0m bytemuck v1.23.2
Test (stable)	Run tests for all workspace crates	2025-12-02T13:30:38.0051650Z [1m[92m  Downloaded[0m ryu v1.0.20
Test (stable)	Run tests for all workspace crates	2025-12-02T13:30:38.0083118Z [1m[92m  Downloaded[0m proc-macro2 v1.0.101
Test (stable)	Run tests for all workspace crates	2025-12-02T13:30:38.0146557Z [1m[92m  Downloaded[0m num-traits v0.2.19
Test (stable)	Run tests for all workspace crates	2025-12-02T13:30:38.0172403Z [1m[92m  Downloaded[0m getrandom v0.3.3
Test (stable)	Run tests for all workspace crates	2025-12-02T13:30:38.0205020Z [1m[92m  Downloaded[0m crossbeam-utils v0.8.21
Test (stable)	Run tests for all workspace crates	2025-12-02T13:30:38.0231128Z [1m[92m  Downloaded[0m crossbeam-epoch v0.9.18
Test (stable)	Run tests for all workspace crates	2025-12-02T13:30:38.0255135Z [1m[92m  Downloaded[0m unicode-ident v1.0.19
Test (stable)	Run tests for all workspace crates	2025-12-02T13:30:38.0303913Z [1m[92m  Downloaded[0m tinytemplate v1.2.1
Test (stable)	Run tests for all workspace crates	2025-12-02T13:30:38.0320941Z [1m[92m  Downloaded[0m regex-automata v0.4.13
Test (stable)	Run tests for all workspace crates	2025-12-02T13:30:38.0469230Z [1m[92m  Downloaded[0m tempfile v3.22.0
Test (stable)	Run tests for all workspace crates	2025-12-02T13:30:38.0497331Z [1m[92m  Downloaded[0m bytemuck_derive v1.10.2
Test (stable)	Run tests for all workspace crates	2025-12-02T13:30:38.0510148Z [1m[92m  Downloaded[0m rand_core v0.9.3
Test (stable)	Run tests for all workspace crates	2025-12-02T13:30:38.0522739Z [1m[92m  Downloaded[0m quote v1.0.40
Test (stable)	Run tests for all workspace crates	2025-12-02T13:30:38.0548661Z [1m[92m  Downloaded[0m quick-error v1.2.3
Test (stable)	Run tests for all workspace crates	2025-12-02T13:30:38.0560671Z [1m[92m  Downloaded[0m once_cell v1.21.3
Test (stable)	Run tests for all workspace crates	2025-12-02T13:30:38.0585085Z [1m[92m  Downloaded[0m memmap2 v0.9.8
Test (stable)	Run tests for all workspace crates	2025-12-02T13:30:38.0601713Z [1m[92m  Downloaded[0m libc v0.2.175
Test (stable)	Run tests for all workspace crates	2025-12-02T13:30:38.0869837Z [1m[92m  Downloaded[0m fastrand v2.3.0
Test (stable)	Run tests for all workspace crates	2025-12-02T13:30:38.0882389Z [1m[92m  Downloaded[0m crossbeam-deque v0.8.6
Test (stable)	Run tests for all workspace crates	2025-12-02T13:30:38.0895868Z [1m[92m  Downloaded[0m ciborium v0.2.2
Test (stable)	Run tests for all workspace crates	2025-12-02T13:30:38.0918857Z [1m[92m  Downloaded[0m cfg-if v1.0.3
Test (stable)	Run tests for all workspace crates	2025-12-02T13:30:38.0931519Z [1m[92m  Downloaded[0m bitflags v2.9.4
Test (stable)	Run tests for all workspace crates	2025-12-02T13:30:38.0971843Z [1m[92m  Downloaded[0m unarray v0.1.4
Test (stable)	Run tests for all workspace crates	2025-12-02T13:30:38.0983720Z [1m[92m  Downloaded[0m thiserror-impl v2.0.16
Test (stable)	Run tests for all workspace crates	2025-12-02T13:30:38.1001250Z [1m[92m  Downloaded[0m same-file v1.0.6
Test (stable)	Run tests for all workspace crates	2025-12-02T13:30:38.1014172Z [1m[92m  Downloaded[0m rusty-fork v0.3.1
Test (stable)	Run tests for all workspace crates	2025-12-02T13:30:38.1028457Z [1m[92m  Downloaded[0m rand_xorshift v0.4.0
Test (stable)	Run tests for all workspace crates	2025-12-02T13:30:38.1038523Z [1m[92m  Downloaded[0m plotters-backend v0.3.7
Test (stable)	Run tests for all workspace crates	2025-12-02T13:30:38.1050214Z [1m[92m  Downloaded[0m itoa v1.0.15
Test (stable)	Run tests for all workspace crates	2025-12-02T13:30:38.1063428Z [1m[92m  Downloaded[0m fnv v1.0.7
Test (stable)	Run tests for all workspace crates	2025-12-02T13:30:38.1071931Z [1m[92m  Downloaded[0m cast v0.3.0
Test (stable)	Run tests for all workspace crates	2025-12-02T13:30:38.1082820Z [1m[92m  Downloaded[0m anstyle v1.0.13
Test (stable)	Run tests for all workspace crates	2025-12-02T13:30:38.1096409Z [1m[92m  Downloaded[0m anes v0.1.6
Test (stable)	Run tests for all workspace crates	2025-12-02T13:30:38.1124436Z [1m[92m  Downloaded[0m ppv-lite86 v0.2.21
Test (stable)	Run tests for all workspace crates	2025-12-02T13:30:38.1137116Z [1m[92m  Downloaded[0m oorandom v11.1.5
Test (stable)	Run tests for all workspace crates	2025-12-02T13:30:38.1146046Z [1m[92m  Downloaded[0m errno v0.3.14
Test (stable)	Run tests for all workspace crates	2025-12-02T13:30:38.1160477Z [1m[92m  Downloaded[0m either v1.15.0
Test (stable)	Run tests for all workspace crates	2025-12-02T13:30:38.1174284Z [1m[92m  Downloaded[0m criterion-plot v0.5.0
Test (stable)	Run tests for all workspace crates	2025-12-02T13:30:38.1190935Z [1m[92m  Downloaded[0m clap_lex v0.7.6
Test (stable)	Run tests for all workspace crates	2025-12-02T13:30:38.1201334Z [1m[92m  Downloaded[0m ciborium-ll v0.2.2
Test (stable)	Run tests for all workspace crates	2025-12-02T13:30:38.1211737Z [1m[92m  Downloaded[0m bit-set v0.8.0
Test (stable)	Run tests for all workspace crates	2025-12-02T13:30:38.1242016Z [1m[92m  Downloaded[0m linux-raw-sys v0.11.0
Test (stable)	Run tests for all workspace crates	2025-12-02T13:30:38.2296101Z [1m[92m   Compiling[0m proc-macro2 v1.0.101
Test (stable)	Run tests for all workspace crates	2025-12-02T13:30:38.2297311Z [1m[92m   Compiling[0m unicode-ident v1.0.19
Test (stable)	Run tests for all workspace crates	2025-12-02T13:30:38.2298249Z [1m[92m   Compiling[0m libc v0.2.175
Test (stable)	Run tests for all workspace crates	2025-12-02T13:30:38.2298883Z [1m[92m   Compiling[0m cfg-if v1.0.3
Test (stable)	Run tests for all workspace crates	2025-12-02T13:30:39.5549429Z [1m[92m   Compiling[0m getrandom v0.3.3
Test (stable)	Run tests for all workspace crates	2025-12-02T13:30:40.3956128Z [1m[92m   Compiling[0m zerocopy v0.8.31
Test (stable)	Run tests for all workspace crates	2025-12-02T13:30:42.1128679Z [1m[92m   Compiling[0m rustix v1.1.2
Test (stable)	Run tests for all workspace crates	2025-12-02T13:30:42.1248128Z [1m[92m   Compiling[0m autocfg v1.5.0
Test (stable)	Run tests for all workspace crates	2025-12-02T13:30:42.4205198Z [1m[92m   Compiling[0m linux-raw-sys v0.11.0
Test (stable)	Run tests for all workspace crates	2025-12-02T13:30:42.8277166Z [1m[92m   Compiling[0m once_cell v1.21.3
Test (stable)	Run tests for all workspace crates	2025-12-02T13:30:42.8499840Z [1m[92m   Compiling[0m num-traits v0.2.19
Test (stable)	Run tests for all workspace crates	2025-12-02T13:30:42.9308433Z [1m[92m   Compiling[0m bitflags v2.9.4
Test (stable)	Run tests for all workspace crates	2025-12-02T13:30:42.9869543Z [1m[92m   Compiling[0m quote v1.0.40
Test (stable)	Run tests for all workspace crates	2025-12-02T13:30:42.9906297Z [1m[92m   Compiling[0m rand_core v0.9.3
Test (stable)	Run tests for all workspace crates	2025-12-02T13:30:43.1594755Z [1m[92m   Compiling[0m syn v2.0.106
Test (stable)	Run tests for all workspace crates	2025-12-02T13:30:43.2007763Z [1m[92m   Compiling[0m regex-syntax v0.8.8
Test (stable)	Run tests for all workspace crates	2025-12-02T13:30:43.2720985Z [1m[92m   Compiling[0m fastrand v2.3.0
Test (stable)	Run tests for all workspace crates	2025-12-02T13:30:44.1298009Z [1m[92m   Compiling[0m wait-timeout v0.2.1
Test (stable)	Run tests for all workspace crates	2025-12-02T13:30:44.4106037Z [1m[92m   Compiling[0m bit-vec v0.8.0
Test (stable)	Run tests for all workspace crates	2025-12-02T13:30:44.5803721Z [1m[92m   Compiling[0m tempfile v3.22.0
Test (stable)	Run tests for all workspace crates	2025-12-02T13:30:45.0300644Z [1m[92m   Compiling[0m fnv v1.0.7
Test (stable)	Run tests for all workspace crates	2025-12-02T13:30:45.0341489Z [1m[92m   Compiling[0m quick-error v1.2.3
Test (stable)	Run tests for all workspace crates	2025-12-02T13:30:45.0707905Z [1m[92m   Compiling[0m rusty-fork v0.3.1
Test (stable)	Run tests for all workspace crates	2025-12-02T13:30:45.0766863Z [1m[92m   Compiling[0m bit-set v0.8.0
Test (stable)	Run tests for all workspace crates	2025-12-02T13:30:45.1583724Z [1m[92m   Compiling[0m rand_xorshift v0.4.0
Test (stable)	Run tests for all workspace crates	2025-12-02T13:30:45.2356524Z [1m[92m   Compiling[0m rand v0.9.2
Test (stable)	Run tests for all workspace crates	2025-12-02T13:30:45.5511247Z [1m[92m   Compiling[0m unarray v0.1.4
Test (stable)	Run tests for all workspace crates	2025-12-02T13:30:45.6048510Z [1m[92m   Compiling[0m serde_core v1.0.228
Test (stable)	Run tests for all workspace crates	2025-12-02T13:30:45.7561202Z [1m[92m   Compiling[0m crossbeam-utils v0.8.21
Test (stable)	Run tests for all workspace crates	2025-12-02T13:30:45.7971975Z [1m[92m   Compiling[0m thiserror v2.0.16
Test (stable)	Run tests for all workspace crates	2025-12-02T13:30:46.1196034Z [1m[92m   Compiling[0m serde v1.0.228
Test (stable)	Run tests for all workspace crates	2025-12-02T13:30:46.3011037Z [1m[92m   Compiling[0m crossbeam-epoch v0.9.18
Test (stable)	Run tests for all workspace crates	2025-12-02T13:30:46.3532325Z [1m[92m   Compiling[0m memmap2 v0.9.8
Test (stable)	Run tests for all workspace crates	2025-12-02T13:30:46.5207793Z [1m[92m   Compiling[0m serde_json v1.0.145
Test (stable)	Run tests for all workspace crates	2025-12-02T13:30:46.5739390Z [1m[92m   Compiling[0m rayon-core v1.13.0
Test (stable)	Run tests for all workspace crates	2025-12-02T13:30:46.6166053Z [1m[92m   Compiling[0m either v1.15.0
Test (stable)	Run tests for all workspace crates	2025-12-02T13:30:46.6717334Z [1m[92m   Compiling[0m crossbeam-deque v0.8.6
Test (stable)	Run tests for all workspace crates	2025-12-02T13:30:46.7852219Z [1m[92m   Compiling[0m ryu v1.0.20
Test (stable)	Run tests for all workspace crates	2025-12-02T13:30:46.7980600Z [1m[92m   Compiling[0m memchr v2.7.6
Test (stable)	Run tests for all workspace crates	2025-12-02T13:30:46.8442130Z [1m[92m   Compiling[0m zerocopy-derive v0.8.31
Test (stable)	Run tests for all workspace crates	2025-12-02T13:30:46.9093457Z [1m[92m   Compiling[0m bytemuck_derive v1.10.2
Test (stable)	Run tests for all workspace crates	2025-12-02T13:30:47.6174106Z [1m[92m   Compiling[0m thiserror-impl v2.0.16
Test (stable)	Run tests for all workspace crates	2025-12-02T13:30:48.0621393Z [1m[92m   Compiling[0m bytemuck v1.23.2
Test (stable)	Run tests for all workspace crates	2025-12-02T13:30:48.1979276Z [1m[92m   Compiling[0m serde_derive v1.0.228
Test (stable)	Run tests for all workspace crates	2025-12-02T13:30:48.3327971Z [1m[92m   Compiling[0m itoa v1.0.15
Test (stable)	Run tests for all workspace crates	2025-12-02T13:30:48.4066166Z [1m[92m   Compiling[0m plotters-backend v0.3.7
Test (stable)	Run tests for all workspace crates	2025-12-02T13:30:48.7010626Z [1m[92m   Compiling[0m clap_lex v0.7.6
Test (stable)	Run tests for all workspace crates	2025-12-02T13:30:48.7115324Z [1m[92m   Compiling[0m ciborium-io v0.2.2
Test (stable)	Run tests for all workspace crates	2025-12-02T13:30:48.7479879Z [1m[92m   Compiling[0m anstyle v1.0.13
Test (stable)	Run tests for all workspace crates	2025-12-02T13:30:48.8712088Z [1m[92m   Compiling[0m mem v0.1.0 (/home/runner/work/dunes/dunes/crates/mem)
Test (stable)	Run tests for all workspace crates	2025-12-02T13:30:48.9298807Z [1m[92m   Compiling[0m clap_builder v4.5.53
Test (stable)	Run tests for all workspace crates	2025-12-02T13:30:49.0232323Z [1m[92m   Compiling[0m plotters-svg v0.3.7
Test (stable)	Run tests for all workspace crates	2025-12-02T13:30:49.8447323Z [1m[92m   Compiling[0m ppv-lite86 v0.2.21
Test (stable)	Run tests for all workspace crates	2025-12-02T13:30:50.2928145Z [1m[92m   Compiling[0m rand_chacha v0.9.0
Test (stable)	Run tests for all workspace crates	2025-12-02T13:30:50.4862973Z [1m[92m   Compiling[0m proptest v1.9.0
Test (stable)	Run tests for all workspace crates	2025-12-02T13:30:50.5428139Z [1m[92m   Compiling[0m half v2.7.1
Test (stable)	Run tests for all workspace crates	2025-12-02T13:30:50.8839661Z [1m[92m   Compiling[0m ciborium-ll v0.2.2
Test (stable)	Run tests for all workspace crates	2025-12-02T13:30:51.6206642Z [1m[92m   Compiling[0m itertools v0.10.5
Test (stable)	Run tests for all workspace crates	2025-12-02T13:30:51.8044839Z [1m[92m   Compiling[0m regex-automata v0.4.13
Test (stable)	Run tests for all workspace crates	2025-12-02T13:30:52.1184605Z [1m[92m   Compiling[0m cast v0.3.0
Test (stable)	Run tests for all workspace crates	2025-12-02T13:30:52.2732640Z [1m[92m   Compiling[0m same-file v1.0.6
Test (stable)	Run tests for all workspace crates	2025-12-02T13:30:52.3664949Z [1m[92m   Compiling[0m walkdir v2.5.0
Test (stable)	Run tests for all workspace crates	2025-12-02T13:30:52.6966485Z [1m[92m   Compiling[0m tinytemplate v1.2.1
Test (stable)	Run tests for all workspace crates	2025-12-02T13:30:52.9043123Z [1m[92m   Compiling[0m criterion-plot v0.5.0
Test (stable)	Run tests for all workspace crates	2025-12-02T13:30:53.1548780Z [1m[92m   Compiling[0m ciborium v0.2.2
Test (stable)	Run tests for all workspace crates	2025-12-02T13:30:53.3429517Z [1m[92m   Compiling[0m regex v1.12.2
Test (stable)	Run tests for all workspace crates	2025-12-02T13:30:53.7462028Z [1m[92m   Compiling[0m rayon v1.11.0
Test (stable)	Run tests for all workspace crates	2025-12-02T13:30:53.7504302Z [1m[92m   Compiling[0m clap v4.5.53
Test (stable)	Run tests for all workspace crates	2025-12-02T13:30:53.7810738Z [1m[92m   Compiling[0m plotters v0.3.7
Test (stable)	Run tests for all workspace crates	2025-12-02T13:30:54.4506540Z [1m[92m   Compiling[0m is-terminal v0.4.17
Test (stable)	Run tests for all workspace crates	2025-12-02T13:30:54.4866239Z [1m[92m   Compiling[0m anes v0.1.6
Test (stable)	Run tests for all workspace crates	2025-12-02T13:30:54.6478323Z [1m[92m   Compiling[0m oorandom v11.1.5
Test (stable)	Run tests for all workspace crates	2025-12-02T13:30:54.7118719Z [1m[92m   Compiling[0m dunes-trees v0.1.0 (/home/runner/work/dunes/dunes/crates/trees)
Test (stable)	Run tests for all workspace crates	2025-12-02T13:30:54.8211211Z [1m[92m   Compiling[0m dunes v0.1.0 (/home/runner/work/dunes/dunes)
Test (stable)	Run tests for all workspace crates	2025-12-02T13:30:55.6454559Z [1m[92m   Compiling[0m criterion v0.5.1
Test (stable)	Run tests for all workspace crates	2025-12-02T13:30:58.1537316Z [0m[1m[33mwarning[0m[0m[1m: unused import: `std::collections::HashSet`[0m
Test (stable)	Run tests for all workspace crates	2025-12-02T13:30:58.1541365Z [0m [0m[0m[1m[38;5;12m--> [0m[0mcrates/trees/tests/proptest.rs:4:3[0m
Test (stable)	Run tests for all workspace crates	2025-12-02T13:30:58.1542096Z [0m  [0m[0m[1m[38;5;12m|[0m
Test (stable)	Run tests for all workspace crates	2025-12-02T13:30:58.1543101Z [0m[1m[38;5;12m4[0m[0m [0m[0m[1m[38;5;12m|[0m[0m [0m[0m  std::collections::HashSet,[0m
Test (stable)	Run tests for all workspace crates	2025-12-02T13:30:58.1543938Z [0m  [0m[0m[1m[38;5;12m|[0m[0m   [0m[0m[1m[33m^^^^^^^^^^^^^^^^^^^^^^^^^[0m
Test (stable)	Run tests for all workspace crates	2025-12-02T13:30:58.1544588Z [0m  [0m[0m[1m[38;5;12m|[0m
Test (stable)	Run tests for all workspace crates	2025-12-02T13:30:58.1545853Z [0m  [0m[0m[1m[38;5;12m= [0m[0m[1mnote[0m[0m: `#[warn(unused_imports)]` (part of `#[warn(unused)]`) on by default[0m
Test (stable)	Run tests for all workspace crates	2025-12-02T13:30:58.1549812Z 
Test (stable)	Run tests for all workspace crates	2025-12-02T13:30:58.4997114Z [1m[33mwarning[0m: `dunes-trees` (test "proptest") generated 1 warning (run `cargo fix --test "proptest"` to apply 1 suggestion)
Test (stable)	Run tests for all workspace crates	2025-12-02T13:30:58.4998390Z [1m[92m    Finished[0m `test` profile [unoptimized + debuginfo] target(s) in 21.87s
Test (stable)	Run tests for all workspace crates	2025-12-02T13:30:58.5246374Z [1m[92m     Running[0m unittests src/lib.rs (target/debug/deps/dunes-14472b43700fbe99)
Test (stable)	Run tests for all workspace crates	2025-12-02T13:30:58.5261846Z 
Test (stable)	Run tests for all workspace crates	2025-12-02T13:30:58.5262009Z running 0 tests
Test (stable)	Run tests for all workspace crates	2025-12-02T13:30:58.5262595Z 
Test (stable)	Run tests for all workspace crates	2025-12-02T13:30:58.5262985Z test result: ok. 0 passed; 0 failed; 0 ignored; 0 measured; 0 filtered out; finished in 0.00s
Test (stable)	Run tests for all workspace crates	2025-12-02T13:30:58.5263313Z 
Test (stable)	Run tests for all workspace crates	2025-12-02T13:30:58.5265262Z [1m[92m     Running[0m unittests src/lib.rs (target/debug/deps/dunes_trees-7c23c232dbe982f1)
Test (stable)	Run tests for all workspace crates	2025-12-02T13:30:58.5273825Z 
Test (stable)	Run tests for all workspace crates	2025-12-02T13:30:58.5273963Z running 5 tests
Test (stable)	Run tests for all workspace crates	2025-12-02T13:30:58.5276835Z test store::tests::test_store_insert_remove ... ignored
Test (stable)	Run tests for all workspace crates	2025-12-02T13:30:58.5277413Z test store::tests::test_store_basic ... ok
Test (stable)	Run tests for all workspace crates	2025-12-02T13:30:58.5278396Z test treap::tests::test_treap_basic ... ok
Test (stable)	Run tests for all workspace crates	2025-12-02T13:30:58.5278899Z test treap::tests::test_treap_priorities ... ok
Test (stable)	Run tests for all workspace crates	2025-12-02T13:30:58.5279450Z test treap::tests::test_treap_insert_remove ... ok
Test (stable)	Run tests for all workspace crates	2025-12-02T13:30:58.5279787Z 
Test (stable)	Run tests for all workspace crates	2025-12-02T13:30:58.5280150Z test result: ok. 4 passed; 0 failed; 1 ignored; 0 measured; 0 filtered out; finished in 0.00s
Test (stable)	Run tests for all workspace crates	2025-12-02T13:30:58.5280661Z 
Test (stable)	Run tests for all workspace crates	2025-12-02T13:30:58.5282178Z [1m[92m     Running[0m tests/basic.rs (target/debug/deps/basic-1b23cb6f937b26b0)
Test (stable)	Run tests for all workspace crates	2025-12-02T13:30:58.5290683Z 
Test (stable)	Run tests for all workspace crates	2025-12-02T13:30:58.5290920Z running 2 tests
Test (stable)	Run tests for all workspace crates	2025-12-02T13:30:58.5293004Z test test_single_insert ... ok
Test (stable)	Run tests for all workspace crates	2025-12-02T13:30:58.5293406Z test test_two_inserts ... ok
Test (stable)	Run tests for all workspace crates	2025-12-02T13:30:58.5293636Z 
Test (stable)	Run tests for all workspace crates	2025-12-02T13:30:58.5293986Z test result: ok. 2 passed; 0 failed; 0 ignored; 0 measured; 0 filtered out; finished in 0.00s
Test (stable)	Run tests for all workspace crates	2025-12-02T13:30:58.5294486Z 
Test (stable)	Run tests for all workspace crates	2025-12-02T13:30:58.5295238Z [1m[92m     Running[0m tests/proptest.rs (target/debug/deps/proptest-3bbc89f3575510cd)
Test (stable)	Run tests for all workspace crates	2025-12-02T13:30:58.5304179Z 
Test (stable)	Run tests for all workspace crates	2025-12-02T13:30:58.5304348Z running 5 tests
Test (stable)	Run tests for all workspace crates	2025-12-02T13:30:58.5415519Z test prop_search_respects_ordering ... ok
Test (stable)	Run tests for all workspace crates	2025-12-02T13:30:58.5417184Z test prop_sequential_inserts ... ok
Test (stable)	Run tests for all workspace crates	2025-12-02T13:30:58.5450643Z test prop_insert_maintains_size ... ok
Test (stable)	Run tests for all workspace crates	2025-12-02T13:30:58.5469004Z test prop_nonexistent_not_found ... ok
Test (stable)	Run tests for all workspace crates	2025-12-02T13:30:58.5495842Z test prop_insert_and_search ... ok
Test (stable)	Run tests for all workspace crates	2025-12-02T13:30:58.5496169Z 
Test (stable)	Run tests for all workspace crates	2025-12-02T13:30:58.5496539Z test result: ok. 5 passed; 0 failed; 0 ignored; 0 measured; 0 filtered out; finished in 0.02s
Test (stable)	Run tests for all workspace crates	2025-12-02T13:30:58.5497218Z 
Test (stable)	Run tests for all workspace crates	2025-12-02T13:30:58.5499454Z [1m[92m     Running[0m unittests src/lib.rs (target/debug/deps/mem-0a16105ae477b329)
Test (stable)	Run tests for all workspace crates	2025-12-02T13:30:58.5510042Z 
Test (stable)	Run tests for all workspace crates	2025-12-02T13:30:58.5510506Z running 1 test
Test (stable)	Run tests for all workspace crates	2025-12-02T13:30:58.5515118Z test place::zst_build ... ok
Test (stable)	Run tests for all workspace crates	2025-12-02T13:30:58.5515348Z 
Test (stable)	Run tests for all workspace crates	2025-12-02T13:30:58.5517821Z [1m[92m     Running[0m tests/fuzz.rs (target/debug/deps/fuzz-390370527746116d)
Test (stable)	Run tests for all workspace crates	2025-12-02T13:30:58.5518496Z test result: ok. 1 passed; 0 failed; 0 ignored; 0 measured; 0 filtered out; finished in 0.00s
Test (stable)	Run tests for all workspace crates	2025-12-02T13:30:58.5518819Z 
Test (stable)	Run tests for all workspace crates	2025-12-02T13:30:58.5526579Z 
Test (stable)	Run tests for all workspace crates	2025-12-02T13:30:58.5526882Z running 5 tests
Test (stable)	Run tests for all workspace crates	2025-12-02T13:30:58.5529919Z test capacity_overflow ... ok
Test (stable)	Run tests for all workspace crates	2025-12-02T13:30:58.5645659Z test shrink_preserves_remaining ... ok
Test (stable)	Run tests for all workspace crates	2025-12-02T13:30:58.5702300Z test grow_maintains_data ... ok
Test (stable)	Run tests for all workspace crates	2025-12-02T13:30:58.6896330Z test random_prealloc_ops ... ok
Test (stable)	Run tests for all workspace crates	2025-12-02T13:30:58.6951354Z test random_alloc_ops ... ok
Test (stable)	Run tests for all workspace crates	2025-12-02T13:30:58.6951649Z 
Test (stable)	Run tests for all workspace crates	2025-12-02T13:30:58.6951905Z test result: ok. 5 passed; 0 failed; 0 ignored; 0 measured; 0 filtered out; finished in 0.14s
Test (stable)	Run tests for all workspace crates	2025-12-02T13:30:58.6952234Z 
Test (stable)	Run tests for all workspace crates	2025-12-02T13:30:58.6957225Z [1m[92m     Running[0m tests/general.rs (target/debug/deps/general-f2bc5373de7ee35f)
Test (stable)	Run tests for all workspace crates	2025-12-02T13:30:58.6967067Z 
Test (stable)	Run tests for all workspace crates	2025-12-02T13:30:58.6967317Z running 0 tests
Test (stable)	Run tests for all workspace crates	2025-12-02T13:30:58.6967538Z 
Test (stable)	Run tests for all workspace crates	2025-12-02T13:30:58.6967817Z test result: ok. 0 passed; 0 failed; 0 ignored; 0 measured; 0 filtered out; finished in 0.00s
Test (stable)	Run tests for all workspace crates	2025-12-02T13:30:58.6968123Z 
Test (stable)	Run tests for all workspace crates	2025-12-02T13:30:58.6969844Z [1m[92m     Running[0m tests/miri.rs (target/debug/deps/miri-e9e35f039b3f05d7)
Test (stable)	Run tests for all workspace crates	2025-12-02T13:30:58.6978817Z 
Test (stable)	Run tests for all workspace crates	2025-12-02T13:30:58.6978992Z running 0 tests
Test (stable)	Run tests for all workspace crates	2025-12-02T13:30:58.6980030Z 
Test (stable)	Run tests for all workspace crates	2025-12-02T13:30:58.6980476Z test result: ok. 0 passed; 0 failed; 0 ignored; 0 measured; 0 filtered out; finished in 0.00s
Test (stable)	Run tests for all workspace crates	2025-12-02T13:30:58.6981003Z 
Test (stable)	Run tests for all workspace crates	2025-12-02T13:30:58.6981614Z [1m[92m     Running[0m tests/pre.rs (target/debug/deps/pre-087b9c2a0465fa79)
Test (stable)	Run tests for all workspace crates	2025-12-02T13:30:58.6991035Z 
Test (stable)	Run tests for all workspace crates	2025-12-02T13:30:58.6991167Z running 2 tests
Test (stable)	Run tests for all workspace crates	2025-12-02T13:30:58.6993587Z test ignore_grow_fillup ... ok
Test (stable)	Run tests for all workspace crates	2025-12-02T13:30:58.6993980Z test prealloc_overgrow ... ok
Test (stable)	Run tests for all workspace crates	2025-12-02T13:30:58.6994235Z 
Test (stable)	Run tests for all workspace crates	2025-12-02T13:30:58.6994592Z test result: ok. 2 passed; 0 failed; 0 ignored; 0 measured; 0 filtered out; finished in 0.00s
Test (stable)	Run tests for all workspace crates	2025-12-02T13:30:58.6994900Z 
Test (stable)	Run tests for all workspace crates	2025-12-02T13:30:58.6996151Z [1m[92m     Running[0m tests/tests.rs (target/debug/deps/tests-5a0f6eb8d37be22f)
Test (stable)	Run tests for all workspace crates	2025-12-02T13:30:58.7004733Z 
Test (stable)	Run tests for all workspace crates	2025-12-02T13:30:58.7004850Z running 6 tests
Test (stable)	Run tests for all workspace crates	2025-12-02T13:30:58.7086493Z test basic_invariants ... ok
Test (stable)	Run tests for all workspace crates	2025-12-02T13:30:58.7087587Z test pre::ignore_grow_fillup ... ok
Test (stable)	Run tests for all workspace crates	2025-12-02T13:30:58.7089590Z test pre::prealloc_overgrow ... ok
Test (stable)	Run tests for all workspace crates	2025-12-02T13:30:58.7098164Z test edge_cases ... ok
Test (stable)	Run tests for all workspace crates	2025-12-02T13:30:58.7098536Z test mutability ... ok
Test (stable)	Run tests for all workspace crates	2025-12-02T13:30:58.7154366Z test miri ... ok
Test (stable)	Run tests for all workspace crates	2025-12-02T13:30:58.7154608Z 
Test (stable)	Run tests for all workspace crates	2025-12-02T13:30:58.7154976Z test result: ok. 6 passed; 0 failed; 0 ignored; 0 measured; 0 filtered out; finished in 0.01s
Test (stable)	Run tests for all workspace crates	2025-12-02T13:30:58.7155499Z 
Test (stable)	Run tests for all workspace crates	2025-12-02T13:30:58.7159557Z [1m[92m   Doc-tests[0m dunes
Test (stable)	Run tests for all workspace crates	2025-12-02T13:30:59.6502115Z 
Test (stable)	Run tests for all workspace crates	2025-12-02T13:30:59.6502686Z running 0 tests
Test (stable)	Run tests for all workspace crates	2025-12-02T13:30:59.6502902Z 
Test (stable)	Run tests for all workspace crates	2025-12-02T13:30:59.6540852Z test result: ok. 0 passed; 0 failed; 0 ignored; 0 measured; 0 filtered out; finished in 0.00s
Test (stable)	Run tests for all workspace crates	2025-12-02T13:30:59.6541310Z 
Test (stable)	Run tests for all workspace crates	2025-12-02T13:30:59.6607926Z [1m[92m   Doc-tests[0m dunes_trees
Test (stable)	Run tests for all workspace crates	2025-12-02T13:30:59.7118316Z 
Test (stable)	Run tests for all workspace crates	2025-12-02T13:30:59.7118784Z running 0 tests
Test (stable)	Run tests for all workspace crates	2025-12-02T13:30:59.7119051Z 
Test (stable)	Run tests for all workspace crates	2025-12-02T13:30:59.7119487Z test result: ok. 0 passed; 0 failed; 0 ignored; 0 measured; 0 filtered out; finished in 0.00s
Test (stable)	Run tests for all workspace crates	2025-12-02T13:30:59.7119848Z 
Test (stable)	Run tests for all workspace crates	2025-12-02T13:30:59.7146473Z [1m[92m   Doc-tests[0m mem
Test (stable)	Run tests for all workspace crates	2025-12-02T13:31:00.0396565Z 
Test (stable)	Run tests for all workspace crates	2025-12-02T13:31:00.0397204Z running 4 tests
Test (stable)	Run tests for all workspace crates	2025-12-02T13:31:00.0398190Z test crates/mem/src/raw.rs - raw::Page<'a,T>::assumed (line 74) ... ignored
Test (stable)	Run tests for all workspace crates	2025-12-02T13:31:00.0400439Z test crates/mem/src/raw.rs - raw::RawMem::grow (line 135) - compile ... ok
Test (stable)	Run tests for all workspace crates	2025-12-02T13:31:00.0411617Z test crates/mem/src/raw.rs - raw::Error::CapacityOverflow (line 19) ... ok
Test (stable)	Run tests for all workspace crates	2025-12-02T13:31:00.0412397Z test crates/mem/src/raw.rs - raw::Page<'a,T>::zeroed (line 103) ... ok
Test (stable)	Run tests for all workspace crates	2025-12-02T13:31:00.0412840Z 
Test (stable)	Run tests for all workspace crates	2025-12-02T13:31:00.0413207Z test result: ok. 3 passed; 0 failed; 1 ignored; 0 measured; 0 filtered out; finished in 0.00s
Test (stable)	Run tests for all workspace crates	2025-12-02T13:31:00.0413554Z 
Test (stable)	Post Run actions/checkout@v4	﻿2025-12-02T13:31:00.0608220Z Post job cleanup.
Test (stable)	Post Run actions/checkout@v4	2025-12-02T13:31:00.1552502Z [command]/usr/bin/git version
Test (stable)	Post Run actions/checkout@v4	2025-12-02T13:31:00.1596922Z git version 2.51.2
Test (stable)	Post Run actions/checkout@v4	2025-12-02T13:31:00.1639177Z Temporarily overriding HOME='/home/runner/work/_temp/093024da-44e6-4ea1-a695-a15f621a9131' before making global git config changes
Test (stable)	Post Run actions/checkout@v4	2025-12-02T13:31:00.1640113Z Adding repository directory to the temporary git global config as a safe directory
Test (stable)	Post Run actions/checkout@v4	2025-12-02T13:31:00.1644264Z [command]/usr/bin/git config --global --add safe.directory /home/runner/work/dunes/dunes
Test (stable)	Post Run actions/checkout@v4	2025-12-02T13:31:00.1677435Z [command]/usr/bin/git config --local --name-only --get-regexp core\.sshCommand
Test (stable)	Post Run actions/checkout@v4	2025-12-02T13:31:00.1708840Z [command]/usr/bin/git submodule foreach --recursive sh -c "git config --local --name-only --get-regexp 'core\.sshCommand' && git config --local --unset-all 'core.sshCommand' || :"
Test (stable)	Post Run actions/checkout@v4	2025-12-02T13:31:00.1933939Z [command]/usr/bin/git config --local --name-only --get-regexp http\.https\:\/\/github\.com\/\.extraheader
Test (stable)	Post Run actions/checkout@v4	2025-12-02T13:31:00.1953374Z http.https://github.com/.extraheader
Test (stable)	Post Run actions/checkout@v4	2025-12-02T13:31:00.1966296Z [command]/usr/bin/git config --local --unset-all http.https://github.com/.extraheader
Test (stable)	Post Run actions/checkout@v4	2025-12-02T13:31:00.1996949Z [command]/usr/bin/git submodule foreach --recursive sh -c "git config --local --name-only --get-regexp 'http\.https\:\/\/github\.com\/\.extraheader' && git config --local --unset-all 'http.https://github.com/.extraheader' || :"
Test (stable)	Post Run actions/checkout@v4	2025-12-02T13:31:00.2211577Z [command]/usr/bin/git config --local --name-only --get-regexp ^includeIf\.gitdir:
Test (stable)	Post Run actions/checkout@v4	2025-12-02T13:31:00.2241799Z [command]/usr/bin/git submodule foreach --recursive git config --local --show-origin --name-only --get-regexp remote.origin.url
Test (stable)	Complete job	﻿2025-12-02T13:31:00.2561090Z Cleaning up orphan processes
Format	Set up job	﻿2025-12-02T13:30:32.9940290Z Current runner version: '2.329.0'
Format	Set up job	2025-12-02T13:30:32.9964773Z ##[group]Runner Image Provisioner
Format	Set up job	2025-12-02T13:30:32.9965671Z Hosted Compute Agent
Format	Set up job	2025-12-02T13:30:32.9966226Z Version: 20251016.436
Format	Set up job	2025-12-02T13:30:32.9966781Z Commit: 8ab8ac8bfd662a3739dab9fe09456aba92132568
Format	Set up job	2025-12-02T13:30:32.9967528Z Build Date: 2025-10-15T20:44:12Z
Format	Set up job	2025-12-02T13:30:32.9968282Z ##[endgroup]
Format	Set up job	2025-12-02T13:30:32.9968770Z ##[group]Operating System
Format	Set up job	2025-12-02T13:30:32.9969365Z Ubuntu
Format	Set up job	2025-12-02T13:30:32.9969804Z 24.04.3
Format	Set up job	2025-12-02T13:30:32.9970266Z LTS
Format	Set up job	2025-12-02T13:30:32.9970730Z ##[endgroup]
Format	Set up job	2025-12-02T13:30:32.9971236Z ##[group]Runner Image
Format	Set up job	2025-12-02T13:30:32.9971776Z Image: ubuntu-24.04
Format	Set up job	2025-12-02T13:30:32.9972309Z Version: 20251112.124.1
Format	Set up job	2025-12-02T13:30:32.9973325Z Included Software: https://github.com/actions/runner-images/blob/ubuntu24/20251112.124/images/ubuntu/Ubuntu2404-Readme.md
Format	Set up job	2025-12-02T13:30:32.9974786Z Image Release: https://github.com/actions/runner-images/releases/tag/ubuntu24%2F20251112.124
Format	Set up job	2025-12-02T13:30:32.9976023Z ##[endgroup]
Format	Set up job	2025-12-02T13:30:32.9977032Z ##[group]GITHUB_TOKEN Permissions
Format	Set up job	2025-12-02T13:30:32.9978845Z Contents: read
Format	Set up job	2025-12-02T13:30:32.9979410Z Metadata: read
Format	Set up job	2025-12-02T13:30:32.9979853Z Packages: read
Format	Set up job	2025-12-02T13:30:32.9980450Z ##[endgroup]
Format	Set up job	2025-12-02T13:30:32.9982752Z Secret source: None
Format	Set up job	2025-12-02T13:30:32.9983440Z Prepare workflow directory
Format	Set up job	2025-12-02T13:30:33.0364080Z Prepare all required actions
Format	Set up job	2025-12-02T13:30:33.0402847Z Getting action download info
Format	Set up job	2025-12-02T13:30:33.5046269Z Download action repository 'actions/checkout@v4' (SHA:34e114876b0b11c390a56381ad16ebd13914f8d5)
Format	Set up job	2025-12-02T13:30:34.0938543Z Download action repository 'dtolnay/rust-toolchain@nightly' (SHA:0c3131df9e5407c0c36352032d04af846dbe0fb7)
Format	Set up job	2025-12-02T13:30:34.5660608Z Complete job name: Format
Format	Run actions/checkout@v4	﻿2025-12-02T13:30:34.6347827Z ##[group]Run actions/checkout@v4
Format	Run actions/checkout@v4	2025-12-02T13:30:34.6348724Z with:
Format	Run actions/checkout@v4	2025-12-02T13:30:34.6349166Z   repository: uselessgoddess/dunes
Format	Run actions/checkout@v4	2025-12-02T13:30:34.6349861Z   token: ***
Format	Run actions/checkout@v4	2025-12-02T13:30:34.6350306Z   ssh-strict: true
Format	Run actions/checkout@v4	2025-12-02T13:30:34.6350726Z   ssh-user: git
Format	Run actions/checkout@v4	2025-12-02T13:30:34.6351156Z   persist-credentials: true
Format	Run actions/checkout@v4	2025-12-02T13:30:34.6351630Z   clean: true
Format	Run actions/checkout@v4	2025-12-02T13:30:34.6352059Z   sparse-checkout-cone-mode: true
Format	Run actions/checkout@v4	2025-12-02T13:30:34.6352561Z   fetch-depth: 1
Format	Run actions/checkout@v4	2025-12-02T13:30:34.6352981Z   fetch-tags: false
Format	Run actions/checkout@v4	2025-12-02T13:30:34.6353398Z   show-progress: true
Format	Run actions/checkout@v4	2025-12-02T13:30:34.6353831Z   lfs: false
Format	Run actions/checkout@v4	2025-12-02T13:30:34.6354220Z   submodules: false
Format	Run actions/checkout@v4	2025-12-02T13:30:34.6354915Z   set-safe-directory: true
Format	Run actions/checkout@v4	2025-12-02T13:30:34.6355704Z env:
Format	Run actions/checkout@v4	2025-12-02T13:30:34.6356118Z   CARGO_TERM_COLOR: always
Format	Run actions/checkout@v4	2025-12-02T13:30:34.6356578Z ##[endgroup]
Format	Run actions/checkout@v4	2025-12-02T13:30:34.7457350Z Syncing repository: uselessgoddess/dunes
Format	Run actions/checkout@v4	2025-12-02T13:30:34.7459178Z ##[group]Getting Git version info
Format	Run actions/checkout@v4	2025-12-02T13:30:34.7459910Z Working directory is '/home/runner/work/dunes/dunes'
Format	Run actions/checkout@v4	2025-12-02T13:30:34.7461058Z [command]/usr/bin/git version
Format	Run actions/checkout@v4	2025-12-02T13:30:34.7548737Z git version 2.51.2
Format	Run actions/checkout@v4	2025-12-02T13:30:34.7576223Z ##[endgroup]
Format	Run actions/checkout@v4	2025-12-02T13:30:34.7590933Z Temporarily overriding HOME='/home/runner/work/_temp/8add8517-4ebe-4064-929c-bd94d483a16b' before making global git config changes
Format	Run actions/checkout@v4	2025-12-02T13:30:34.7592404Z Adding repository directory to the temporary git global config as a safe directory
Format	Run actions/checkout@v4	2025-12-02T13:30:34.7596514Z [command]/usr/bin/git config --global --add safe.directory /home/runner/work/dunes/dunes
Format	Run actions/checkout@v4	2025-12-02T13:30:34.7633692Z Deleting the contents of '/home/runner/work/dunes/dunes'
Format	Run actions/checkout@v4	2025-12-02T13:30:34.7637747Z ##[group]Initializing the repository
Format	Run actions/checkout@v4	2025-12-02T13:30:34.7641258Z [command]/usr/bin/git init /home/runner/work/dunes/dunes
Format	Run actions/checkout@v4	2025-12-02T13:30:34.7741747Z hint: Using 'master' as the name for the initial branch. This default branch name
Format	Run actions/checkout@v4	2025-12-02T13:30:34.7742979Z hint: is subject to change. To configure the initial branch name to use in all
Format	Run actions/checkout@v4	2025-12-02T13:30:34.7744031Z hint: of your new repositories, which will suppress this warning, call:
Format	Run actions/checkout@v4	2025-12-02T13:30:34.7745474Z hint:
Format	Run actions/checkout@v4	2025-12-02T13:30:34.7746349Z hint: 	git config --global init.defaultBranch <name>
Format	Run actions/checkout@v4	2025-12-02T13:30:34.7747342Z hint:
Format	Run actions/checkout@v4	2025-12-02T13:30:34.7747972Z hint: Names commonly chosen instead of 'master' are 'main', 'trunk' and
Format	Run actions/checkout@v4	2025-12-02T13:30:34.7749004Z hint: 'development'. The just-created branch can be renamed via this command:
Format	Run actions/checkout@v4	2025-12-02T13:30:34.7749836Z hint:
Format	Run actions/checkout@v4	2025-12-02T13:30:34.7750282Z hint: 	git branch -m <name>
Format	Run actions/checkout@v4	2025-12-02T13:30:34.7750980Z hint:
Format	Run actions/checkout@v4	2025-12-02T13:30:34.7751590Z hint: Disable this message with "git config set advice.defaultBranchName false"
Format	Run actions/checkout@v4	2025-12-02T13:30:34.7752558Z Initialized empty Git repository in /home/runner/work/dunes/dunes/.git/
Format	Run actions/checkout@v4	2025-12-02T13:30:34.7756850Z [command]/usr/bin/git remote add origin https://github.com/uselessgoddess/dunes
Format	Run actions/checkout@v4	2025-12-02T13:30:34.7883585Z ##[endgroup]
Format	Run actions/checkout@v4	2025-12-02T13:30:34.7884555Z ##[group]Disabling automatic garbage collection
Format	Run actions/checkout@v4	2025-12-02T13:30:34.7887660Z [command]/usr/bin/git config --local gc.auto 0
Format	Run actions/checkout@v4	2025-12-02T13:30:34.7914866Z ##[endgroup]
Format	Run actions/checkout@v4	2025-12-02T13:30:34.7915643Z ##[group]Setting up auth
Format	Run actions/checkout@v4	2025-12-02T13:30:34.7921490Z [command]/usr/bin/git config --local --name-only --get-regexp core\.sshCommand
Format	Run actions/checkout@v4	2025-12-02T13:30:34.7949826Z [command]/usr/bin/git submodule foreach --recursive sh -c "git config --local --name-only --get-regexp 'core\.sshCommand' && git config --local --unset-all 'core.sshCommand' || :"
Format	Run actions/checkout@v4	2025-12-02T13:30:34.8303525Z [command]/usr/bin/git config --local --name-only --get-regexp http\.https\:\/\/github\.com\/\.extraheader
Format	Run actions/checkout@v4	2025-12-02T13:30:34.8332893Z [command]/usr/bin/git submodule foreach --recursive sh -c "git config --local --name-only --get-regexp 'http\.https\:\/\/github\.com\/\.extraheader' && git config --local --unset-all 'http.https://github.com/.extraheader' || :"
Format	Run actions/checkout@v4	2025-12-02T13:30:34.8560997Z [command]/usr/bin/git config --local --name-only --get-regexp ^includeIf\.gitdir:
Format	Run actions/checkout@v4	2025-12-02T13:30:34.8592603Z [command]/usr/bin/git submodule foreach --recursive git config --local --show-origin --name-only --get-regexp remote.origin.url
Format	Run actions/checkout@v4	2025-12-02T13:30:34.8815295Z [command]/usr/bin/git config --local http.https://github.com/.extraheader AUTHORIZATION: basic ***
Format	Run actions/checkout@v4	2025-12-02T13:30:34.8848598Z ##[endgroup]
Format	Run actions/checkout@v4	2025-12-02T13:30:34.8849990Z ##[group]Fetching the repository
Format	Run actions/checkout@v4	2025-12-02T13:30:34.8858367Z [command]/usr/bin/git -c protocol.version=2 fetch --no-tags --prune --no-recurse-submodules --depth=1 origin +09f7f1aef6bcdcb39c351880275e09e7536ab3e6:refs/remotes/pull/8/merge
Format	Run actions/checkout@v4	2025-12-02T13:30:35.2887010Z From https://github.com/uselessgoddess/dunes
Format	Run actions/checkout@v4	2025-12-02T13:30:35.2890002Z  * [new ref]         09f7f1aef6bcdcb39c351880275e09e7536ab3e6 -> pull/8/merge
Format	Run actions/checkout@v4	2025-12-02T13:30:35.2921337Z ##[endgroup]
Format	Run actions/checkout@v4	2025-12-02T13:30:35.2922577Z ##[group]Determining the checkout info
Format	Run actions/checkout@v4	2025-12-02T13:30:35.2924109Z ##[endgroup]
Format	Run actions/checkout@v4	2025-12-02T13:30:35.2929684Z [command]/usr/bin/git sparse-checkout disable
Format	Run actions/checkout@v4	2025-12-02T13:30:35.2972821Z [command]/usr/bin/git config --local --unset-all extensions.worktreeConfig
Format	Run actions/checkout@v4	2025-12-02T13:30:35.3000940Z ##[group]Checking out the ref
Format	Run actions/checkout@v4	2025-12-02T13:30:35.3005528Z [command]/usr/bin/git checkout --progress --force refs/remotes/pull/8/merge
Format	Run actions/checkout@v4	2025-12-02T13:30:35.3067760Z Note: switching to 'refs/remotes/pull/8/merge'.
Format	Run actions/checkout@v4	2025-12-02T13:30:35.3068370Z 
Format	Run actions/checkout@v4	2025-12-02T13:30:35.3068838Z You are in 'detached HEAD' state. You can look around, make experimental
Format	Run actions/checkout@v4	2025-12-02T13:30:35.3069930Z changes and commit them, and you can discard any commits you make in this
Format	Run actions/checkout@v4	2025-12-02T13:30:35.3071019Z state without impacting any branches by switching back to a branch.
Format	Run actions/checkout@v4	2025-12-02T13:30:35.3072036Z 
Format	Run actions/checkout@v4	2025-12-02T13:30:35.3072794Z If you want to create a new branch to retain commits you create, you may
Format	Run actions/checkout@v4	2025-12-02T13:30:35.3074763Z do so (now or later) by using -c with the switch command. Example:
Format	Run actions/checkout@v4	2025-12-02T13:30:35.3075854Z 
Format	Run actions/checkout@v4	2025-12-02T13:30:35.3076303Z   git switch -c <new-branch-name>
Format	Run actions/checkout@v4	2025-12-02T13:30:35.3077044Z 
Format	Run actions/checkout@v4	2025-12-02T13:30:35.3077424Z Or undo this operation with:
Format	Run actions/checkout@v4	2025-12-02T13:30:35.3078117Z 
Format	Run actions/checkout@v4	2025-12-02T13:30:35.3078463Z   git switch -
Format	Run actions/checkout@v4	2025-12-02T13:30:35.3078988Z 
Format	Run actions/checkout@v4	2025-12-02T13:30:35.3079914Z Turn off this advice by setting config variable advice.detachedHead to false
Format	Run actions/checkout@v4	2025-12-02T13:30:35.3081685Z 
Format	Run actions/checkout@v4	2025-12-02T13:30:35.3083199Z HEAD is now at 09f7f1a Merge e17041553f6b6e3595b07af2b2b65cdd27276d1d into 0832383d74880628c88865d4a66e5bdd0d9c27d2
Format	Run actions/checkout@v4	2025-12-02T13:30:35.3087569Z ##[endgroup]
Format	Run actions/checkout@v4	2025-12-02T13:30:35.3113336Z [command]/usr/bin/git log -1 --format=%H
Format	Run actions/checkout@v4	2025-12-02T13:30:35.3134842Z 09f7f1aef6bcdcb39c351880275e09e7536ab3e6
Format	Run dtolnay/rust-toolchain@nightly	﻿2025-12-02T13:30:35.3629543Z ##[group]Run dtolnay/rust-toolchain@nightly
Format	Run dtolnay/rust-toolchain@nightly	2025-12-02T13:30:35.3630351Z with:
Format	Run dtolnay/rust-toolchain@nightly	2025-12-02T13:30:35.3630800Z   components: rustfmt
Format	Run dtolnay/rust-toolchain@nightly	2025-12-02T13:30:35.3631329Z   toolchain: nightly
Format	Run dtolnay/rust-toolchain@nightly	2025-12-02T13:30:35.3631826Z env:
Format	Run dtolnay/rust-toolchain@nightly	2025-12-02T13:30:35.3632265Z   CARGO_TERM_COLOR: always
Format	Run dtolnay/rust-toolchain@nightly	2025-12-02T13:30:35.3632844Z ##[endgroup]
Format	Run dtolnay/rust-toolchain@nightly	2025-12-02T13:30:35.3754026Z ##[group]Run : parse toolchain version
Format	Run dtolnay/rust-toolchain@nightly	2025-12-02T13:30:35.3755045Z [36;1m: parse toolchain version[0m
Format	Run dtolnay/rust-toolchain@nightly	2025-12-02T13:30:35.3755769Z [36;1mif [[ -z $toolchain ]]; then[0m
Format	Run dtolnay/rust-toolchain@nightly	2025-12-02T13:30:35.3757177Z [36;1m  # GitHub does not enforce `required: true` inputs itself. https://github.com/actions/runner/issues/1070[0m
Format	Run dtolnay/rust-toolchain@nightly	2025-12-02T13:30:35.3758719Z [36;1m  echo "'toolchain' is a required input" >&2[0m
Format	Run dtolnay/rust-toolchain@nightly	2025-12-02T13:30:35.3759490Z [36;1m  exit 1[0m
Format	Run dtolnay/rust-toolchain@nightly	2025-12-02T13:30:35.3760323Z [36;1melif [[ $toolchain =~ ^stable' '[0-9]+' '(year|month|week|day)s?' 'ago$ ]]; then[0m
Format	Run dtolnay/rust-toolchain@nightly	2025-12-02T13:30:35.3761410Z [36;1m  if [[ Linux == macOS ]]; then[0m
Format	Run dtolnay/rust-toolchain@nightly	2025-12-02T13:30:35.3762763Z [36;1m    echo "toolchain=1.$((($(date -v-$(sed 's/stable \([0-9]*\) \(.\).*/\1\2/' <<< $toolchain) +%s)/60/60/24-16569)/7/6))" >> $GITHUB_OUTPUT[0m
Format	Run dtolnay/rust-toolchain@nightly	2025-12-02T13:30:35.3764141Z [36;1m  else[0m
Format	Run dtolnay/rust-toolchain@nightly	2025-12-02T13:30:35.3765443Z [36;1m    echo "toolchain=1.$((($(date --date "${toolchain#stable }" +%s)/60/60/24-16569)/7/6))" >> $GITHUB_OUTPUT[0m
Format	Run dtolnay/rust-toolchain@nightly	2025-12-02T13:30:35.3766732Z [36;1m  fi[0m
Format	Run dtolnay/rust-toolchain@nightly	2025-12-02T13:30:35.3767483Z [36;1melif [[ $toolchain =~ ^stable' 'minus' '[0-9]+' 'releases?$ ]]; then[0m
Format	Run dtolnay/rust-toolchain@nightly	2025-12-02T13:30:35.3768954Z [36;1m  echo "toolchain=1.$((($(date +%s)/60/60/24-16569)/7/6-${toolchain//[^0-9]/}))" >> $GITHUB_OUTPUT[0m
Format	Run dtolnay/rust-toolchain@nightly	2025-12-02T13:30:35.3770229Z [36;1melif [[ $toolchain =~ ^1\.[0-9]+$ ]]; then[0m
Format	Run dtolnay/rust-toolchain@nightly	2025-12-02T13:30:35.3771654Z [36;1m  echo "toolchain=1.$((i=${toolchain#1.}, c=($(date +%s)/60/60/24-16569)/7/6, i+9*i*(10*i<=c)+90*i*(100*i<=c)))" >> $GITHUB_OUTPUT[0m
Format	Run dtolnay/rust-toolchain@nightly	2025-12-02T13:30:35.3772993Z [36;1melse[0m
Format	Run dtolnay/rust-toolchain@nightly	2025-12-02T13:30:35.3773584Z [36;1m  echo "toolchain=$toolchain" >> $GITHUB_OUTPUT[0m
Format	Run dtolnay/rust-toolchain@nightly	2025-12-02T13:30:35.3774514Z [36;1mfi[0m
Format	Run dtolnay/rust-toolchain@nightly	2025-12-02T13:30:35.3811556Z shell: /usr/bin/bash --noprofile --norc -e -o pipefail {0}
Format	Run dtolnay/rust-toolchain@nightly	2025-12-02T13:30:35.3812487Z env:
Format	Run dtolnay/rust-toolchain@nightly	2025-12-02T13:30:35.3812909Z   CARGO_TERM_COLOR: always
Format	Run dtolnay/rust-toolchain@nightly	2025-12-02T13:30:35.3813470Z   toolchain: nightly
Format	Run dtolnay/rust-toolchain@nightly	2025-12-02T13:30:35.3813970Z ##[endgroup]
Format	Run dtolnay/rust-toolchain@nightly	2025-12-02T13:30:35.3966808Z ##[group]Run : construct rustup command line
Format	Run dtolnay/rust-toolchain@nightly	2025-12-02T13:30:35.3967632Z [36;1m: construct rustup command line[0m
Format	Run dtolnay/rust-toolchain@nightly	2025-12-02T13:30:35.3968815Z [36;1mecho "targets=$(for t in ${targets//,/ }; do echo -n ' --target' $t; done)" >> $GITHUB_OUTPUT[0m
Format	Run dtolnay/rust-toolchain@nightly	2025-12-02T13:30:35.3970564Z [36;1mecho "components=$(for c in ${components//,/ }; do echo -n ' --component' $c; done)" >> $GITHUB_OUTPUT[0m
Format	Run dtolnay/rust-toolchain@nightly	2025-12-02T13:30:35.3972072Z [36;1mecho "downgrade= --allow-downgrade" >> $GITHUB_OUTPUT[0m
Format	Run dtolnay/rust-toolchain@nightly	2025-12-02T13:30:35.4070776Z shell: /usr/bin/bash --noprofile --norc -e -o pipefail {0}
Format	Run dtolnay/rust-toolchain@nightly	2025-12-02T13:30:35.4071718Z env:
Format	Run dtolnay/rust-toolchain@nightly	2025-12-02T13:30:35.4072132Z   CARGO_TERM_COLOR: always
Format	Run dtolnay/rust-toolchain@nightly	2025-12-02T13:30:35.4072691Z   targets: 
Format	Run dtolnay/rust-toolchain@nightly	2025-12-02T13:30:35.4073120Z   components: rustfmt
Format	Run dtolnay/rust-toolchain@nightly	2025-12-02T13:30:35.4073620Z ##[endgroup]
Format	Run dtolnay/rust-toolchain@nightly	2025-12-02T13:30:35.4192647Z ##[group]Run : set $CARGO_HOME
Format	Run dtolnay/rust-toolchain@nightly	2025-12-02T13:30:35.4193294Z [36;1m: set $CARGO_HOME[0m
Format	Run dtolnay/rust-toolchain@nightly	2025-12-02T13:30:35.4194143Z [36;1mecho CARGO_HOME=${CARGO_HOME:-"$HOME/.cargo"} >> $GITHUB_ENV[0m
Format	Run dtolnay/rust-toolchain@nightly	2025-12-02T13:30:35.4225045Z shell: /usr/bin/bash --noprofile --norc -e -o pipefail {0}
Format	Run dtolnay/rust-toolchain@nightly	2025-12-02T13:30:35.4225947Z env:
Format	Run dtolnay/rust-toolchain@nightly	2025-12-02T13:30:35.4226371Z   CARGO_TERM_COLOR: always
Format	Run dtolnay/rust-toolchain@nightly	2025-12-02T13:30:35.4226928Z ##[endgroup]
Format	Run dtolnay/rust-toolchain@nightly	2025-12-02T13:30:35.4325045Z ##[group]Run : install rustup if needed
Format	Run dtolnay/rust-toolchain@nightly	2025-12-02T13:30:35.4325982Z [36;1m: install rustup if needed[0m
Format	Run dtolnay/rust-toolchain@nightly	2025-12-02T13:30:35.4326733Z [36;1mif ! command -v rustup &>/dev/null; then[0m
Format	Run dtolnay/rust-toolchain@nightly	2025-12-02T13:30:35.4328781Z [36;1m  curl --proto '=https' --tlsv1.2 --retry 10 --retry-connrefused --location --silent --show-error --fail https://sh.rustup.rs | sh -s -- --default-toolchain none -y[0m
Format	Run dtolnay/rust-toolchain@nightly	2025-12-02T13:30:35.4330841Z [36;1m  echo "$CARGO_HOME/bin" >> $GITHUB_PATH[0m
Format	Run dtolnay/rust-toolchain@nightly	2025-12-02T13:30:35.4331738Z [36;1mfi[0m
Format	Run dtolnay/rust-toolchain@nightly	2025-12-02T13:30:35.4362050Z shell: /usr/bin/bash --noprofile --norc -e -o pipefail {0}
Format	Run dtolnay/rust-toolchain@nightly	2025-12-02T13:30:35.4362937Z env:
Format	Run dtolnay/rust-toolchain@nightly	2025-12-02T13:30:35.4363356Z   CARGO_TERM_COLOR: always
Format	Run dtolnay/rust-toolchain@nightly	2025-12-02T13:30:35.4363936Z   CARGO_HOME: /home/runner/.cargo
Format	Run dtolnay/rust-toolchain@nightly	2025-12-02T13:30:35.4364720Z ##[endgroup]
Format	Run dtolnay/rust-toolchain@nightly	2025-12-02T13:30:35.4463498Z ##[group]Run rustup toolchain install nightly --component rustfmt --profile minimal --allow-downgrade --no-self-update
Format	Run dtolnay/rust-toolchain@nightly	2025-12-02T13:30:35.4466153Z [36;1mrustup toolchain install nightly --component rustfmt --profile minimal --allow-downgrade --no-self-update[0m
Format	Run dtolnay/rust-toolchain@nightly	2025-12-02T13:30:35.4497667Z shell: /usr/bin/bash --noprofile --norc -e -o pipefail {0}
Format	Run dtolnay/rust-toolchain@nightly	2025-12-02T13:30:35.4498537Z env:
Format	Run dtolnay/rust-toolchain@nightly	2025-12-02T13:30:35.4498952Z   CARGO_TERM_COLOR: always
Format	Run dtolnay/rust-toolchain@nightly	2025-12-02T13:30:35.4499589Z   CARGO_HOME: /home/runner/.cargo
Format	Run dtolnay/rust-toolchain@nightly	2025-12-02T13:30:35.4500188Z ##[endgroup]
Format	Run dtolnay/rust-toolchain@nightly	2025-12-02T13:30:35.6905325Z info: syncing channel updates for 'nightly-x86_64-unknown-linux-gnu'
Format	Run dtolnay/rust-toolchain@nightly	2025-12-02T13:30:35.8836873Z info: latest update on 2025-12-02, rust version 1.93.0-nightly (1d60f9e07 2025-12-01)
Format	Run dtolnay/rust-toolchain@nightly	2025-12-02T13:30:35.8838674Z info: downloading component 'cargo'
Format	Run dtolnay/rust-toolchain@nightly	2025-12-02T13:30:35.9526252Z info: downloading component 'rust-std'
Format	Run dtolnay/rust-toolchain@nightly	2025-12-02T13:30:36.1162974Z info: downloading component 'rustc'
Format	Run dtolnay/rust-toolchain@nightly	2025-12-02T13:30:36.4822914Z info: downloading component 'rustfmt'
Format	Run dtolnay/rust-toolchain@nightly	2025-12-02T13:30:36.5036009Z info: installing component 'cargo'
Format	Run dtolnay/rust-toolchain@nightly	2025-12-02T13:30:37.2269006Z info: installing component 'rust-std'
Format	Run dtolnay/rust-toolchain@nightly	2025-12-02T13:30:39.1187392Z info: installing component 'rustc'
Format	Run dtolnay/rust-toolchain@nightly	2025-12-02T13:30:43.6065834Z info: installing component 'rustfmt'
Format	Run dtolnay/rust-toolchain@nightly	2025-12-02T13:30:43.8889744Z 
Format	Run dtolnay/rust-toolchain@nightly	2025-12-02T13:30:43.8980950Z   nightly-x86_64-unknown-linux-gnu installed - rustc 1.93.0-nightly (1d60f9e07 2025-12-01)
Format	Run dtolnay/rust-toolchain@nightly	2025-12-02T13:30:43.9008224Z 
Format	Run dtolnay/rust-toolchain@nightly	2025-12-02T13:30:43.9045685Z ##[group]Run rustup default nightly
Format	Run dtolnay/rust-toolchain@nightly	2025-12-02T13:30:43.9046056Z [36;1mrustup default nightly[0m
Format	Run dtolnay/rust-toolchain@nightly	2025-12-02T13:30:43.9080957Z shell: /usr/bin/bash --noprofile --norc -e -o pipefail {0}
Format	Run dtolnay/rust-toolchain@nightly	2025-12-02T13:30:43.9081382Z env:
Format	Run dtolnay/rust-toolchain@nightly	2025-12-02T13:30:43.9081636Z   CARGO_TERM_COLOR: always
Format	Run dtolnay/rust-toolchain@nightly	2025-12-02T13:30:43.9081950Z   CARGO_HOME: /home/runner/.cargo
Format	Run dtolnay/rust-toolchain@nightly	2025-12-02T13:30:43.9082245Z ##[endgroup]
Format	Run dtolnay/rust-toolchain@nightly	2025-12-02T13:30:43.9185265Z info: using existing install for 'nightly-x86_64-unknown-linux-gnu'
Format	Run dtolnay/rust-toolchain@nightly	2025-12-02T13:30:43.9473617Z info: default toolchain set to 'nightly-x86_64-unknown-linux-gnu'
Format	Run dtolnay/rust-toolchain@nightly	2025-12-02T13:30:43.9474613Z 
Format	Run dtolnay/rust-toolchain@nightly	2025-12-02T13:30:43.9558404Z   nightly-x86_64-unknown-linux-gnu unchanged - rustc 1.93.0-nightly (1d60f9e07 2025-12-01)
Format	Run dtolnay/rust-toolchain@nightly	2025-12-02T13:30:43.9558822Z 
Format	Run dtolnay/rust-toolchain@nightly	2025-12-02T13:30:43.9609722Z ##[group]Run : create cachekey
Format	Run dtolnay/rust-toolchain@nightly	2025-12-02T13:30:43.9610044Z [36;1m: create cachekey[0m
Format	Run dtolnay/rust-toolchain@nightly	2025-12-02T13:30:43.9610527Z [36;1mDATE=$(rustc +nightly --version --verbose | sed -ne 's/^commit-date: \(20[0-9][0-9]\)-\([01][0-9]\)-\([0-3][0-9]\)$/\1\2\3/p')[0m
Format	Run dtolnay/rust-toolchain@nightly	2025-12-02T13:30:43.9611184Z [36;1mHASH=$(rustc +nightly --version --verbose | sed -ne 's/^commit-hash: //p')[0m
Format	Run dtolnay/rust-toolchain@nightly	2025-12-02T13:30:43.9611682Z [36;1mecho "cachekey=$(echo $DATE$HASH | head -c12)" >> $GITHUB_OUTPUT[0m
Format	Run dtolnay/rust-toolchain@nightly	2025-12-02T13:30:43.9646261Z shell: /usr/bin/bash --noprofile --norc -e -o pipefail {0}
Format	Run dtolnay/rust-toolchain@nightly	2025-12-02T13:30:43.9646633Z env:
Format	Run dtolnay/rust-toolchain@nightly	2025-12-02T13:30:43.9646845Z   CARGO_TERM_COLOR: always
Format	Run dtolnay/rust-toolchain@nightly	2025-12-02T13:30:43.9647115Z   CARGO_HOME: /home/runner/.cargo
Format	Run dtolnay/rust-toolchain@nightly	2025-12-02T13:30:43.9647380Z ##[endgroup]
Format	Run dtolnay/rust-toolchain@nightly	2025-12-02T13:30:44.0090662Z ##[group]Run : disable incremental compilation
Format	Run dtolnay/rust-toolchain@nightly	2025-12-02T13:30:44.0091089Z [36;1m: disable incremental compilation[0m
Format	Run dtolnay/rust-toolchain@nightly	2025-12-02T13:30:44.0091464Z [36;1mif [ -z "${CARGO_INCREMENTAL+set}" ]; then[0m
Format	Run dtolnay/rust-toolchain@nightly	2025-12-02T13:30:44.0092048Z [36;1m  echo CARGO_INCREMENTAL=0 >> $GITHUB_ENV[0m
Format	Run dtolnay/rust-toolchain@nightly	2025-12-02T13:30:44.0092342Z [36;1mfi[0m
Format	Run dtolnay/rust-toolchain@nightly	2025-12-02T13:30:44.0126607Z shell: /usr/bin/bash --noprofile --norc -e -o pipefail {0}
Format	Run dtolnay/rust-toolchain@nightly	2025-12-02T13:30:44.0127016Z env:
Format	Run dtolnay/rust-toolchain@nightly	2025-12-02T13:30:44.0127230Z   CARGO_TERM_COLOR: always
Format	Run dtolnay/rust-toolchain@nightly	2025-12-02T13:30:44.0127495Z   CARGO_HOME: /home/runner/.cargo
Format	Run dtolnay/rust-toolchain@nightly	2025-12-02T13:30:44.0127755Z ##[endgroup]
Format	Run dtolnay/rust-toolchain@nightly	2025-12-02T13:30:44.0205919Z ##[group]Run : enable colors in Cargo output
Format	Run dtolnay/rust-toolchain@nightly	2025-12-02T13:30:44.0206479Z [36;1m: enable colors in Cargo output[0m
Format	Run dtolnay/rust-toolchain@nightly	2025-12-02T13:30:44.0206842Z [36;1mif [ -z "${CARGO_TERM_COLOR+set}" ]; then[0m
Format	Run dtolnay/rust-toolchain@nightly	2025-12-02T13:30:44.0207231Z [36;1m  echo CARGO_TERM_COLOR=always >> $GITHUB_ENV[0m
Format	Run dtolnay/rust-toolchain@nightly	2025-12-02T13:30:44.0207553Z [36;1mfi[0m
Format	Run dtolnay/rust-toolchain@nightly	2025-12-02T13:30:44.0239324Z shell: /usr/bin/bash --noprofile --norc -e -o pipefail {0}
Format	Run dtolnay/rust-toolchain@nightly	2025-12-02T13:30:44.0239711Z env:
Format	Run dtolnay/rust-toolchain@nightly	2025-12-02T13:30:44.0239954Z   CARGO_TERM_COLOR: always
Format	Run dtolnay/rust-toolchain@nightly	2025-12-02T13:30:44.0240245Z   CARGO_HOME: /home/runner/.cargo
Format	Run dtolnay/rust-toolchain@nightly	2025-12-02T13:30:44.0240562Z   CARGO_INCREMENTAL: 0
Format	Run dtolnay/rust-toolchain@nightly	2025-12-02T13:30:44.0240835Z ##[endgroup]
Format	Run dtolnay/rust-toolchain@nightly	2025-12-02T13:30:44.0318821Z ##[group]Run : enable Cargo sparse registry
Format	Run dtolnay/rust-toolchain@nightly	2025-12-02T13:30:44.0319178Z [36;1m: enable Cargo sparse registry[0m
Format	Run dtolnay/rust-toolchain@nightly	2025-12-02T13:30:44.0319563Z [36;1m# implemented in 1.66, stabilized in 1.68, made default in 1.70[0m
Format	Run dtolnay/rust-toolchain@nightly	2025-12-02T13:30:44.0320220Z [36;1mif [ -z "${CARGO_REGISTRIES_CRATES_IO_PROTOCOL+set}" -o -f "/home/runner/work/_temp"/.implicit_cargo_registries_crates_io_protocol ]; then[0m
Format	Run dtolnay/rust-toolchain@nightly	2025-12-02T13:30:44.0320915Z [36;1m  if rustc +nightly --version --verbose | grep -q '^release: 1\.6[89]\.'; then[0m
Format	Run dtolnay/rust-toolchain@nightly	2025-12-02T13:30:44.0321463Z [36;1m    touch "/home/runner/work/_temp"/.implicit_cargo_registries_crates_io_protocol || true[0m
Format	Run dtolnay/rust-toolchain@nightly	2025-12-02T13:30:44.0321991Z [36;1m    echo CARGO_REGISTRIES_CRATES_IO_PROTOCOL=sparse >> $GITHUB_ENV[0m
Format	Run dtolnay/rust-toolchain@nightly	2025-12-02T13:30:44.0322483Z [36;1m  elif rustc +nightly --version --verbose | grep -q '^release: 1\.6[67]\.'; then[0m
Format	Run dtolnay/rust-toolchain@nightly	2025-12-02T13:30:44.0323031Z [36;1m    touch "/home/runner/work/_temp"/.implicit_cargo_registries_crates_io_protocol || true[0m
Format	Run dtolnay/rust-toolchain@nightly	2025-12-02T13:30:44.0323543Z [36;1m    echo CARGO_REGISTRIES_CRATES_IO_PROTOCOL=git >> $GITHUB_ENV[0m
Format	Run dtolnay/rust-toolchain@nightly	2025-12-02T13:30:44.0323895Z [36;1m  fi[0m
Format	Run dtolnay/rust-toolchain@nightly	2025-12-02T13:30:44.0324099Z [36;1mfi[0m
Format	Run dtolnay/rust-toolchain@nightly	2025-12-02T13:30:44.0356001Z shell: /usr/bin/bash --noprofile --norc -e -o pipefail {0}
Format	Run dtolnay/rust-toolchain@nightly	2025-12-02T13:30:44.0356377Z env:
Format	Run dtolnay/rust-toolchain@nightly	2025-12-02T13:30:44.0356594Z   CARGO_TERM_COLOR: always
Format	Run dtolnay/rust-toolchain@nightly	2025-12-02T13:30:44.0356858Z   CARGO_HOME: /home/runner/.cargo
Format	Run dtolnay/rust-toolchain@nightly	2025-12-02T13:30:44.0357132Z   CARGO_INCREMENTAL: 0
Format	Run dtolnay/rust-toolchain@nightly	2025-12-02T13:30:44.0357363Z ##[endgroup]
Format	Run dtolnay/rust-toolchain@nightly	2025-12-02T13:30:44.0721096Z ##[group]Run : work around spurious network errors in curl 8.0
Format	Run dtolnay/rust-toolchain@nightly	2025-12-02T13:30:44.0721584Z [36;1m: work around spurious network errors in curl 8.0[0m
Format	Run dtolnay/rust-toolchain@nightly	2025-12-02T13:30:44.0722311Z [36;1m# https://rust-lang.zulipchat.com/#narrow/stream/246057-t-cargo/topic/timeout.20investigation[0m
Format	Run dtolnay/rust-toolchain@nightly	2025-12-02T13:30:44.0722946Z [36;1mif rustc +nightly --version --verbose | grep -q '^release: 1\.7[01]\.'; then[0m
Format	Run dtolnay/rust-toolchain@nightly	2025-12-02T13:30:44.0723431Z [36;1m  echo CARGO_HTTP_MULTIPLEXING=false >> $GITHUB_ENV[0m
Format	Run dtolnay/rust-toolchain@nightly	2025-12-02T13:30:44.0723760Z [36;1mfi[0m
Format	Run dtolnay/rust-toolchain@nightly	2025-12-02T13:30:44.0759535Z shell: /usr/bin/bash --noprofile --norc -e -o pipefail {0}
Format	Run dtolnay/rust-toolchain@nightly	2025-12-02T13:30:44.0759898Z env:
Format	Run dtolnay/rust-toolchain@nightly	2025-12-02T13:30:44.0760124Z   CARGO_TERM_COLOR: always
Format	Run dtolnay/rust-toolchain@nightly	2025-12-02T13:30:44.0760388Z   CARGO_HOME: /home/runner/.cargo
Format	Run dtolnay/rust-toolchain@nightly	2025-12-02T13:30:44.0760664Z   CARGO_INCREMENTAL: 0
Format	Run dtolnay/rust-toolchain@nightly	2025-12-02T13:30:44.0760927Z ##[endgroup]
Format	Run dtolnay/rust-toolchain@nightly	2025-12-02T13:30:44.0983848Z ##[group]Run rustc +nightly --version --verbose
Format	Run dtolnay/rust-toolchain@nightly	2025-12-02T13:30:44.0984252Z [36;1mrustc +nightly --version --verbose[0m
Format	Run dtolnay/rust-toolchain@nightly	2025-12-02T13:30:44.1018651Z shell: /usr/bin/bash --noprofile --norc -e -o pipefail {0}
Format	Run dtolnay/rust-toolchain@nightly	2025-12-02T13:30:44.1019023Z env:
Format	Run dtolnay/rust-toolchain@nightly	2025-12-02T13:30:44.1019242Z   CARGO_TERM_COLOR: always
Format	Run dtolnay/rust-toolchain@nightly	2025-12-02T13:30:44.1019502Z   CARGO_HOME: /home/runner/.cargo
Format	Run dtolnay/rust-toolchain@nightly	2025-12-02T13:30:44.1019777Z   CARGO_INCREMENTAL: 0
Format	Run dtolnay/rust-toolchain@nightly	2025-12-02T13:30:44.1020013Z ##[endgroup]
Format	Run dtolnay/rust-toolchain@nightly	2025-12-02T13:30:44.1191885Z rustc 1.93.0-nightly (1d60f9e07 2025-12-01)
Format	Run dtolnay/rust-toolchain@nightly	2025-12-02T13:30:44.1196438Z binary: rustc
Format	Run dtolnay/rust-toolchain@nightly	2025-12-02T13:30:44.1197012Z commit-hash: 1d60f9e070c1039b263e0f035c0f03dfcc610d0f
Format	Run dtolnay/rust-toolchain@nightly	2025-12-02T13:30:44.1197585Z commit-date: 2025-12-01
Format	Run dtolnay/rust-toolchain@nightly	2025-12-02T13:30:44.1198047Z host: x86_64-unknown-linux-gnu
Format	Run dtolnay/rust-toolchain@nightly	2025-12-02T13:30:44.1198493Z release: 1.93.0-nightly
Format	Run dtolnay/rust-toolchain@nightly	2025-12-02T13:30:44.1198897Z LLVM version: 21.1.5
Format	Check formatting	﻿2025-12-02T13:30:44.1294226Z ##[group]Run cargo fmt --all -- --check
Format	Check formatting	2025-12-02T13:30:44.1295037Z [36;1mcargo fmt --all -- --check[0m
Format	Check formatting	2025-12-02T13:30:44.1330674Z shell: /usr/bin/bash -e {0}
Format	Check formatting	2025-12-02T13:30:44.1330958Z env:
Format	Check formatting	2025-12-02T13:30:44.1331180Z   CARGO_TERM_COLOR: always
Format	Check formatting	2025-12-02T13:30:44.1331450Z   CARGO_HOME: /home/runner/.cargo
Format	Check formatting	2025-12-02T13:30:44.1331722Z   CARGO_INCREMENTAL: 0
Format	Check formatting	2025-12-02T13:30:44.1331958Z ##[endgroup]
Format	Check formatting	2025-12-02T13:30:44.2897865Z error[internal]: line formatted, but exceeded maximum width (maximum: 80 (see `max_width` option), found: 87)
Format	Check formatting	2025-12-02T13:30:44.2899338Z   --> /home/runner/work/dunes/dunes/crates/trees/src/sbt.rs:89:89:81
Format	Check formatting	2025-12-02T13:30:44.2900101Z    |
Format	Check formatting	2025-12-02T13:30:44.2900735Z 89 |   /// Remove index from tree using SBT balancing, returns new root (None if tree empty)
Format	Check formatting	2025-12-02T13:30:44.2901530Z    |                                                                                 ^^^^^^^
Format	Check formatting	2025-12-02T13:30:44.2902050Z    |
Format	Check formatting	2025-12-02T13:30:44.2902738Z    = note: set `error_on_unformatted = false` to suppress the warning against comments or string literals
Format	Check formatting	2025-12-02T13:30:44.2903459Z 
Format	Check formatting	2025-12-02T13:30:44.2904010Z error[internal]: line formatted, but exceeded maximum width (maximum: 80 (see `max_width` option), found: 90)
Format	Check formatting	2025-12-02T13:30:44.2905344Z  --> /home/runner/work/dunes/dunes/crates/trees/src/treap.rs:6:6:81
Format	Check formatting	2025-12-02T13:30:44.2905978Z   |
Format	Check formatting	2025-12-02T13:30:44.2906686Z 6 | /// Priority is derived from the key itself (using hash) to ensure deterministic behavior.
Format	Check formatting	2025-12-02T13:30:44.2907518Z   |                                                                                 ^^^^^^^^^^
Format	Check formatting	2025-12-02T13:30:44.2908042Z   |
Format	Check formatting	2025-12-02T13:30:44.2908735Z   = note: set `error_on_unformatted = false` to suppress the warning against comments or string literals
Format	Check formatting	2025-12-02T13:30:44.2909387Z 
Format	Check formatting	2025-12-02T13:30:44.2909690Z warning: rustfmt has failed to format. See previous 2 errors.
Format	Check formatting	2025-12-02T13:30:44.2910147Z 
Format	Check formatting	2025-12-02T13:30:44.2947060Z ##[error]Process completed with exit code 1.
Format	Post Run actions/checkout@v4	﻿2025-12-02T13:30:44.3059339Z Post job cleanup.
Format	Post Run actions/checkout@v4	2025-12-02T13:30:44.3988997Z [command]/usr/bin/git version
Format	Post Run actions/checkout@v4	2025-12-02T13:30:44.4061049Z git version 2.51.2
Format	Post Run actions/checkout@v4	2025-12-02T13:30:44.4089288Z Temporarily overriding HOME='/home/runner/work/_temp/5cff7228-3afb-4f9f-918c-f301da30cfc8' before making global git config changes
Format	Post Run actions/checkout@v4	2025-12-02T13:30:44.4090598Z Adding repository directory to the temporary git global config as a safe directory
Format	Post Run actions/checkout@v4	2025-12-02T13:30:44.4094829Z [command]/usr/bin/git config --global --add safe.directory /home/runner/work/dunes/dunes
Format	Post Run actions/checkout@v4	2025-12-02T13:30:44.4128032Z [command]/usr/bin/git config --local --name-only --get-regexp core\.sshCommand
Format	Post Run actions/checkout@v4	2025-12-02T13:30:44.4159056Z [command]/usr/bin/git submodule foreach --recursive sh -c "git config --local --name-only --get-regexp 'core\.sshCommand' && git config --local --unset-all 'core.sshCommand' || :"
Format	Post Run actions/checkout@v4	2025-12-02T13:30:44.4385262Z [command]/usr/bin/git config --local --name-only --get-regexp http\.https\:\/\/github\.com\/\.extraheader
Format	Post Run actions/checkout@v4	2025-12-02T13:30:44.4405102Z http.https://github.com/.extraheader
Format	Post Run actions/checkout@v4	2025-12-02T13:30:44.4417585Z [command]/usr/bin/git config --local --unset-all http.https://github.com/.extraheader
Format	Post Run actions/checkout@v4	2025-12-02T13:30:44.4448118Z [command]/usr/bin/git submodule foreach --recursive sh -c "git config --local --name-only --get-regexp 'http\.https\:\/\/github\.com\/\.extraheader' && git config --local --unset-all 'http.https://github.com/.extraheader' || :"
Format	Post Run actions/checkout@v4	2025-12-02T13:30:44.4664113Z [command]/usr/bin/git config --local --name-only --get-regexp ^includeIf\.gitdir:
Format	Post Run actions/checkout@v4	2025-12-02T13:30:44.4693705Z [command]/usr/bin/git submodule foreach --recursive git config --local --show-origin --name-only --get-regexp remote.origin.url
Format	Complete job	﻿2025-12-02T13:30:44.5012833Z Cleaning up orphan processes
Test (nightly)	Set up job	﻿2025-12-02T13:30:31.7619971Z Current runner version: '2.329.0'
Test (nightly)	Set up job	2025-12-02T13:30:31.7654605Z ##[group]Runner Image Provisioner
Test (nightly)	Set up job	2025-12-02T13:30:31.7655914Z Hosted Compute Agent
Test (nightly)	Set up job	2025-12-02T13:30:31.7657015Z Version: 20251016.436
Test (nightly)	Set up job	2025-12-02T13:30:31.7657980Z Commit: 8ab8ac8bfd662a3739dab9fe09456aba92132568
Test (nightly)	Set up job	2025-12-02T13:30:31.7659201Z Build Date: 2025-10-15T20:44:12Z
Test (nightly)	Set up job	2025-12-02T13:30:31.7660193Z ##[endgroup]
Test (nightly)	Set up job	2025-12-02T13:30:31.7661108Z ##[group]Operating System
Test (nightly)	Set up job	2025-12-02T13:30:31.7661976Z Ubuntu
Test (nightly)	Set up job	2025-12-02T13:30:31.7662710Z 24.04.3
Test (nightly)	Set up job	2025-12-02T13:30:31.7663381Z LTS
Test (nightly)	Set up job	2025-12-02T13:30:31.7664270Z ##[endgroup]
Test (nightly)	Set up job	2025-12-02T13:30:31.7664993Z ##[group]Runner Image
Test (nightly)	Set up job	2025-12-02T13:30:31.7665869Z Image: ubuntu-24.04
Test (nightly)	Set up job	2025-12-02T13:30:31.7667053Z Version: 20251112.124.1
Test (nightly)	Set up job	2025-12-02T13:30:31.7668786Z Included Software: https://github.com/actions/runner-images/blob/ubuntu24/20251112.124/images/ubuntu/Ubuntu2404-Readme.md
Test (nightly)	Set up job	2025-12-02T13:30:31.7671225Z Image Release: https://github.com/actions/runner-images/releases/tag/ubuntu24%2F20251112.124
Test (nightly)	Set up job	2025-12-02T13:30:31.7673117Z ##[endgroup]
Test (nightly)	Set up job	2025-12-02T13:30:31.7674969Z ##[group]GITHUB_TOKEN Permissions
Test (nightly)	Set up job	2025-12-02T13:30:31.7677686Z Contents: read
Test (nightly)	Set up job	2025-12-02T13:30:31.7678565Z Metadata: read
Test (nightly)	Set up job	2025-12-02T13:30:31.7679409Z Packages: read
Test (nightly)	Set up job	2025-12-02T13:30:31.7680277Z ##[endgroup]
Test (nightly)	Set up job	2025-12-02T13:30:31.7683296Z Secret source: None
Test (nightly)	Set up job	2025-12-02T13:30:31.7684321Z Prepare workflow directory
Test (nightly)	Set up job	2025-12-02T13:30:31.8238326Z Prepare all required actions
Test (nightly)	Set up job	2025-12-02T13:30:31.8296327Z Getting action download info
Test (nightly)	Set up job	2025-12-02T13:30:32.1105841Z Download action repository 'actions/checkout@v4' (SHA:34e114876b0b11c390a56381ad16ebd13914f8d5)
Test (nightly)	Set up job	2025-12-02T13:30:32.4471891Z Download action repository 'dtolnay/rust-toolchain@master' (SHA:0b1efabc08b657293548b77fb76cc02d26091c7e)
Test (nightly)	Set up job	2025-12-02T13:30:32.7521470Z Complete job name: Test (nightly)
Test (nightly)	Run actions/checkout@v4	﻿2025-12-02T13:30:32.8282605Z ##[group]Run actions/checkout@v4
Test (nightly)	Run actions/checkout@v4	2025-12-02T13:30:32.8283587Z with:
Test (nightly)	Run actions/checkout@v4	2025-12-02T13:30:32.8284058Z   repository: uselessgoddess/dunes
Test (nightly)	Run actions/checkout@v4	2025-12-02T13:30:32.8284893Z   token: ***
Test (nightly)	Run actions/checkout@v4	2025-12-02T13:30:32.8285371Z   ssh-strict: true
Test (nightly)	Run actions/checkout@v4	2025-12-02T13:30:32.8285821Z   ssh-user: git
Test (nightly)	Run actions/checkout@v4	2025-12-02T13:30:32.8286473Z   persist-credentials: true
Test (nightly)	Run actions/checkout@v4	2025-12-02T13:30:32.8287031Z   clean: true
Test (nightly)	Run actions/checkout@v4	2025-12-02T13:30:32.8287527Z   sparse-checkout-cone-mode: true
Test (nightly)	Run actions/checkout@v4	2025-12-02T13:30:32.8288074Z   fetch-depth: 1
Test (nightly)	Run actions/checkout@v4	2025-12-02T13:30:32.8288549Z   fetch-tags: false
Test (nightly)	Run actions/checkout@v4	2025-12-02T13:30:32.8289006Z   show-progress: true
Test (nightly)	Run actions/checkout@v4	2025-12-02T13:30:32.8289504Z   lfs: false
Test (nightly)	Run actions/checkout@v4	2025-12-02T13:30:32.8289969Z   submodules: false
Test (nightly)	Run actions/checkout@v4	2025-12-02T13:30:32.8290459Z   set-safe-directory: true
Test (nightly)	Run actions/checkout@v4	2025-12-02T13:30:32.8291235Z env:
Test (nightly)	Run actions/checkout@v4	2025-12-02T13:30:32.8291663Z   CARGO_TERM_COLOR: always
Test (nightly)	Run actions/checkout@v4	2025-12-02T13:30:32.8292170Z ##[endgroup]
Test (nightly)	Run actions/checkout@v4	2025-12-02T13:30:32.9400891Z Syncing repository: uselessgoddess/dunes
Test (nightly)	Run actions/checkout@v4	2025-12-02T13:30:32.9402889Z ##[group]Getting Git version info
Test (nightly)	Run actions/checkout@v4	2025-12-02T13:30:32.9403693Z Working directory is '/home/runner/work/dunes/dunes'
Test (nightly)	Run actions/checkout@v4	2025-12-02T13:30:32.9404848Z [command]/usr/bin/git version
Test (nightly)	Run actions/checkout@v4	2025-12-02T13:30:32.9497314Z git version 2.51.2
Test (nightly)	Run actions/checkout@v4	2025-12-02T13:30:32.9524017Z ##[endgroup]
Test (nightly)	Run actions/checkout@v4	2025-12-02T13:30:32.9539140Z Temporarily overriding HOME='/home/runner/work/_temp/70b61045-71ad-4bda-a9cf-2a3909c251b9' before making global git config changes
Test (nightly)	Run actions/checkout@v4	2025-12-02T13:30:32.9540886Z Adding repository directory to the temporary git global config as a safe directory
Test (nightly)	Run actions/checkout@v4	2025-12-02T13:30:32.9544633Z [command]/usr/bin/git config --global --add safe.directory /home/runner/work/dunes/dunes
Test (nightly)	Run actions/checkout@v4	2025-12-02T13:30:32.9581942Z Deleting the contents of '/home/runner/work/dunes/dunes'
Test (nightly)	Run actions/checkout@v4	2025-12-02T13:30:32.9585407Z ##[group]Initializing the repository
Test (nightly)	Run actions/checkout@v4	2025-12-02T13:30:32.9590065Z [command]/usr/bin/git init /home/runner/work/dunes/dunes
Test (nightly)	Run actions/checkout@v4	2025-12-02T13:30:32.9737371Z hint: Using 'master' as the name for the initial branch. This default branch name
Test (nightly)	Run actions/checkout@v4	2025-12-02T13:30:32.9739604Z hint: is subject to change. To configure the initial branch name to use in all
Test (nightly)	Run actions/checkout@v4	2025-12-02T13:30:32.9741902Z hint: of your new repositories, which will suppress this warning, call:
Test (nightly)	Run actions/checkout@v4	2025-12-02T13:30:32.9743234Z hint:
Test (nightly)	Run actions/checkout@v4	2025-12-02T13:30:32.9743802Z hint: 	git config --global init.defaultBranch <name>
Test (nightly)	Run actions/checkout@v4	2025-12-02T13:30:32.9744808Z hint:
Test (nightly)	Run actions/checkout@v4	2025-12-02T13:30:32.9745463Z hint: Names commonly chosen instead of 'master' are 'main', 'trunk' and
Test (nightly)	Run actions/checkout@v4	2025-12-02T13:30:32.9746835Z hint: 'development'. The just-created branch can be renamed via this command:
Test (nightly)	Run actions/checkout@v4	2025-12-02T13:30:32.9747912Z hint:
Test (nightly)	Run actions/checkout@v4	2025-12-02T13:30:32.9748587Z hint: 	git branch -m <name>
Test (nightly)	Run actions/checkout@v4	2025-12-02T13:30:32.9749129Z hint:
Test (nightly)	Run actions/checkout@v4	2025-12-02T13:30:32.9749825Z hint: Disable this message with "git config set advice.defaultBranchName false"
Test (nightly)	Run actions/checkout@v4	2025-12-02T13:30:32.9751013Z Initialized empty Git repository in /home/runner/work/dunes/dunes/.git/
Test (nightly)	Run actions/checkout@v4	2025-12-02T13:30:32.9753915Z [command]/usr/bin/git remote add origin https://github.com/uselessgoddess/dunes
Test (nightly)	Run actions/checkout@v4	2025-12-02T13:30:32.9790031Z ##[endgroup]
Test (nightly)	Run actions/checkout@v4	2025-12-02T13:30:32.9790887Z ##[group]Disabling automatic garbage collection
Test (nightly)	Run actions/checkout@v4	2025-12-02T13:30:32.9793921Z [command]/usr/bin/git config --local gc.auto 0
Test (nightly)	Run actions/checkout@v4	2025-12-02T13:30:32.9825009Z ##[endgroup]
Test (nightly)	Run actions/checkout@v4	2025-12-02T13:30:32.9825778Z ##[group]Setting up auth
Test (nightly)	Run actions/checkout@v4	2025-12-02T13:30:32.9832678Z [command]/usr/bin/git config --local --name-only --get-regexp core\.sshCommand
Test (nightly)	Run actions/checkout@v4	2025-12-02T13:30:32.9863508Z [command]/usr/bin/git submodule foreach --recursive sh -c "git config --local --name-only --get-regexp 'core\.sshCommand' && git config --local --unset-all 'core.sshCommand' || :"
Test (nightly)	Run actions/checkout@v4	2025-12-02T13:30:33.0260229Z [command]/usr/bin/git config --local --name-only --get-regexp http\.https\:\/\/github\.com\/\.extraheader
Test (nightly)	Run actions/checkout@v4	2025-12-02T13:30:33.0289432Z [command]/usr/bin/git submodule foreach --recursive sh -c "git config --local --name-only --get-regexp 'http\.https\:\/\/github\.com\/\.extraheader' && git config --local --unset-all 'http.https://github.com/.extraheader' || :"
Test (nightly)	Run actions/checkout@v4	2025-12-02T13:30:33.0519502Z [command]/usr/bin/git config --local --name-only --get-regexp ^includeIf\.gitdir:
Test (nightly)	Run actions/checkout@v4	2025-12-02T13:30:33.0552647Z [command]/usr/bin/git submodule foreach --recursive git config --local --show-origin --name-only --get-regexp remote.origin.url
Test (nightly)	Run actions/checkout@v4	2025-12-02T13:30:33.0780647Z [command]/usr/bin/git config --local http.https://github.com/.extraheader AUTHORIZATION: basic ***
Test (nightly)	Run actions/checkout@v4	2025-12-02T13:30:33.0815145Z ##[endgroup]
Test (nightly)	Run actions/checkout@v4	2025-12-02T13:30:33.0816857Z ##[group]Fetching the repository
Test (nightly)	Run actions/checkout@v4	2025-12-02T13:30:33.0825835Z [command]/usr/bin/git -c protocol.version=2 fetch --no-tags --prune --no-recurse-submodules --depth=1 origin +09f7f1aef6bcdcb39c351880275e09e7536ab3e6:refs/remotes/pull/8/merge
Test (nightly)	Run actions/checkout@v4	2025-12-02T13:30:33.2582769Z From https://github.com/uselessgoddess/dunes
Test (nightly)	Run actions/checkout@v4	2025-12-02T13:30:33.2584628Z  * [new ref]         09f7f1aef6bcdcb39c351880275e09e7536ab3e6 -> pull/8/merge
Test (nightly)	Run actions/checkout@v4	2025-12-02T13:30:33.2622452Z ##[endgroup]
Test (nightly)	Run actions/checkout@v4	2025-12-02T13:30:33.2624063Z ##[group]Determining the checkout info
Test (nightly)	Run actions/checkout@v4	2025-12-02T13:30:33.2625798Z ##[endgroup]
Test (nightly)	Run actions/checkout@v4	2025-12-02T13:30:33.2628833Z [command]/usr/bin/git sparse-checkout disable
Test (nightly)	Run actions/checkout@v4	2025-12-02T13:30:33.2669961Z [command]/usr/bin/git config --local --unset-all extensions.worktreeConfig
Test (nightly)	Run actions/checkout@v4	2025-12-02T13:30:33.2695691Z ##[group]Checking out the ref
Test (nightly)	Run actions/checkout@v4	2025-12-02T13:30:33.2698476Z [command]/usr/bin/git checkout --progress --force refs/remotes/pull/8/merge
Test (nightly)	Run actions/checkout@v4	2025-12-02T13:30:33.2763849Z Note: switching to 'refs/remotes/pull/8/merge'.
Test (nightly)	Run actions/checkout@v4	2025-12-02T13:30:33.2764761Z 
Test (nightly)	Run actions/checkout@v4	2025-12-02T13:30:33.2765365Z You are in 'detached HEAD' state. You can look around, make experimental
Test (nightly)	Run actions/checkout@v4	2025-12-02T13:30:33.2767031Z changes and commit them, and you can discard any commits you make in this
Test (nightly)	Run actions/checkout@v4	2025-12-02T13:30:33.2768766Z state without impacting any branches by switching back to a branch.
Test (nightly)	Run actions/checkout@v4	2025-12-02T13:30:33.2770267Z 
Test (nightly)	Run actions/checkout@v4	2025-12-02T13:30:33.2771217Z If you want to create a new branch to retain commits you create, you may
Test (nightly)	Run actions/checkout@v4	2025-12-02T13:30:33.2773397Z do so (now or later) by using -c with the switch command. Example:
Test (nightly)	Run actions/checkout@v4	2025-12-02T13:30:33.2774646Z 
Test (nightly)	Run actions/checkout@v4	2025-12-02T13:30:33.2775203Z   git switch -c <new-branch-name>
Test (nightly)	Run actions/checkout@v4	2025-12-02T13:30:33.2776337Z 
Test (nightly)	Run actions/checkout@v4	2025-12-02T13:30:33.2776875Z Or undo this operation with:
Test (nightly)	Run actions/checkout@v4	2025-12-02T13:30:33.2777788Z 
Test (nightly)	Run actions/checkout@v4	2025-12-02T13:30:33.2778286Z   git switch -
Test (nightly)	Run actions/checkout@v4	2025-12-02T13:30:33.2779032Z 
Test (nightly)	Run actions/checkout@v4	2025-12-02T13:30:33.2780146Z Turn off this advice by setting config variable advice.detachedHead to false
Test (nightly)	Run actions/checkout@v4	2025-12-02T13:30:33.2782159Z 
Test (nightly)	Run actions/checkout@v4	2025-12-02T13:30:33.2783773Z HEAD is now at 09f7f1a Merge e17041553f6b6e3595b07af2b2b65cdd27276d1d into 0832383d74880628c88865d4a66e5bdd0d9c27d2
Test (nightly)	Run actions/checkout@v4	2025-12-02T13:30:33.2788275Z ##[endgroup]
Test (nightly)	Run actions/checkout@v4	2025-12-02T13:30:33.2812703Z [command]/usr/bin/git log -1 --format=%H
Test (nightly)	Run actions/checkout@v4	2025-12-02T13:30:33.2834904Z 09f7f1aef6bcdcb39c351880275e09e7536ab3e6
Test (nightly)	Run dtolnay/rust-toolchain@master	﻿2025-12-02T13:30:33.3327220Z ##[group]Run dtolnay/rust-toolchain@master
Test (nightly)	Run dtolnay/rust-toolchain@master	2025-12-02T13:30:33.3328378Z with:
Test (nightly)	Run dtolnay/rust-toolchain@master	2025-12-02T13:30:33.3329184Z   toolchain: nightly
Test (nightly)	Run dtolnay/rust-toolchain@master	2025-12-02T13:30:33.3330070Z env:
Test (nightly)	Run dtolnay/rust-toolchain@master	2025-12-02T13:30:33.3330867Z   CARGO_TERM_COLOR: always
Test (nightly)	Run dtolnay/rust-toolchain@master	2025-12-02T13:30:33.3331784Z ##[endgroup]
Test (nightly)	Run dtolnay/rust-toolchain@master	2025-12-02T13:30:33.3478367Z ##[group]Run : parse toolchain version
Test (nightly)	Run dtolnay/rust-toolchain@master	2025-12-02T13:30:33.3479572Z [36;1m: parse toolchain version[0m
Test (nightly)	Run dtolnay/rust-toolchain@master	2025-12-02T13:30:33.3480576Z [36;1mif [[ -z $toolchain ]]; then[0m
Test (nightly)	Run dtolnay/rust-toolchain@master	2025-12-02T13:30:33.3482196Z [36;1m  # GitHub does not enforce `required: true` inputs itself. https://github.com/actions/runner/issues/1070[0m
Test (nightly)	Run dtolnay/rust-toolchain@master	2025-12-02T13:30:33.3483923Z [36;1m  echo "'toolchain' is a required input" >&2[0m
Test (nightly)	Run dtolnay/rust-toolchain@master	2025-12-02T13:30:33.3484986Z [36;1m  exit 1[0m
Test (nightly)	Run dtolnay/rust-toolchain@master	2025-12-02T13:30:33.3486291Z [36;1melif [[ $toolchain =~ ^stable' '[0-9]+' '(year|month|week|day)s?' 'ago$ ]]; then[0m
Test (nightly)	Run dtolnay/rust-toolchain@master	2025-12-02T13:30:33.3487626Z [36;1m  if [[ Linux == macOS ]]; then[0m
Test (nightly)	Run dtolnay/rust-toolchain@master	2025-12-02T13:30:33.3489205Z [36;1m    echo "toolchain=1.$((($(date -v-$(sed 's/stable \([0-9]*\) \(.\).*/\1\2/' <<< $toolchain) +%s)/60/60/24-16569)/7/6))" >> $GITHUB_OUTPUT[0m
Test (nightly)	Run dtolnay/rust-toolchain@master	2025-12-02T13:30:33.3490781Z [36;1m  else[0m
Test (nightly)	Run dtolnay/rust-toolchain@master	2025-12-02T13:30:33.3492071Z [36;1m    echo "toolchain=1.$((($(date --date "${toolchain#stable }" +%s)/60/60/24-16569)/7/6))" >> $GITHUB_OUTPUT[0m
Test (nightly)	Run dtolnay/rust-toolchain@master	2025-12-02T13:30:33.3493513Z [36;1m  fi[0m
Test (nightly)	Run dtolnay/rust-toolchain@master	2025-12-02T13:30:33.3494549Z [36;1melif [[ $toolchain =~ ^stable' 'minus' '[0-9]+' 'releases?$ ]]; then[0m
Test (nightly)	Run dtolnay/rust-toolchain@master	2025-12-02T13:30:33.3496357Z [36;1m  echo "toolchain=1.$((($(date +%s)/60/60/24-16569)/7/6-${toolchain//[^0-9]/}))" >> $GITHUB_OUTPUT[0m
Test (nightly)	Run dtolnay/rust-toolchain@master	2025-12-02T13:30:33.3497844Z [36;1melif [[ $toolchain =~ ^1\.[0-9]+$ ]]; then[0m
Test (nightly)	Run dtolnay/rust-toolchain@master	2025-12-02T13:30:33.3499454Z [36;1m  echo "toolchain=1.$((i=${toolchain#1.}, c=($(date +%s)/60/60/24-16569)/7/6, i+9*i*(10*i<=c)+90*i*(100*i<=c)))" >> $GITHUB_OUTPUT[0m
Test (nightly)	Run dtolnay/rust-toolchain@master	2025-12-02T13:30:33.3500969Z [36;1melse[0m
Test (nightly)	Run dtolnay/rust-toolchain@master	2025-12-02T13:30:33.3501869Z [36;1m  echo "toolchain=$toolchain" >> $GITHUB_OUTPUT[0m
Test (nightly)	Run dtolnay/rust-toolchain@master	2025-12-02T13:30:33.3502909Z [36;1mfi[0m
Test (nightly)	Run dtolnay/rust-toolchain@master	2025-12-02T13:30:33.3543080Z shell: /usr/bin/bash --noprofile --norc -e -o pipefail {0}
Test (nightly)	Run dtolnay/rust-toolchain@master	2025-12-02T13:30:33.3544288Z env:
Test (nightly)	Run dtolnay/rust-toolchain@master	2025-12-02T13:30:33.3545031Z   CARGO_TERM_COLOR: always
Test (nightly)	Run dtolnay/rust-toolchain@master	2025-12-02T13:30:33.3545913Z   toolchain: nightly
Test (nightly)	Run dtolnay/rust-toolchain@master	2025-12-02T13:30:33.3546876Z ##[endgroup]
Test (nightly)	Run dtolnay/rust-toolchain@master	2025-12-02T13:30:33.3724974Z ##[group]Run : construct rustup command line
Test (nightly)	Run dtolnay/rust-toolchain@master	2025-12-02T13:30:33.3726312Z [36;1m: construct rustup command line[0m
Test (nightly)	Run dtolnay/rust-toolchain@master	2025-12-02T13:30:33.3727823Z [36;1mecho "targets=$(for t in ${targets//,/ }; do echo -n ' --target' $t; done)" >> $GITHUB_OUTPUT[0m
Test (nightly)	Run dtolnay/rust-toolchain@master	2025-12-02T13:30:33.3729772Z [36;1mecho "components=$(for c in ${components//,/ }; do echo -n ' --component' $c; done)" >> $GITHUB_OUTPUT[0m
Test (nightly)	Run dtolnay/rust-toolchain@master	2025-12-02T13:30:33.3731379Z [36;1mecho "downgrade=" >> $GITHUB_OUTPUT[0m
Test (nightly)	Run dtolnay/rust-toolchain@master	2025-12-02T13:30:33.3767353Z shell: /usr/bin/bash --noprofile --norc -e -o pipefail {0}
Test (nightly)	Run dtolnay/rust-toolchain@master	2025-12-02T13:30:33.3768530Z env:
Test (nightly)	Run dtolnay/rust-toolchain@master	2025-12-02T13:30:33.3769261Z   CARGO_TERM_COLOR: always
Test (nightly)	Run dtolnay/rust-toolchain@master	2025-12-02T13:30:33.3770104Z   targets: 
Test (nightly)	Run dtolnay/rust-toolchain@master	2025-12-02T13:30:33.3770839Z   components: 
Test (nightly)	Run dtolnay/rust-toolchain@master	2025-12-02T13:30:33.3771603Z ##[endgroup]
Test (nightly)	Run dtolnay/rust-toolchain@master	2025-12-02T13:30:33.3957456Z ##[group]Run : set $CARGO_HOME
Test (nightly)	Run dtolnay/rust-toolchain@master	2025-12-02T13:30:33.3958511Z [36;1m: set $CARGO_HOME[0m
Test (nightly)	Run dtolnay/rust-toolchain@master	2025-12-02T13:30:33.3959645Z [36;1mecho CARGO_HOME=${CARGO_HOME:-"$HOME/.cargo"} >> $GITHUB_ENV[0m
Test (nightly)	Run dtolnay/rust-toolchain@master	2025-12-02T13:30:33.3995857Z shell: /usr/bin/bash --noprofile --norc -e -o pipefail {0}
Test (nightly)	Run dtolnay/rust-toolchain@master	2025-12-02T13:30:33.3997110Z env:
Test (nightly)	Run dtolnay/rust-toolchain@master	2025-12-02T13:30:33.3997834Z   CARGO_TERM_COLOR: always
Test (nightly)	Run dtolnay/rust-toolchain@master	2025-12-02T13:30:33.3998685Z ##[endgroup]
Test (nightly)	Run dtolnay/rust-toolchain@master	2025-12-02T13:30:33.4124652Z ##[group]Run : install rustup if needed
Test (nightly)	Run dtolnay/rust-toolchain@master	2025-12-02T13:30:33.4125728Z [36;1m: install rustup if needed[0m
Test (nightly)	Run dtolnay/rust-toolchain@master	2025-12-02T13:30:33.4127101Z [36;1mif ! command -v rustup &>/dev/null; then[0m
Test (nightly)	Run dtolnay/rust-toolchain@master	2025-12-02T13:30:33.4129289Z [36;1m  curl --proto '=https' --tlsv1.2 --retry 10 --retry-connrefused --location --silent --show-error --fail https://sh.rustup.rs | sh -s -- --default-toolchain none -y[0m
Test (nightly)	Run dtolnay/rust-toolchain@master	2025-12-02T13:30:33.4131435Z [36;1m  echo "$CARGO_HOME/bin" >> $GITHUB_PATH[0m
Test (nightly)	Run dtolnay/rust-toolchain@master	2025-12-02T13:30:33.4132431Z [36;1mfi[0m
Test (nightly)	Run dtolnay/rust-toolchain@master	2025-12-02T13:30:33.4170013Z shell: /usr/bin/bash --noprofile --norc -e -o pipefail {0}
Test (nightly)	Run dtolnay/rust-toolchain@master	2025-12-02T13:30:33.4171185Z env:
Test (nightly)	Run dtolnay/rust-toolchain@master	2025-12-02T13:30:33.4171916Z   CARGO_TERM_COLOR: always
Test (nightly)	Run dtolnay/rust-toolchain@master	2025-12-02T13:30:33.4172798Z   CARGO_HOME: /home/runner/.cargo
Test (nightly)	Run dtolnay/rust-toolchain@master	2025-12-02T13:30:33.4173717Z ##[endgroup]
Test (nightly)	Run dtolnay/rust-toolchain@master	2025-12-02T13:30:33.4298911Z ##[group]Run rustup toolchain install nightly --profile minimal --no-self-update
Test (nightly)	Run dtolnay/rust-toolchain@master	2025-12-02T13:30:33.4300637Z [36;1mrustup toolchain install nightly --profile minimal --no-self-update[0m
Test (nightly)	Run dtolnay/rust-toolchain@master	2025-12-02T13:30:33.4338270Z shell: /usr/bin/bash --noprofile --norc -e -o pipefail {0}
Test (nightly)	Run dtolnay/rust-toolchain@master	2025-12-02T13:30:33.4339431Z env:
Test (nightly)	Run dtolnay/rust-toolchain@master	2025-12-02T13:30:33.4340158Z   CARGO_TERM_COLOR: always
Test (nightly)	Run dtolnay/rust-toolchain@master	2025-12-02T13:30:33.4341049Z   CARGO_HOME: /home/runner/.cargo
Test (nightly)	Run dtolnay/rust-toolchain@master	2025-12-02T13:30:33.4341944Z ##[endgroup]
Test (nightly)	Run dtolnay/rust-toolchain@master	2025-12-02T13:30:33.5349873Z info: syncing channel updates for 'nightly-x86_64-unknown-linux-gnu'
Test (nightly)	Run dtolnay/rust-toolchain@master	2025-12-02T13:30:33.7263839Z info: latest update on 2025-12-02, rust version 1.93.0-nightly (1d60f9e07 2025-12-01)
Test (nightly)	Run dtolnay/rust-toolchain@master	2025-12-02T13:30:33.7266655Z info: downloading component 'cargo'
Test (nightly)	Run dtolnay/rust-toolchain@master	2025-12-02T13:30:33.8409492Z info: downloading component 'rust-std'
Test (nightly)	Run dtolnay/rust-toolchain@master	2025-12-02T13:30:34.0618385Z info: downloading component 'rustc'
Test (nightly)	Run dtolnay/rust-toolchain@master	2025-12-02T13:30:34.4265105Z info: installing component 'cargo'
Test (nightly)	Run dtolnay/rust-toolchain@master	2025-12-02T13:30:35.1535533Z info: installing component 'rust-std'
Test (nightly)	Run dtolnay/rust-toolchain@master	2025-12-02T13:30:37.0630552Z info: installing component 'rustc'
Test (nightly)	Run dtolnay/rust-toolchain@master	2025-12-02T13:30:41.7323654Z 
Test (nightly)	Run dtolnay/rust-toolchain@master	2025-12-02T13:30:41.7420555Z   nightly-x86_64-unknown-linux-gnu installed - rustc 1.93.0-nightly (1d60f9e07 2025-12-01)
Test (nightly)	Run dtolnay/rust-toolchain@master	2025-12-02T13:30:41.7421406Z 
Test (nightly)	Run dtolnay/rust-toolchain@master	2025-12-02T13:30:41.7477232Z ##[group]Run rustup default nightly
Test (nightly)	Run dtolnay/rust-toolchain@master	2025-12-02T13:30:41.7477552Z [36;1mrustup default nightly[0m
Test (nightly)	Run dtolnay/rust-toolchain@master	2025-12-02T13:30:41.7510270Z shell: /usr/bin/bash --noprofile --norc -e -o pipefail {0}
Test (nightly)	Run dtolnay/rust-toolchain@master	2025-12-02T13:30:41.7510597Z env:
Test (nightly)	Run dtolnay/rust-toolchain@master	2025-12-02T13:30:41.7510768Z   CARGO_TERM_COLOR: always
Test (nightly)	Run dtolnay/rust-toolchain@master	2025-12-02T13:30:41.7510996Z   CARGO_HOME: /home/runner/.cargo
Test (nightly)	Run dtolnay/rust-toolchain@master	2025-12-02T13:30:41.7511215Z ##[endgroup]
Test (nightly)	Run dtolnay/rust-toolchain@master	2025-12-02T13:30:41.7613931Z info: using existing install for 'nightly-x86_64-unknown-linux-gnu'
Test (nightly)	Run dtolnay/rust-toolchain@master	2025-12-02T13:30:41.7917588Z info: default toolchain set to 'nightly-x86_64-unknown-linux-gnu'
Test (nightly)	Run dtolnay/rust-toolchain@master	2025-12-02T13:30:41.7918323Z 
Test (nightly)	Run dtolnay/rust-toolchain@master	2025-12-02T13:30:41.8005501Z   nightly-x86_64-unknown-linux-gnu unchanged - rustc 1.93.0-nightly (1d60f9e07 2025-12-01)
Test (nightly)	Run dtolnay/rust-toolchain@master	2025-12-02T13:30:41.8006124Z 
Test (nightly)	Run dtolnay/rust-toolchain@master	2025-12-02T13:30:41.8052067Z ##[group]Run : create cachekey
Test (nightly)	Run dtolnay/rust-toolchain@master	2025-12-02T13:30:41.8052348Z [36;1m: create cachekey[0m
Test (nightly)	Run dtolnay/rust-toolchain@master	2025-12-02T13:30:41.8052787Z [36;1mDATE=$(rustc +nightly --version --verbose | sed -ne 's/^commit-date: \(20[0-9][0-9]\)-\([01][0-9]\)-\([0-3][0-9]\)$/\1\2\3/p')[0m
Test (nightly)	Run dtolnay/rust-toolchain@master	2025-12-02T13:30:41.8053398Z [36;1mHASH=$(rustc +nightly --version --verbose | sed -ne 's/^commit-hash: //p')[0m
Test (nightly)	Run dtolnay/rust-toolchain@master	2025-12-02T13:30:41.8053855Z [36;1mecho "cachekey=$(echo $DATE$HASH | head -c12)" >> $GITHUB_OUTPUT[0m
Test (nightly)	Run dtolnay/rust-toolchain@master	2025-12-02T13:30:41.8086567Z shell: /usr/bin/bash --noprofile --norc -e -o pipefail {0}
Test (nightly)	Run dtolnay/rust-toolchain@master	2025-12-02T13:30:41.8086906Z env:
Test (nightly)	Run dtolnay/rust-toolchain@master	2025-12-02T13:30:41.8087091Z   CARGO_TERM_COLOR: always
Test (nightly)	Run dtolnay/rust-toolchain@master	2025-12-02T13:30:41.8087320Z   CARGO_HOME: /home/runner/.cargo
Test (nightly)	Run dtolnay/rust-toolchain@master	2025-12-02T13:30:41.8087559Z ##[endgroup]
Test (nightly)	Run dtolnay/rust-toolchain@master	2025-12-02T13:30:41.8532668Z ##[group]Run : disable incremental compilation
Test (nightly)	Run dtolnay/rust-toolchain@master	2025-12-02T13:30:41.8533044Z [36;1m: disable incremental compilation[0m
Test (nightly)	Run dtolnay/rust-toolchain@master	2025-12-02T13:30:41.8533381Z [36;1mif [ -z "${CARGO_INCREMENTAL+set}" ]; then[0m
Test (nightly)	Run dtolnay/rust-toolchain@master	2025-12-02T13:30:41.8533718Z [36;1m  echo CARGO_INCREMENTAL=0 >> $GITHUB_ENV[0m
Test (nightly)	Run dtolnay/rust-toolchain@master	2025-12-02T13:30:41.8533973Z [36;1mfi[0m
Test (nightly)	Run dtolnay/rust-toolchain@master	2025-12-02T13:30:41.8566340Z shell: /usr/bin/bash --noprofile --norc -e -o pipefail {0}
Test (nightly)	Run dtolnay/rust-toolchain@master	2025-12-02T13:30:41.8566678Z env:
Test (nightly)	Run dtolnay/rust-toolchain@master	2025-12-02T13:30:41.8566896Z   CARGO_TERM_COLOR: always
Test (nightly)	Run dtolnay/rust-toolchain@master	2025-12-02T13:30:41.8567326Z   CARGO_HOME: /home/runner/.cargo
Test (nightly)	Run dtolnay/rust-toolchain@master	2025-12-02T13:30:41.8567561Z ##[endgroup]
Test (nightly)	Run dtolnay/rust-toolchain@master	2025-12-02T13:30:41.8645119Z ##[group]Run : enable colors in Cargo output
Test (nightly)	Run dtolnay/rust-toolchain@master	2025-12-02T13:30:41.8645468Z [36;1m: enable colors in Cargo output[0m
Test (nightly)	Run dtolnay/rust-toolchain@master	2025-12-02T13:30:41.8645752Z [36;1mif [ -z "${CARGO_TERM_COLOR+set}" ]; then[0m
Test (nightly)	Run dtolnay/rust-toolchain@master	2025-12-02T13:30:41.8646325Z [36;1m  echo CARGO_TERM_COLOR=always >> $GITHUB_ENV[0m
Test (nightly)	Run dtolnay/rust-toolchain@master	2025-12-02T13:30:41.8646795Z [36;1mfi[0m
Test (nightly)	Run dtolnay/rust-toolchain@master	2025-12-02T13:30:41.8678741Z shell: /usr/bin/bash --noprofile --norc -e -o pipefail {0}
Test (nightly)	Run dtolnay/rust-toolchain@master	2025-12-02T13:30:41.8679056Z env:
Test (nightly)	Run dtolnay/rust-toolchain@master	2025-12-02T13:30:41.8679231Z   CARGO_TERM_COLOR: always
Test (nightly)	Run dtolnay/rust-toolchain@master	2025-12-02T13:30:41.8679453Z   CARGO_HOME: /home/runner/.cargo
Test (nightly)	Run dtolnay/rust-toolchain@master	2025-12-02T13:30:41.8679673Z   CARGO_INCREMENTAL: 0
Test (nightly)	Run dtolnay/rust-toolchain@master	2025-12-02T13:30:41.8679866Z ##[endgroup]
Test (nightly)	Run dtolnay/rust-toolchain@master	2025-12-02T13:30:41.8759860Z ##[group]Run : enable Cargo sparse registry
Test (nightly)	Run dtolnay/rust-toolchain@master	2025-12-02T13:30:41.8760209Z [36;1m: enable Cargo sparse registry[0m
Test (nightly)	Run dtolnay/rust-toolchain@master	2025-12-02T13:30:41.8760533Z [36;1m# implemented in 1.66, stabilized in 1.68, made default in 1.70[0m
Test (nightly)	Run dtolnay/rust-toolchain@master	2025-12-02T13:30:41.8761181Z [36;1mif [ -z "${CARGO_REGISTRIES_CRATES_IO_PROTOCOL+set}" -o -f "/home/runner/work/_temp"/.implicit_cargo_registries_crates_io_protocol ]; then[0m
Test (nightly)	Run dtolnay/rust-toolchain@master	2025-12-02T13:30:41.8761832Z [36;1m  if rustc +nightly --version --verbose | grep -q '^release: 1\.6[89]\.'; then[0m
Test (nightly)	Run dtolnay/rust-toolchain@master	2025-12-02T13:30:41.8762351Z [36;1m    touch "/home/runner/work/_temp"/.implicit_cargo_registries_crates_io_protocol || true[0m
Test (nightly)	Run dtolnay/rust-toolchain@master	2025-12-02T13:30:41.8762841Z [36;1m    echo CARGO_REGISTRIES_CRATES_IO_PROTOCOL=sparse >> $GITHUB_ENV[0m
Test (nightly)	Run dtolnay/rust-toolchain@master	2025-12-02T13:30:41.8763282Z [36;1m  elif rustc +nightly --version --verbose | grep -q '^release: 1\.6[67]\.'; then[0m
Test (nightly)	Run dtolnay/rust-toolchain@master	2025-12-02T13:30:41.8763780Z [36;1m    touch "/home/runner/work/_temp"/.implicit_cargo_registries_crates_io_protocol || true[0m
Test (nightly)	Run dtolnay/rust-toolchain@master	2025-12-02T13:30:41.8764228Z [36;1m    echo CARGO_REGISTRIES_CRATES_IO_PROTOCOL=git >> $GITHUB_ENV[0m
Test (nightly)	Run dtolnay/rust-toolchain@master	2025-12-02T13:30:41.8764531Z [36;1m  fi[0m
Test (nightly)	Run dtolnay/rust-toolchain@master	2025-12-02T13:30:41.8764701Z [36;1mfi[0m
Test (nightly)	Run dtolnay/rust-toolchain@master	2025-12-02T13:30:41.8795804Z shell: /usr/bin/bash --noprofile --norc -e -o pipefail {0}
Test (nightly)	Run dtolnay/rust-toolchain@master	2025-12-02T13:30:41.8796391Z env:
Test (nightly)	Run dtolnay/rust-toolchain@master	2025-12-02T13:30:41.8796574Z   CARGO_TERM_COLOR: always
Test (nightly)	Run dtolnay/rust-toolchain@master	2025-12-02T13:30:41.8796801Z   CARGO_HOME: /home/runner/.cargo
Test (nightly)	Run dtolnay/rust-toolchain@master	2025-12-02T13:30:41.8797025Z   CARGO_INCREMENTAL: 0
Test (nightly)	Run dtolnay/rust-toolchain@master	2025-12-02T13:30:41.8797219Z ##[endgroup]
Test (nightly)	Run dtolnay/rust-toolchain@master	2025-12-02T13:30:41.9168195Z ##[group]Run : work around spurious network errors in curl 8.0
Test (nightly)	Run dtolnay/rust-toolchain@master	2025-12-02T13:30:41.9168679Z [36;1m: work around spurious network errors in curl 8.0[0m
Test (nightly)	Run dtolnay/rust-toolchain@master	2025-12-02T13:30:41.9169366Z [36;1m# https://rust-lang.zulipchat.com/#narrow/stream/246057-t-cargo/topic/timeout.20investigation[0m
Test (nightly)	Run dtolnay/rust-toolchain@master	2025-12-02T13:30:41.9169945Z [36;1mif rustc +nightly --version --verbose | grep -q '^release: 1\.7[01]\.'; then[0m
Test (nightly)	Run dtolnay/rust-toolchain@master	2025-12-02T13:30:41.9170361Z [36;1m  echo CARGO_HTTP_MULTIPLEXING=false >> $GITHUB_ENV[0m
Test (nightly)	Run dtolnay/rust-toolchain@master	2025-12-02T13:30:41.9170648Z [36;1mfi[0m
Test (nightly)	Run dtolnay/rust-toolchain@master	2025-12-02T13:30:41.9202586Z shell: /usr/bin/bash --noprofile --norc -e -o pipefail {0}
Test (nightly)	Run dtolnay/rust-toolchain@master	2025-12-02T13:30:41.9202908Z env:
Test (nightly)	Run dtolnay/rust-toolchain@master	2025-12-02T13:30:41.9203097Z   CARGO_TERM_COLOR: always
Test (nightly)	Run dtolnay/rust-toolchain@master	2025-12-02T13:30:41.9203313Z   CARGO_HOME: /home/runner/.cargo
Test (nightly)	Run dtolnay/rust-toolchain@master	2025-12-02T13:30:41.9203548Z   CARGO_INCREMENTAL: 0
Test (nightly)	Run dtolnay/rust-toolchain@master	2025-12-02T13:30:41.9203740Z ##[endgroup]
Test (nightly)	Run dtolnay/rust-toolchain@master	2025-12-02T13:30:41.9426651Z ##[group]Run rustc +nightly --version --verbose
Test (nightly)	Run dtolnay/rust-toolchain@master	2025-12-02T13:30:41.9427035Z [36;1mrustc +nightly --version --verbose[0m
Test (nightly)	Run dtolnay/rust-toolchain@master	2025-12-02T13:30:41.9458793Z shell: /usr/bin/bash --noprofile --norc -e -o pipefail {0}
Test (nightly)	Run dtolnay/rust-toolchain@master	2025-12-02T13:30:41.9459145Z env:
Test (nightly)	Run dtolnay/rust-toolchain@master	2025-12-02T13:30:41.9459324Z   CARGO_TERM_COLOR: always
Test (nightly)	Run dtolnay/rust-toolchain@master	2025-12-02T13:30:41.9459548Z   CARGO_HOME: /home/runner/.cargo
Test (nightly)	Run dtolnay/rust-toolchain@master	2025-12-02T13:30:41.9459778Z   CARGO_INCREMENTAL: 0
Test (nightly)	Run dtolnay/rust-toolchain@master	2025-12-02T13:30:41.9459966Z ##[endgroup]
Test (nightly)	Run dtolnay/rust-toolchain@master	2025-12-02T13:30:41.9636432Z rustc 1.93.0-nightly (1d60f9e07 2025-12-01)
Test (nightly)	Run dtolnay/rust-toolchain@master	2025-12-02T13:30:41.9637271Z binary: rustc
Test (nightly)	Run dtolnay/rust-toolchain@master	2025-12-02T13:30:41.9637847Z commit-hash: 1d60f9e070c1039b263e0f035c0f03dfcc610d0f
Test (nightly)	Run dtolnay/rust-toolchain@master	2025-12-02T13:30:41.9638428Z commit-date: 2025-12-01
Test (nightly)	Run dtolnay/rust-toolchain@master	2025-12-02T13:30:41.9638823Z host: x86_64-unknown-linux-gnu
Test (nightly)	Run dtolnay/rust-toolchain@master	2025-12-02T13:30:41.9639669Z release: 1.93.0-nightly
Test (nightly)	Run dtolnay/rust-toolchain@master	2025-12-02T13:30:41.9641398Z LLVM version: 21.1.5
Test (nightly)	Run tests for all workspace crates	﻿2025-12-02T13:30:41.9738098Z ##[group]Run cargo test --workspace --all-features
Test (nightly)	Run tests for all workspace crates	2025-12-02T13:30:41.9738552Z [36;1mcargo test --workspace --all-features[0m
Test (nightly)	Run tests for all workspace crates	2025-12-02T13:30:41.9770940Z shell: /usr/bin/bash -e {0}
Test (nightly)	Run tests for all workspace crates	2025-12-02T13:30:41.9771181Z env:
Test (nightly)	Run tests for all workspace crates	2025-12-02T13:30:41.9771363Z   CARGO_TERM_COLOR: always
Test (nightly)	Run tests for all workspace crates	2025-12-02T13:30:41.9771595Z   CARGO_HOME: /home/runner/.cargo
Test (nightly)	Run tests for all workspace crates	2025-12-02T13:30:41.9771821Z   CARGO_INCREMENTAL: 0
Test (nightly)	Run tests for all workspace crates	2025-12-02T13:30:41.9772009Z ##[endgroup]
Test (nightly)	Run tests for all workspace crates	2025-12-02T13:30:42.0584217Z [1m[92m    Updating[0m crates.io index
Test (nightly)	Run tests for all workspace crates	2025-12-02T13:30:42.5969005Z [1m[92m Downloading[0m crates ...
Test (nightly)	Run tests for all workspace crates	2025-12-02T13:30:42.6957417Z [1m[92m  Downloaded[0m aho-corasick v1.1.4
Test (nightly)	Run tests for all workspace crates	2025-12-02T13:30:42.7014689Z [1m[92m  Downloaded[0m cast v0.3.0
Test (nightly)	Run tests for all workspace crates	2025-12-02T13:30:42.7027292Z [1m[92m  Downloaded[0m anes v0.1.6
Test (nightly)	Run tests for all workspace crates	2025-12-02T13:30:42.7056816Z [1m[92m  Downloaded[0m anstyle v1.0.13
Test (nightly)	Run tests for all workspace crates	2025-12-02T13:30:42.7087489Z [1m[92m  Downloaded[0m crossbeam-deque v0.8.6
Test (nightly)	Run tests for all workspace crates	2025-12-02T13:30:42.7102799Z [1m[92m  Downloaded[0m bit-vec v0.8.0
Test (nightly)	Run tests for all workspace crates	2025-12-02T13:30:42.7120926Z [1m[92m  Downloaded[0m errno v0.3.14
Test (nightly)	Run tests for all workspace crates	2025-12-02T13:30:42.7138626Z [1m[92m  Downloaded[0m clap_builder v4.5.53
Test (nightly)	Run tests for all workspace crates	2025-12-02T13:30:42.7213969Z [1m[92m  Downloaded[0m rand_xorshift v0.4.0
Test (nightly)	Run tests for all workspace crates	2025-12-02T13:30:42.7233795Z [1m[92m  Downloaded[0m rand_chacha v0.9.0
Test (nightly)	Run tests for all workspace crates	2025-12-02T13:30:42.7251978Z [1m[92m  Downloaded[0m plotters-svg v0.3.7
Test (nightly)	Run tests for all workspace crates	2025-12-02T13:30:42.7264389Z [1m[92m  Downloaded[0m thiserror v2.0.16
Test (nightly)	Run tests for all workspace crates	2025-12-02T13:30:42.7340854Z [1m[92m  Downloaded[0m serde_derive v1.0.228
Test (nightly)	Run tests for all workspace crates	2025-12-02T13:30:42.7379133Z [1m[92m  Downloaded[0m walkdir v2.5.0
Test (nightly)	Run tests for all workspace crates	2025-12-02T13:30:42.7403185Z [1m[92m  Downloaded[0m wait-timeout v0.2.1
Test (nightly)	Run tests for all workspace crates	2025-12-02T13:30:42.7422952Z [1m[92m  Downloaded[0m tinytemplate v1.2.1
Test (nightly)	Run tests for all workspace crates	2025-12-02T13:30:42.7444984Z [1m[92m  Downloaded[0m serde_core v1.0.228
Test (nightly)	Run tests for all workspace crates	2025-12-02T13:30:42.7479115Z [1m[92m  Downloaded[0m ryu v1.0.20
Test (nightly)	Run tests for all workspace crates	2025-12-02T13:30:42.7514539Z [1m[92m  Downloaded[0m unarray v0.1.4
Test (nightly)	Run tests for all workspace crates	2025-12-02T13:30:42.7532643Z [1m[92m  Downloaded[0m thiserror-impl v2.0.16
Test (nightly)	Run tests for all workspace crates	2025-12-02T13:30:42.7551268Z [1m[92m  Downloaded[0m rusty-fork v0.3.1
Test (nightly)	Run tests for all workspace crates	2025-12-02T13:30:42.7568365Z [1m[92m  Downloaded[0m unicode-ident v1.0.19
Test (nightly)	Run tests for all workspace crates	2025-12-02T13:30:42.7602184Z [1m[92m  Downloaded[0m same-file v1.0.6
Test (nightly)	Run tests for all workspace crates	2025-12-02T13:30:42.7618023Z [1m[92m  Downloaded[0m serde v1.0.228
Test (nightly)	Run tests for all workspace crates	2025-12-02T13:30:42.7660201Z [1m[92m  Downloaded[0m libc v0.2.175
Test (nightly)	Run tests for all workspace crates	2025-12-02T13:30:42.7932337Z [1m[92m  Downloaded[0m rand v0.9.2
Test (nightly)	Run tests for all workspace crates	2025-12-02T13:30:42.7971288Z [1m[92m  Downloaded[0m regex-syntax v0.8.8
Test (nightly)	Run tests for all workspace crates	2025-12-02T13:30:42.8039719Z [1m[92m  Downloaded[0m proptest v1.9.0
Test (nightly)	Run tests for all workspace crates	2025-12-02T13:30:42.8135484Z [1m[92m  Downloaded[0m plotters v0.3.7
Test (nightly)	Run tests for all workspace crates	2025-12-02T13:30:42.8227999Z [1m[92m  Downloaded[0m itertools v0.10.5
Test (nightly)	Run tests for all workspace crates	2025-12-02T13:30:42.8290088Z [1m[92m  Downloaded[0m either v1.15.0
Test (nightly)	Run tests for all workspace crates	2025-12-02T13:30:42.8305269Z [1m[92m  Downloaded[0m regex v1.12.2
Test (nightly)	Run tests for all workspace crates	2025-12-02T13:30:42.8367005Z [1m[92m  Downloaded[0m zerocopy v0.8.31
Test (nightly)	Run tests for all workspace crates	2025-12-02T13:30:42.8616876Z [1m[92m  Downloaded[0m rayon-core v1.13.0
Test (nightly)	Run tests for all workspace crates	2025-12-02T13:30:42.8653628Z [1m[92m  Downloaded[0m criterion v0.5.1
Test (nightly)	Run tests for all workspace crates	2025-12-02T13:30:42.8725205Z [1m[92m  Downloaded[0m serde_json v1.0.145
Test (nightly)	Run tests for all workspace crates	2025-12-02T13:30:42.8796803Z [1m[92m  Downloaded[0m rayon v1.11.0
Test (nightly)	Run tests for all workspace crates	2025-12-02T13:30:42.8888827Z [1m[92m  Downloaded[0m clap_lex v0.7.6
Test (nightly)	Run tests for all workspace crates	2025-12-02T13:30:42.8899595Z [1m[92m  Downloaded[0m zerocopy-derive v0.8.31
Test (nightly)	Run tests for all workspace crates	2025-12-02T13:30:42.8968973Z [1m[92m  Downloaded[0m clap v4.5.53
Test (nightly)	Run tests for all workspace crates	2025-12-02T13:30:42.9078518Z [1m[92m  Downloaded[0m cfg-if v1.0.3
Test (nightly)	Run tests for all workspace crates	2025-12-02T13:30:42.9102498Z [1m[92m  Downloaded[0m rustix v1.1.2
Test (nightly)	Run tests for all workspace crates	2025-12-02T13:30:42.9373492Z [1m[92m  Downloaded[0m fnv v1.0.7
Test (nightly)	Run tests for all workspace crates	2025-12-02T13:30:42.9382531Z [1m[92m  Downloaded[0m syn v2.0.106
Test (nightly)	Run tests for all workspace crates	2025-12-02T13:30:42.9485218Z [1m[92m  Downloaded[0m tempfile v3.22.0
Test (nightly)	Run tests for all workspace crates	2025-12-02T13:30:42.9514186Z [1m[92m  Downloaded[0m rand_core v0.9.3
Test (nightly)	Run tests for all workspace crates	2025-12-02T13:30:42.9527124Z [1m[92m  Downloaded[0m crossbeam-utils v0.8.21
Test (nightly)	Run tests for all workspace crates	2025-12-02T13:30:42.9552645Z [1m[92m  Downloaded[0m ciborium-io v0.2.2
Test (nightly)	Run tests for all workspace crates	2025-12-02T13:30:42.9560231Z [1m[92m  Downloaded[0m bytemuck_derive v1.10.2
Test (nightly)	Run tests for all workspace crates	2025-12-02T13:30:42.9572687Z [1m[92m  Downloaded[0m bitflags v2.9.4
Test (nightly)	Run tests for all workspace crates	2025-12-02T13:30:42.9613137Z [1m[92m  Downloaded[0m autocfg v1.5.0
Test (nightly)	Run tests for all workspace crates	2025-12-02T13:30:42.9631979Z [1m[92m  Downloaded[0m itoa v1.0.15
Test (nightly)	Run tests for all workspace crates	2025-12-02T13:30:42.9645915Z [1m[92m  Downloaded[0m fastrand v2.3.0
Test (nightly)	Run tests for all workspace crates	2025-12-02T13:30:42.9670542Z [1m[92m  Downloaded[0m crossbeam-epoch v0.9.18
Test (nightly)	Run tests for all workspace crates	2025-12-02T13:30:42.9694289Z [1m[92m  Downloaded[0m bit-set v0.8.0
Test (nightly)	Run tests for all workspace crates	2025-12-02T13:30:42.9706948Z [1m[92m  Downloaded[0m quote v1.0.40
Test (nightly)	Run tests for all workspace crates	2025-12-02T13:30:42.9735808Z [1m[92m  Downloaded[0m ppv-lite86 v0.2.21
Test (nightly)	Run tests for all workspace crates	2025-12-02T13:30:42.9749204Z [1m[92m  Downloaded[0m plotters-backend v0.3.7
Test (nightly)	Run tests for all workspace crates	2025-12-02T13:30:42.9761486Z [1m[92m  Downloaded[0m oorandom v11.1.5
Test (nightly)	Run tests for all workspace crates	2025-12-02T13:30:42.9771376Z [1m[92m  Downloaded[0m once_cell v1.21.3
Test (nightly)	Run tests for all workspace crates	2025-12-02T13:30:42.9796817Z [1m[92m  Downloaded[0m regex-automata v0.4.13
Test (nightly)	Run tests for all workspace crates	2025-12-02T13:30:42.9960991Z [1m[92m  Downloaded[0m num-traits v0.2.19
Test (nightly)	Run tests for all workspace crates	2025-12-02T13:30:42.9982878Z [1m[92m  Downloaded[0m memmap2 v0.9.8
Test (nightly)	Run tests for all workspace crates	2025-12-02T13:30:42.9999874Z [1m[92m  Downloaded[0m is-terminal v0.4.17
Test (nightly)	Run tests for all workspace crates	2025-12-02T13:30:43.0008780Z [1m[92m  Downloaded[0m criterion-plot v0.5.0
Test (nightly)	Run tests for all workspace crates	2025-12-02T13:30:43.0025778Z [1m[92m  Downloaded[0m ciborium v0.2.2
Test (nightly)	Run tests for all workspace crates	2025-12-02T13:30:43.0049424Z [1m[92m  Downloaded[0m bytemuck v1.23.2
Test (nightly)	Run tests for all workspace crates	2025-12-02T13:30:43.0079787Z [1m[92m  Downloaded[0m quick-error v1.2.3
Test (nightly)	Run tests for all workspace crates	2025-12-02T13:30:43.0092059Z [1m[92m  Downloaded[0m proc-macro2 v1.0.101
Test (nightly)	Run tests for all workspace crates	2025-12-02T13:30:43.0119386Z [1m[92m  Downloaded[0m memchr v2.7.6
Test (nightly)	Run tests for all workspace crates	2025-12-02T13:30:43.0172793Z [1m[92m  Downloaded[0m half v2.7.1
Test (nightly)	Run tests for all workspace crates	2025-12-02T13:30:43.0198863Z [1m[92m  Downloaded[0m getrandom v0.3.3
Test (nightly)	Run tests for all workspace crates	2025-12-02T13:30:43.0230657Z [1m[92m  Downloaded[0m ciborium-ll v0.2.2
Test (nightly)	Run tests for all workspace crates	2025-12-02T13:30:43.0241173Z [1m[92m  Downloaded[0m linux-raw-sys v0.11.0
Test (nightly)	Run tests for all workspace crates	2025-12-02T13:30:43.1148051Z [1m[92m   Compiling[0m proc-macro2 v1.0.101
Test (nightly)	Run tests for all workspace crates	2025-12-02T13:30:43.1149115Z [1m[92m   Compiling[0m unicode-ident v1.0.19
Test (nightly)	Run tests for all workspace crates	2025-12-02T13:30:43.1149697Z [1m[92m   Compiling[0m libc v0.2.175
Test (nightly)	Run tests for all workspace crates	2025-12-02T13:30:43.1150225Z [1m[92m   Compiling[0m cfg-if v1.0.3
Test (nightly)	Run tests for all workspace crates	2025-12-02T13:30:43.1424077Z [1m[92m   Compiling[0m getrandom v0.3.3
Test (nightly)	Run tests for all workspace crates	2025-12-02T13:30:43.1720000Z [1m[92m   Compiling[0m zerocopy v0.8.31
Test (nightly)	Run tests for all workspace crates	2025-12-02T13:30:43.4618547Z [1m[92m   Compiling[0m autocfg v1.5.0
Test (nightly)	Run tests for all workspace crates	2025-12-02T13:30:43.4749117Z [1m[92m   Compiling[0m rustix v1.1.2
Test (nightly)	Run tests for all workspace crates	2025-12-02T13:30:43.7665348Z [1m[92m   Compiling[0m num-traits v0.2.19
Test (nightly)	Run tests for all workspace crates	2025-12-02T13:30:43.7717228Z [1m[92m   Compiling[0m bitflags v2.9.4
Test (nightly)	Run tests for all workspace crates	2025-12-02T13:30:43.8606556Z [1m[92m   Compiling[0m quote v1.0.40
Test (nightly)	Run tests for all workspace crates	2025-12-02T13:30:43.9340502Z [1m[92m   Compiling[0m once_cell v1.21.3
Test (nightly)	Run tests for all workspace crates	2025-12-02T13:30:44.0570886Z [1m[92m   Compiling[0m syn v2.0.106
Test (nightly)	Run tests for all workspace crates	2025-12-02T13:30:44.0804928Z [1m[92m   Compiling[0m linux-raw-sys v0.11.0
Test (nightly)	Run tests for all workspace crates	2025-12-02T13:30:44.1480351Z [1m[92m   Compiling[0m regex-syntax v0.8.8
Test (nightly)	Run tests for all workspace crates	2025-12-02T13:30:44.2163376Z [1m[92m   Compiling[0m rand_core v0.9.3
Test (nightly)	Run tests for all workspace crates	2025-12-02T13:30:44.3633730Z [1m[92m   Compiling[0m fastrand v2.3.0
Test (nightly)	Run tests for all workspace crates	2025-12-02T13:30:45.2658066Z [1m[92m   Compiling[0m wait-timeout v0.2.1
Test (nightly)	Run tests for all workspace crates	2025-12-02T13:30:45.5042791Z [1m[92m   Compiling[0m fnv v1.0.7
Test (nightly)	Run tests for all workspace crates	2025-12-02T13:30:45.5418198Z [1m[92m   Compiling[0m bit-vec v0.8.0
Test (nightly)	Run tests for all workspace crates	2025-12-02T13:30:45.7151748Z [1m[92m   Compiling[0m quick-error v1.2.3
Test (nightly)	Run tests for all workspace crates	2025-12-02T13:30:45.7661876Z [1m[92m   Compiling[0m bit-set v0.8.0
Test (nightly)	Run tests for all workspace crates	2025-12-02T13:30:45.8637376Z [1m[92m   Compiling[0m rand_xorshift v0.4.0
Test (nightly)	Run tests for all workspace crates	2025-12-02T13:30:45.9415424Z [1m[92m   Compiling[0m tempfile v3.22.0
Test (nightly)	Run tests for all workspace crates	2025-12-02T13:30:46.3326788Z [1m[92m   Compiling[0m rusty-fork v0.3.1
Test (nightly)	Run tests for all workspace crates	2025-12-02T13:30:46.3379828Z [1m[92m   Compiling[0m rand v0.9.2
Test (nightly)	Run tests for all workspace crates	2025-12-02T13:30:46.6691432Z [1m[92m   Compiling[0m unarray v0.1.4
Test (nightly)	Run tests for all workspace crates	2025-12-02T13:30:46.7167868Z [1m[92m   Compiling[0m crossbeam-utils v0.8.21
Test (nightly)	Run tests for all workspace crates	2025-12-02T13:30:46.8341480Z [1m[92m   Compiling[0m serde_core v1.0.228
Test (nightly)	Run tests for all workspace crates	2025-12-02T13:30:46.8842829Z [1m[92m   Compiling[0m thiserror v2.0.16
Test (nightly)	Run tests for all workspace crates	2025-12-02T13:30:47.1837369Z [1m[92m   Compiling[0m serde v1.0.228
Test (nightly)	Run tests for all workspace crates	2025-12-02T13:30:47.3714184Z [1m[92m   Compiling[0m memmap2 v0.9.8
Test (nightly)	Run tests for all workspace crates	2025-12-02T13:30:47.5240010Z [1m[92m   Compiling[0m crossbeam-epoch v0.9.18
Test (nightly)	Run tests for all workspace crates	2025-12-02T13:30:47.5789422Z [1m[92m   Compiling[0m serde_json v1.0.145
Test (nightly)	Run tests for all workspace crates	2025-12-02T13:30:47.6746357Z [1m[92m   Compiling[0m rayon-core v1.13.0
Test (nightly)	Run tests for all workspace crates	2025-12-02T13:30:47.7611045Z [1m[92m   Compiling[0m either v1.15.0
Test (nightly)	Run tests for all workspace crates	2025-12-02T13:30:47.8106846Z [1m[92m   Compiling[0m crossbeam-deque v0.8.6
Test (nightly)	Run tests for all workspace crates	2025-12-02T13:30:47.8553191Z [1m[92m   Compiling[0m zerocopy-derive v0.8.31
Test (nightly)	Run tests for all workspace crates	2025-12-02T13:30:47.9167662Z [1m[92m   Compiling[0m bytemuck_derive v1.10.2
Test (nightly)	Run tests for all workspace crates	2025-12-02T13:30:47.9545355Z [1m[92m   Compiling[0m thiserror-impl v2.0.16
Test (nightly)	Run tests for all workspace crates	2025-12-02T13:30:49.0529252Z [1m[92m   Compiling[0m bytemuck v1.23.2
Test (nightly)	Run tests for all workspace crates	2025-12-02T13:30:49.1298884Z [1m[92m   Compiling[0m serde_derive v1.0.228
Test (nightly)	Run tests for all workspace crates	2025-12-02T13:30:49.2158778Z [1m[92m   Compiling[0m ryu v1.0.20
Test (nightly)	Run tests for all workspace crates	2025-12-02T13:30:49.3344125Z [1m[92m   Compiling[0m memchr v2.7.6
Test (nightly)	Run tests for all workspace crates	2025-12-02T13:30:49.4013139Z [1m[92m   Compiling[0m ciborium-io v0.2.2
Test (nightly)	Run tests for all workspace crates	2025-12-02T13:30:49.4363789Z [1m[92m   Compiling[0m itoa v1.0.15
Test (nightly)	Run tests for all workspace crates	2025-12-02T13:30:49.5121347Z [1m[92m   Compiling[0m anstyle v1.0.13
Test (nightly)	Run tests for all workspace crates	2025-12-02T13:30:49.6834803Z [1m[92m   Compiling[0m clap_lex v0.7.6
Test (nightly)	Run tests for all workspace crates	2025-12-02T13:30:49.8480130Z [1m[92m   Compiling[0m plotters-backend v0.3.7
Test (nightly)	Run tests for all workspace crates	2025-12-02T13:30:50.0702990Z [1m[92m   Compiling[0m plotters-svg v0.3.7
Test (nightly)	Run tests for all workspace crates	2025-12-02T13:30:50.0734452Z [1m[92m   Compiling[0m clap_builder v4.5.53
Test (nightly)	Run tests for all workspace crates	2025-12-02T13:30:50.8235632Z [1m[92m   Compiling[0m ppv-lite86 v0.2.21
Test (nightly)	Run tests for all workspace crates	2025-12-02T13:30:51.1346629Z [1m[92m   Compiling[0m rand_chacha v0.9.0
Test (nightly)	Run tests for all workspace crates	2025-12-02T13:30:51.3677928Z [1m[92m   Compiling[0m proptest v1.9.0
Test (nightly)	Run tests for all workspace crates	2025-12-02T13:30:51.4892932Z [1m[92m   Compiling[0m half v2.7.1
Test (nightly)	Run tests for all workspace crates	2025-12-02T13:30:51.7386757Z [1m[92m   Compiling[0m ciborium-ll v0.2.2
Test (nightly)	Run tests for all workspace crates	2025-12-02T13:30:51.8860048Z [1m[92m   Compiling[0m mem v0.1.0 (/home/runner/work/dunes/dunes/crates/mem)
Test (nightly)	Run tests for all workspace crates	2025-12-02T13:30:52.7696750Z [1m[92m   Compiling[0m itertools v0.10.5
Test (nightly)	Run tests for all workspace crates	2025-12-02T13:30:52.7940948Z [1m[92m   Compiling[0m regex-automata v0.4.13
Test (nightly)	Run tests for all workspace crates	2025-12-02T13:30:53.4292979Z [1m[92m   Compiling[0m same-file v1.0.6
Test (nightly)	Run tests for all workspace crates	2025-12-02T13:30:53.5186822Z [1m[92m   Compiling[0m cast v0.3.0
Test (nightly)	Run tests for all workspace crates	2025-12-02T13:30:53.6457241Z [1m[92m   Compiling[0m walkdir v2.5.0
Test (nightly)	Run tests for all workspace crates	2025-12-02T13:30:53.9399812Z [1m[92m   Compiling[0m criterion-plot v0.5.0
Test (nightly)	Run tests for all workspace crates	2025-12-02T13:30:53.9441554Z [1m[92m   Compiling[0m ciborium v0.2.2
Test (nightly)	Run tests for all workspace crates	2025-12-02T13:30:54.3928450Z [1m[92m   Compiling[0m regex v1.12.2
Test (nightly)	Run tests for all workspace crates	2025-12-02T13:30:54.5598772Z [1m[92m   Compiling[0m tinytemplate v1.2.1
Test (nightly)	Run tests for all workspace crates	2025-12-02T13:30:54.8283789Z [1m[92m   Compiling[0m rayon v1.11.0
Test (nightly)	Run tests for all workspace crates	2025-12-02T13:30:55.0176208Z [1m[92m   Compiling[0m clap v4.5.53
Test (nightly)	Run tests for all workspace crates	2025-12-02T13:30:55.0496634Z [1m[92m   Compiling[0m plotters v0.3.7
Test (nightly)	Run tests for all workspace crates	2025-12-02T13:30:55.5376189Z [1m[92m   Compiling[0m is-terminal v0.4.17
Test (nightly)	Run tests for all workspace crates	2025-12-02T13:30:55.5759851Z [1m[92m   Compiling[0m anes v0.1.6
Test (nightly)	Run tests for all workspace crates	2025-12-02T13:30:55.7537586Z [1m[92m   Compiling[0m oorandom v11.1.5
Test (nightly)	Run tests for all workspace crates	2025-12-02T13:30:55.8189312Z [1m[92m   Compiling[0m dunes-trees v0.1.0 (/home/runner/work/dunes/dunes/crates/trees)
Test (nightly)	Run tests for all workspace crates	2025-12-02T13:30:55.9325617Z [1m[92m   Compiling[0m dunes v0.1.0 (/home/runner/work/dunes/dunes)
Test (nightly)	Run tests for all workspace crates	2025-12-02T13:30:56.7951044Z [1m[92m   Compiling[0m criterion v0.5.1
Test (nightly)	Run tests for all workspace crates	2025-12-02T13:30:59.3719875Z [1m[33mwarning[0m[1m: unused import: `std::collections::HashSet`[0m
Test (nightly)	Run tests for all workspace crates	2025-12-02T13:30:59.3721527Z  [1m[94m--> [0mcrates/trees/tests/proptest.rs:4:3
Test (nightly)	Run tests for all workspace crates	2025-12-02T13:30:59.3722018Z   [1m[94m|[0m
Test (nightly)	Run tests for all workspace crates	2025-12-02T13:30:59.3722587Z [1m[94m4[0m [1m[94m|[0m   std::collections::HashSet,
Test (nightly)	Run tests for all workspace crates	2025-12-02T13:30:59.3723161Z   [1m[94m|[0m   [1m[33m^^^^^^^^^^^^^^^^^^^^^^^^^[0m
Test (nightly)	Run tests for all workspace crates	2025-12-02T13:30:59.3723649Z   [1m[94m|[0m
Test (nightly)	Run tests for all workspace crates	2025-12-02T13:30:59.3724268Z   [1m[94m= [0m[1mnote[0m: `#[warn(unused_imports)]` (part of `#[warn(unused)]`) on by default
Test (nightly)	Run tests for all workspace crates	2025-12-02T13:30:59.3724736Z 
Test (nightly)	Run tests for all workspace crates	2025-12-02T13:30:59.7612518Z [1m[33mwarning[0m: `dunes-trees` (test "proptest") generated 1 warning (run `cargo fix --test "proptest" -p dunes-trees` to apply 1 suggestion)
Test (nightly)	Run tests for all workspace crates	2025-12-02T13:30:59.7613760Z [1m[92m    Finished[0m `test` profile [unoptimized + debuginfo] target(s) in 17.74s
Test (nightly)	Run tests for all workspace crates	2025-12-02T13:30:59.7869255Z [1m[92m     Running[0m unittests src/lib.rs (target/debug/deps/dunes-3c58c88f94c20cd2)
Test (nightly)	Run tests for all workspace crates	2025-12-02T13:30:59.7884303Z 
Test (nightly)	Run tests for all workspace crates	2025-12-02T13:30:59.7884481Z running 0 tests
Test (nightly)	Run tests for all workspace crates	2025-12-02T13:30:59.7884776Z 
Test (nightly)	Run tests for all workspace crates	2025-12-02T13:30:59.7885358Z test result: ok. 0 passed; 0 failed; 0 ignored; 0 measured; 0 filtered out; finished in 0.00s
Test (nightly)	Run tests for all workspace crates	2025-12-02T13:30:59.7886290Z 
Test (nightly)	Run tests for all workspace crates	2025-12-02T13:30:59.7888231Z [1m[92m     Running[0m unittests src/lib.rs (target/debug/deps/dunes_trees-583810b17ae1f582)
Test (nightly)	Run tests for all workspace crates	2025-12-02T13:30:59.7896744Z 
Test (nightly)	Run tests for all workspace crates	2025-12-02T13:30:59.7896887Z running 5 tests
Test (nightly)	Run tests for all workspace crates	2025-12-02T13:30:59.7899605Z test store::tests::test_store_insert_remove ... ignored
Test (nightly)	Run tests for all workspace crates	2025-12-02T13:30:59.7900583Z test store::tests::test_store_basic ... ok
Test (nightly)	Run tests for all workspace crates	2025-12-02T13:30:59.7901098Z test treap::tests::test_treap_basic ... ok
Test (nightly)	Run tests for all workspace crates	2025-12-02T13:30:59.7901590Z test treap::tests::test_treap_priorities ... ok
Test (nightly)	Run tests for all workspace crates	2025-12-02T13:30:59.7901986Z test treap::tests::test_treap_insert_remove ... ok
Test (nightly)	Run tests for all workspace crates	2025-12-02T13:30:59.7902221Z 
Test (nightly)	Run tests for all workspace crates	2025-12-02T13:30:59.7902439Z test result: ok. 4 passed; 0 failed; 1 ignored; 0 measured; 0 filtered out; finished in 0.00s
Test (nightly)	Run tests for all workspace crates	2025-12-02T13:30:59.7902741Z 
Test (nightly)	Run tests for all workspace crates	2025-12-02T13:30:59.7903385Z [1m[92m     Running[0m tests/basic.rs (target/debug/deps/basic-848c11cff56d70bb)
Test (nightly)	Run tests for all workspace crates	2025-12-02T13:30:59.7911782Z 
Test (nightly)	Run tests for all workspace crates	2025-12-02T13:30:59.7911911Z running 2 tests
Test (nightly)	Run tests for all workspace crates	2025-12-02T13:30:59.7914147Z test test_single_insert ... ok
Test (nightly)	Run tests for all workspace crates	2025-12-02T13:30:59.7914532Z test test_two_inserts ... ok
Test (nightly)	Run tests for all workspace crates	2025-12-02T13:30:59.7914732Z 
Test (nightly)	Run tests for all workspace crates	2025-12-02T13:30:59.7914956Z test result: ok. 2 passed; 0 failed; 0 ignored; 0 measured; 0 filtered out; finished in 0.00s
Test (nightly)	Run tests for all workspace crates	2025-12-02T13:30:59.7915254Z 
Test (nightly)	Run tests for all workspace crates	2025-12-02T13:30:59.7917279Z [1m[92m     Running[0m tests/proptest.rs (target/debug/deps/proptest-d9d8425179f7fe16)
Test (nightly)	Run tests for all workspace crates	2025-12-02T13:30:59.7926154Z 
Test (nightly)	Run tests for all workspace crates	2025-12-02T13:30:59.7926318Z running 5 tests
Test (nightly)	Run tests for all workspace crates	2025-12-02T13:30:59.8038920Z test prop_search_respects_ordering ... ok
Test (nightly)	Run tests for all workspace crates	2025-12-02T13:30:59.8039432Z test prop_sequential_inserts ... ok
Test (nightly)	Run tests for all workspace crates	2025-12-02T13:30:59.8076660Z test prop_nonexistent_not_found ... ok
Test (nightly)	Run tests for all workspace crates	2025-12-02T13:30:59.8093316Z test prop_insert_maintains_size ... ok
Test (nightly)	Run tests for all workspace crates	2025-12-02T13:30:59.8118888Z test prop_insert_and_search ... ok
Test (nightly)	Run tests for all workspace crates	2025-12-02T13:30:59.8119208Z 
Test (nightly)	Run tests for all workspace crates	2025-12-02T13:30:59.8119581Z test result: ok. 5 passed; 0 failed; 0 ignored; 0 measured; 0 filtered out; finished in 0.02s
Test (nightly)	Run tests for all workspace crates	2025-12-02T13:30:59.8120137Z 
Test (nightly)	Run tests for all workspace crates	2025-12-02T13:30:59.8122508Z [1m[92m     Running[0m unittests src/lib.rs (target/debug/deps/mem-fa1eb57d2b59dbaa)
Test (nightly)	Run tests for all workspace crates	2025-12-02T13:30:59.8131616Z 
Test (nightly)	Run tests for all workspace crates	2025-12-02T13:30:59.8131759Z running 1 test
Test (nightly)	Run tests for all workspace crates	2025-12-02T13:30:59.8134268Z test place::zst_build ... ok
Test (nightly)	Run tests for all workspace crates	2025-12-02T13:30:59.8134526Z 
Test (nightly)	Run tests for all workspace crates	2025-12-02T13:30:59.8134863Z test result: ok. 1 passed; 0 failed; 0 ignored; 0 measured; 0 filtered out; finished in 0.00s
Test (nightly)	Run tests for all workspace crates	2025-12-02T13:30:59.8135333Z 
Test (nightly)	Run tests for all workspace crates	2025-12-02T13:30:59.8137984Z [1m[92m     Running[0m tests/fuzz.rs (target/debug/deps/fuzz-724346f59030fe36)
Test (nightly)	Run tests for all workspace crates	2025-12-02T13:30:59.8146305Z 
Test (nightly)	Run tests for all workspace crates	2025-12-02T13:30:59.8146501Z running 5 tests
Test (nightly)	Run tests for all workspace crates	2025-12-02T13:30:59.8156525Z test capacity_overflow ... ok
Test (nightly)	Run tests for all workspace crates	2025-12-02T13:30:59.8259105Z test shrink_preserves_remaining ... ok
Test (nightly)	Run tests for all workspace crates	2025-12-02T13:30:59.8299123Z test grow_maintains_data ... ok
Test (nightly)	Run tests for all workspace crates	2025-12-02T13:30:59.9559350Z test random_prealloc_ops ... ok
Test (nightly)	Run tests for all workspace crates	2025-12-02T13:30:59.9648604Z test random_alloc_ops ... ok
Test (nightly)	Run tests for all workspace crates	2025-12-02T13:30:59.9648951Z 
Test (nightly)	Run tests for all workspace crates	2025-12-02T13:30:59.9649312Z test result: ok. 5 passed; 0 failed; 0 ignored; 0 measured; 0 filtered out; finished in 0.15s
Test (nightly)	Run tests for all workspace crates	2025-12-02T13:30:59.9649729Z 
Test (nightly)	Run tests for all workspace crates	2025-12-02T13:30:59.9654884Z [1m[92m     Running[0m tests/general.rs (target/debug/deps/general-ff4c26e55e629ba1)
Test (nightly)	Run tests for all workspace crates	2025-12-02T13:30:59.9665782Z 
Test (nightly)	Run tests for all workspace crates	2025-12-02T13:30:59.9666252Z running 0 tests
Test (nightly)	Run tests for all workspace crates	2025-12-02T13:30:59.9666463Z 
Test (nightly)	Run tests for all workspace crates	2025-12-02T13:30:59.9666729Z test result: ok. 0 passed; 0 failed; 0 ignored; 0 measured; 0 filtered out; finished in 0.00s
Test (nightly)	Run tests for all workspace crates	2025-12-02T13:30:59.9667102Z 
Test (nightly)	Run tests for all workspace crates	2025-12-02T13:30:59.9668751Z [1m[92m     Running[0m tests/miri.rs (target/debug/deps/miri-c093b258630586ed)
Test (nightly)	Run tests for all workspace crates	2025-12-02T13:30:59.9677300Z 
Test (nightly)	Run tests for all workspace crates	2025-12-02T13:30:59.9677732Z running 0 tests
Test (nightly)	Run tests for all workspace crates	2025-12-02T13:30:59.9677944Z 
Test (nightly)	Run tests for all workspace crates	2025-12-02T13:30:59.9678332Z test result: ok. 0 passed; 0 failed; 0 ignored; 0 measured; 0 filtered out; finished in 0.00s
Test (nightly)	Run tests for all workspace crates	2025-12-02T13:30:59.9678876Z 
Test (nightly)	Run tests for all workspace crates	2025-12-02T13:30:59.9680338Z [1m[92m     Running[0m tests/pre.rs (target/debug/deps/pre-30aec3ab49b09a0c)
Test (nightly)	Run tests for all workspace crates	2025-12-02T13:30:59.9688817Z 
Test (nightly)	Run tests for all workspace crates	2025-12-02T13:30:59.9688964Z running 2 tests
Test (nightly)	Run tests for all workspace crates	2025-12-02T13:30:59.9691479Z test ignore_grow_fillup ... ok
Test (nightly)	Run tests for all workspace crates	2025-12-02T13:30:59.9691967Z test prealloc_overgrow ... ok
Test (nightly)	Run tests for all workspace crates	2025-12-02T13:30:59.9692267Z 
Test (nightly)	Run tests for all workspace crates	2025-12-02T13:30:59.9692625Z test result: ok. 2 passed; 0 failed; 0 ignored; 0 measured; 0 filtered out; finished in 0.00s
Test (nightly)	Run tests for all workspace crates	2025-12-02T13:30:59.9693023Z 
Test (nightly)	Run tests for all workspace crates	2025-12-02T13:30:59.9694043Z [1m[92m     Running[0m tests/tests.rs (target/debug/deps/tests-8ea2e4f2a171a2ca)
Test (nightly)	Run tests for all workspace crates	2025-12-02T13:30:59.9702490Z 
Test (nightly)	Run tests for all workspace crates	2025-12-02T13:30:59.9702628Z running 6 tests
Test (nightly)	Run tests for all workspace crates	2025-12-02T13:30:59.9737364Z test edge_cases ... ok
Test (nightly)	Run tests for all workspace crates	2025-12-02T13:30:59.9737874Z test pre::ignore_grow_fillup ... ok
Test (nightly)	Run tests for all workspace crates	2025-12-02T13:30:59.9738327Z test pre::prealloc_overgrow ... ok
Test (nightly)	Run tests for all workspace crates	2025-12-02T13:30:59.9738785Z test basic_invariants ... ok
Test (nightly)	Run tests for all workspace crates	2025-12-02T13:30:59.9739892Z test mutability ... ok
Test (nightly)	Run tests for all workspace crates	2025-12-02T13:30:59.9828885Z test miri ... ok
Test (nightly)	Run tests for all workspace crates	2025-12-02T13:30:59.9829112Z 
Test (nightly)	Run tests for all workspace crates	2025-12-02T13:30:59.9829482Z test result: ok. 6 passed; 0 failed; 0 ignored; 0 measured; 0 filtered out; finished in 0.01s
Test (nightly)	Run tests for all workspace crates	2025-12-02T13:30:59.9829994Z 
Test (nightly)	Run tests for all workspace crates	2025-12-02T13:30:59.9833601Z [1m[92m   Doc-tests[0m dunes
Test (nightly)	Run tests for all workspace crates	2025-12-02T13:30:59.9971366Z 
Test (nightly)	Run tests for all workspace crates	2025-12-02T13:30:59.9971851Z running 0 tests
Test (nightly)	Run tests for all workspace crates	2025-12-02T13:30:59.9972122Z 
Test (nightly)	Run tests for all workspace crates	2025-12-02T13:30:59.9972512Z test result: ok. 0 passed; 0 failed; 0 ignored; 0 measured; 0 filtered out; finished in 0.00s
Test (nightly)	Run tests for all workspace crates	2025-12-02T13:30:59.9973018Z 
Test (nightly)	Run tests for all workspace crates	2025-12-02T13:30:59.9997128Z [1m[92m   Doc-tests[0m dunes_trees
Test (nightly)	Run tests for all workspace crates	2025-12-02T13:31:00.0221502Z 
Test (nightly)	Run tests for all workspace crates	2025-12-02T13:31:00.0222041Z running 0 tests
Test (nightly)	Run tests for all workspace crates	2025-12-02T13:31:00.0222315Z 
Test (nightly)	Run tests for all workspace crates	2025-12-02T13:31:00.0222704Z test result: ok. 0 passed; 0 failed; 0 ignored; 0 measured; 0 filtered out; finished in 0.00s
Test (nightly)	Run tests for all workspace crates	2025-12-02T13:31:00.0223079Z 
Test (nightly)	Run tests for all workspace crates	2025-12-02T13:31:00.0248654Z [1m[92m   Doc-tests[0m mem
Test (nightly)	Run tests for all workspace crates	2025-12-02T13:31:00.2207362Z 
Test (nightly)	Run tests for all workspace crates	2025-12-02T13:31:00.2207835Z running 4 tests
Test (nightly)	Run tests for all workspace crates	2025-12-02T13:31:00.2209453Z test crates/mem/src/raw.rs - raw::Page<'a,T>::assumed (line 74) ... ignored
Test (nightly)	Run tests for all workspace crates	2025-12-02T13:31:00.2210320Z test crates/mem/src/raw.rs - raw::RawMem::grow (line 135) - compile ... ok
Test (nightly)	Run tests for all workspace crates	2025-12-02T13:31:00.2221162Z test crates/mem/src/raw.rs - raw::Page<'a,T>::zeroed (line 103) ... ok
Test (nightly)	Run tests for all workspace crates	2025-12-02T13:31:00.2221993Z test crates/mem/src/raw.rs - raw::Error::CapacityOverflow (line 19) ... ok
Test (nightly)	Run tests for all workspace crates	2025-12-02T13:31:00.2222481Z 
Test (nightly)	Run tests for all workspace crates	2025-12-02T13:31:00.2222857Z test result: ok. 3 passed; 0 failed; 1 ignored; 0 measured; 0 filtered out; finished in 0.00s
Test (nightly)	Run tests for all workspace crates	2025-12-02T13:31:00.2223389Z 
Test (nightly)	Run tests for all workspace crates	2025-12-02T13:31:00.2243478Z all doctests ran in 0.17s; merged doctests compilation took 0.17s
Test (nightly)	Post Run actions/checkout@v4	﻿2025-12-02T13:31:00.2403954Z Post job cleanup.
Test (nightly)	Post Run actions/checkout@v4	2025-12-02T13:31:00.3424411Z [command]/usr/bin/git version
Test (nightly)	Post Run actions/checkout@v4	2025-12-02T13:31:00.3468415Z git version 2.51.2
Test (nightly)	Post Run actions/checkout@v4	2025-12-02T13:31:00.3512014Z Temporarily overriding HOME='/home/runner/work/_temp/42a82977-eb1c-40f2-b0a7-ec7254dbadf0' before making global git config changes
Test (nightly)	Post Run actions/checkout@v4	2025-12-02T13:31:00.3513246Z Adding repository directory to the temporary git global config as a safe directory
Test (nightly)	Post Run actions/checkout@v4	2025-12-02T13:31:00.3518312Z [command]/usr/bin/git config --global --add safe.directory /home/runner/work/dunes/dunes
Test (nightly)	Post Run actions/checkout@v4	2025-12-02T13:31:00.3623814Z [command]/usr/bin/git config --local --name-only --get-regexp core\.sshCommand
Test (nightly)	Post Run actions/checkout@v4	2025-12-02T13:31:00.3667647Z [command]/usr/bin/git submodule foreach --recursive sh -c "git config --local --name-only --get-regexp 'core\.sshCommand' && git config --local --unset-all 'core.sshCommand' || :"
Test (nightly)	Post Run actions/checkout@v4	2025-12-02T13:31:00.4286640Z [command]/usr/bin/git config --local --name-only --get-regexp http\.https\:\/\/github\.com\/\.extraheader
Test (nightly)	Post Run actions/checkout@v4	2025-12-02T13:31:00.4315898Z http.https://github.com/.extraheader
Test (nightly)	Post Run actions/checkout@v4	2025-12-02T13:31:00.4333973Z [command]/usr/bin/git config --local --unset-all http.https://github.com/.extraheader
Test (nightly)	Post Run actions/checkout@v4	2025-12-02T13:31:00.4375522Z [command]/usr/bin/git submodule foreach --recursive sh -c "git config --local --name-only --get-regexp 'http\.https\:\/\/github\.com\/\.extraheader' && git config --local --unset-all 'http.https://github.com/.extraheader' || :"
Test (nightly)	Post Run actions/checkout@v4	2025-12-02T13:31:00.4625259Z [command]/usr/bin/git config --local --name-only --get-regexp ^includeIf\.gitdir:
Test (nightly)	Post Run actions/checkout@v4	2025-12-02T13:31:00.4656830Z [command]/usr/bin/git submodule foreach --recursive git config --local --show-origin --name-only --get-regexp remote.origin.url
Test (nightly)	Complete job	﻿2025-12-02T13:31:00.5038061Z Cleaning up orphan processes
Clippy	Set up job	﻿2025-12-02T13:30:31.7070749Z Current runner version: '2.329.0'
Clippy	Set up job	2025-12-02T13:30:31.7107588Z ##[group]Runner Image Provisioner
Clippy	Set up job	2025-12-02T13:30:31.7108706Z Hosted Compute Agent
Clippy	Set up job	2025-12-02T13:30:31.7109722Z Version: 20251016.436
Clippy	Set up job	2025-12-02T13:30:31.7110648Z Commit: 8ab8ac8bfd662a3739dab9fe09456aba92132568
Clippy	Set up job	2025-12-02T13:30:31.7111739Z Build Date: 2025-10-15T20:44:12Z
Clippy	Set up job	2025-12-02T13:30:31.7112830Z ##[endgroup]
Clippy	Set up job	2025-12-02T13:30:31.7113666Z ##[group]Operating System
Clippy	Set up job	2025-12-02T13:30:31.7114910Z Ubuntu
Clippy	Set up job	2025-12-02T13:30:31.7115750Z 24.04.3
Clippy	Set up job	2025-12-02T13:30:31.7116502Z LTS
Clippy	Set up job	2025-12-02T13:30:31.7117160Z ##[endgroup]
Clippy	Set up job	2025-12-02T13:30:31.7118106Z ##[group]Runner Image
Clippy	Set up job	2025-12-02T13:30:31.7119051Z Image: ubuntu-24.04
Clippy	Set up job	2025-12-02T13:30:31.7119950Z Version: 20251112.124.1
Clippy	Set up job	2025-12-02T13:30:31.7121756Z Included Software: https://github.com/actions/runner-images/blob/ubuntu24/20251112.124/images/ubuntu/Ubuntu2404-Readme.md
Clippy	Set up job	2025-12-02T13:30:31.7124267Z Image Release: https://github.com/actions/runner-images/releases/tag/ubuntu24%2F20251112.124
Clippy	Set up job	2025-12-02T13:30:31.7126577Z ##[endgroup]
Clippy	Set up job	2025-12-02T13:30:31.7128499Z ##[group]GITHUB_TOKEN Permissions
Clippy	Set up job	2025-12-02T13:30:31.7131122Z Contents: read
Clippy	Set up job	2025-12-02T13:30:31.7132000Z Metadata: read
Clippy	Set up job	2025-12-02T13:30:31.7132871Z Packages: read
Clippy	Set up job	2025-12-02T13:30:31.7133663Z ##[endgroup]
Clippy	Set up job	2025-12-02T13:30:31.7136847Z Secret source: None
Clippy	Set up job	2025-12-02T13:30:31.7138009Z Prepare workflow directory
Clippy	Set up job	2025-12-02T13:30:31.7733574Z Prepare all required actions
Clippy	Set up job	2025-12-02T13:30:31.7793789Z Getting action download info
Clippy	Set up job	2025-12-02T13:30:31.9971955Z Download action repository 'actions/checkout@v4' (SHA:34e114876b0b11c390a56381ad16ebd13914f8d5)
Clippy	Set up job	2025-12-02T13:30:32.2910030Z Download action repository 'dtolnay/rust-toolchain@stable' (SHA:6d9817901c499d6b02debbb57edb38d33daa680b)
Clippy	Set up job	2025-12-02T13:30:32.5507799Z Complete job name: Clippy
Clippy	Run actions/checkout@v4	﻿2025-12-02T13:30:32.6195065Z ##[group]Run actions/checkout@v4
Clippy	Run actions/checkout@v4	2025-12-02T13:30:32.6195948Z with:
Clippy	Run actions/checkout@v4	2025-12-02T13:30:32.6196357Z   repository: uselessgoddess/dunes
Clippy	Run actions/checkout@v4	2025-12-02T13:30:32.6197025Z   token: ***
Clippy	Run actions/checkout@v4	2025-12-02T13:30:32.6197426Z   ssh-strict: true
Clippy	Run actions/checkout@v4	2025-12-02T13:30:32.6197808Z   ssh-user: git
Clippy	Run actions/checkout@v4	2025-12-02T13:30:32.6198203Z   persist-credentials: true
Clippy	Run actions/checkout@v4	2025-12-02T13:30:32.6198643Z   clean: true
Clippy	Run actions/checkout@v4	2025-12-02T13:30:32.6199036Z   sparse-checkout-cone-mode: true
Clippy	Run actions/checkout@v4	2025-12-02T13:30:32.6199500Z   fetch-depth: 1
Clippy	Run actions/checkout@v4	2025-12-02T13:30:32.6199874Z   fetch-tags: false
Clippy	Run actions/checkout@v4	2025-12-02T13:30:32.6200266Z   show-progress: true
Clippy	Run actions/checkout@v4	2025-12-02T13:30:32.6200666Z   lfs: false
Clippy	Run actions/checkout@v4	2025-12-02T13:30:32.6201030Z   submodules: false
Clippy	Run actions/checkout@v4	2025-12-02T13:30:32.6201422Z   set-safe-directory: true
Clippy	Run actions/checkout@v4	2025-12-02T13:30:32.6202047Z env:
Clippy	Run actions/checkout@v4	2025-12-02T13:30:32.6202417Z   CARGO_TERM_COLOR: always
Clippy	Run actions/checkout@v4	2025-12-02T13:30:32.6202851Z ##[endgroup]
Clippy	Run actions/checkout@v4	2025-12-02T13:30:32.7407182Z Syncing repository: uselessgoddess/dunes
Clippy	Run actions/checkout@v4	2025-12-02T13:30:32.7409823Z ##[group]Getting Git version info
Clippy	Run actions/checkout@v4	2025-12-02T13:30:32.7410896Z Working directory is '/home/runner/work/dunes/dunes'
Clippy	Run actions/checkout@v4	2025-12-02T13:30:32.7412554Z [command]/usr/bin/git version
Clippy	Run actions/checkout@v4	2025-12-02T13:30:32.7493733Z git version 2.51.2
Clippy	Run actions/checkout@v4	2025-12-02T13:30:32.7551334Z ##[endgroup]
Clippy	Run actions/checkout@v4	2025-12-02T13:30:32.7559664Z Temporarily overriding HOME='/home/runner/work/_temp/d45737f6-eda2-4787-9626-0b6908f481c6' before making global git config changes
Clippy	Run actions/checkout@v4	2025-12-02T13:30:32.7561334Z Adding repository directory to the temporary git global config as a safe directory
Clippy	Run actions/checkout@v4	2025-12-02T13:30:32.7568556Z [command]/usr/bin/git config --global --add safe.directory /home/runner/work/dunes/dunes
Clippy	Run actions/checkout@v4	2025-12-02T13:30:32.7612604Z Deleting the contents of '/home/runner/work/dunes/dunes'
Clippy	Run actions/checkout@v4	2025-12-02T13:30:32.7617405Z ##[group]Initializing the repository
Clippy	Run actions/checkout@v4	2025-12-02T13:30:32.7622313Z [command]/usr/bin/git init /home/runner/work/dunes/dunes
Clippy	Run actions/checkout@v4	2025-12-02T13:30:32.7754993Z hint: Using 'master' as the name for the initial branch. This default branch name
Clippy	Run actions/checkout@v4	2025-12-02T13:30:32.7756747Z hint: is subject to change. To configure the initial branch name to use in all
Clippy	Run actions/checkout@v4	2025-12-02T13:30:32.7758215Z hint: of your new repositories, which will suppress this warning, call:
Clippy	Run actions/checkout@v4	2025-12-02T13:30:32.7759106Z hint:
Clippy	Run actions/checkout@v4	2025-12-02T13:30:32.7759598Z hint: 	git config --global init.defaultBranch <name>
Clippy	Run actions/checkout@v4	2025-12-02T13:30:32.7761012Z hint:
Clippy	Run actions/checkout@v4	2025-12-02T13:30:32.7761976Z hint: Names commonly chosen instead of 'master' are 'main', 'trunk' and
Clippy	Run actions/checkout@v4	2025-12-02T13:30:32.7763589Z hint: 'development'. The just-created branch can be renamed via this command:
Clippy	Run actions/checkout@v4	2025-12-02T13:30:32.7765080Z hint:
Clippy	Run actions/checkout@v4	2025-12-02T13:30:32.7765738Z hint: 	git branch -m <name>
Clippy	Run actions/checkout@v4	2025-12-02T13:30:32.7766509Z hint:
Clippy	Run actions/checkout@v4	2025-12-02T13:30:32.7767500Z hint: Disable this message with "git config set advice.defaultBranchName false"
Clippy	Run actions/checkout@v4	2025-12-02T13:30:32.7769153Z Initialized empty Git repository in /home/runner/work/dunes/dunes/.git/
Clippy	Run actions/checkout@v4	2025-12-02T13:30:32.7774992Z [command]/usr/bin/git remote add origin https://github.com/uselessgoddess/dunes
Clippy	Run actions/checkout@v4	2025-12-02T13:30:32.7822667Z ##[endgroup]
Clippy	Run actions/checkout@v4	2025-12-02T13:30:32.7823966Z ##[group]Disabling automatic garbage collection
Clippy	Run actions/checkout@v4	2025-12-02T13:30:32.7828206Z [command]/usr/bin/git config --local gc.auto 0
Clippy	Run actions/checkout@v4	2025-12-02T13:30:32.7863401Z ##[endgroup]
Clippy	Run actions/checkout@v4	2025-12-02T13:30:32.7864882Z ##[group]Setting up auth
Clippy	Run actions/checkout@v4	2025-12-02T13:30:32.7871815Z [command]/usr/bin/git config --local --name-only --get-regexp core\.sshCommand
Clippy	Run actions/checkout@v4	2025-12-02T13:30:32.7905520Z [command]/usr/bin/git submodule foreach --recursive sh -c "git config --local --name-only --get-regexp 'core\.sshCommand' && git config --local --unset-all 'core.sshCommand' || :"
Clippy	Run actions/checkout@v4	2025-12-02T13:30:32.8298142Z [command]/usr/bin/git config --local --name-only --get-regexp http\.https\:\/\/github\.com\/\.extraheader
Clippy	Run actions/checkout@v4	2025-12-02T13:30:32.8329959Z [command]/usr/bin/git submodule foreach --recursive sh -c "git config --local --name-only --get-regexp 'http\.https\:\/\/github\.com\/\.extraheader' && git config --local --unset-all 'http.https://github.com/.extraheader' || :"
Clippy	Run actions/checkout@v4	2025-12-02T13:30:32.8567584Z [command]/usr/bin/git config --local --name-only --get-regexp ^includeIf\.gitdir:
Clippy	Run actions/checkout@v4	2025-12-02T13:30:32.8600340Z [command]/usr/bin/git submodule foreach --recursive git config --local --show-origin --name-only --get-regexp remote.origin.url
Clippy	Run actions/checkout@v4	2025-12-02T13:30:32.8829947Z [command]/usr/bin/git config --local http.https://github.com/.extraheader AUTHORIZATION: basic ***
Clippy	Run actions/checkout@v4	2025-12-02T13:30:32.8865394Z ##[endgroup]
Clippy	Run actions/checkout@v4	2025-12-02T13:30:32.8866762Z ##[group]Fetching the repository
Clippy	Run actions/checkout@v4	2025-12-02T13:30:32.8875433Z [command]/usr/bin/git -c protocol.version=2 fetch --no-tags --prune --no-recurse-submodules --depth=1 origin +09f7f1aef6bcdcb39c351880275e09e7536ab3e6:refs/remotes/pull/8/merge
Clippy	Run actions/checkout@v4	2025-12-02T13:30:33.0518448Z From https://github.com/uselessgoddess/dunes
Clippy	Run actions/checkout@v4	2025-12-02T13:30:33.0519473Z  * [new ref]         09f7f1aef6bcdcb39c351880275e09e7536ab3e6 -> pull/8/merge
Clippy	Run actions/checkout@v4	2025-12-02T13:30:33.0551797Z ##[endgroup]
Clippy	Run actions/checkout@v4	2025-12-02T13:30:33.0552953Z ##[group]Determining the checkout info
Clippy	Run actions/checkout@v4	2025-12-02T13:30:33.0554218Z ##[endgroup]
Clippy	Run actions/checkout@v4	2025-12-02T13:30:33.0559088Z [command]/usr/bin/git sparse-checkout disable
Clippy	Run actions/checkout@v4	2025-12-02T13:30:33.0600886Z [command]/usr/bin/git config --local --unset-all extensions.worktreeConfig
Clippy	Run actions/checkout@v4	2025-12-02T13:30:33.0705697Z ##[group]Checking out the ref
Clippy	Run actions/checkout@v4	2025-12-02T13:30:33.0707110Z [command]/usr/bin/git checkout --progress --force refs/remotes/pull/8/merge
Clippy	Run actions/checkout@v4	2025-12-02T13:30:33.0708553Z Note: switching to 'refs/remotes/pull/8/merge'.
Clippy	Run actions/checkout@v4	2025-12-02T13:30:33.0709230Z 
Clippy	Run actions/checkout@v4	2025-12-02T13:30:33.0709849Z You are in 'detached HEAD' state. You can look around, make experimental
Clippy	Run actions/checkout@v4	2025-12-02T13:30:33.0711532Z changes and commit them, and you can discard any commits you make in this
Clippy	Run actions/checkout@v4	2025-12-02T13:30:33.0713126Z state without impacting any branches by switching back to a branch.
Clippy	Run actions/checkout@v4	2025-12-02T13:30:33.0714204Z 
Clippy	Run actions/checkout@v4	2025-12-02T13:30:33.0716892Z If you want to create a new branch to retain commits you create, you may
Clippy	Run actions/checkout@v4	2025-12-02T13:30:33.0718387Z do so (now or later) by using -c with the switch command. Example:
Clippy	Run actions/checkout@v4	2025-12-02T13:30:33.0719247Z 
Clippy	Run actions/checkout@v4	2025-12-02T13:30:33.0719627Z   git switch -c <new-branch-name>
Clippy	Run actions/checkout@v4	2025-12-02T13:30:33.0720281Z 
Clippy	Run actions/checkout@v4	2025-12-02T13:30:33.0720654Z Or undo this operation with:
Clippy	Run actions/checkout@v4	2025-12-02T13:30:33.0721249Z 
Clippy	Run actions/checkout@v4	2025-12-02T13:30:33.0721607Z   git switch -
Clippy	Run actions/checkout@v4	2025-12-02T13:30:33.0722043Z 
Clippy	Run actions/checkout@v4	2025-12-02T13:30:33.0722764Z Turn off this advice by setting config variable advice.detachedHead to false
Clippy	Run actions/checkout@v4	2025-12-02T13:30:33.0724271Z 
Clippy	Run actions/checkout@v4	2025-12-02T13:30:33.0725608Z HEAD is now at 09f7f1a Merge e17041553f6b6e3595b07af2b2b65cdd27276d1d into 0832383d74880628c88865d4a66e5bdd0d9c27d2
Clippy	Run actions/checkout@v4	2025-12-02T13:30:33.0728872Z ##[endgroup]
Clippy	Run actions/checkout@v4	2025-12-02T13:30:33.0754325Z [command]/usr/bin/git log -1 --format=%H
Clippy	Run actions/checkout@v4	2025-12-02T13:30:33.0779656Z 09f7f1aef6bcdcb39c351880275e09e7536ab3e6
Clippy	Run dtolnay/rust-toolchain@stable	﻿2025-12-02T13:30:33.1262712Z ##[group]Run dtolnay/rust-toolchain@stable
Clippy	Run dtolnay/rust-toolchain@stable	2025-12-02T13:30:33.1263820Z with:
Clippy	Run dtolnay/rust-toolchain@stable	2025-12-02T13:30:33.1264528Z   components: clippy
Clippy	Run dtolnay/rust-toolchain@stable	2025-12-02T13:30:33.1265645Z   toolchain: stable
Clippy	Run dtolnay/rust-toolchain@stable	2025-12-02T13:30:33.1266373Z env:
Clippy	Run dtolnay/rust-toolchain@stable	2025-12-02T13:30:33.1267067Z   CARGO_TERM_COLOR: always
Clippy	Run dtolnay/rust-toolchain@stable	2025-12-02T13:30:33.1267883Z ##[endgroup]
Clippy	Run dtolnay/rust-toolchain@stable	2025-12-02T13:30:33.1406965Z ##[group]Run : parse toolchain version
Clippy	Run dtolnay/rust-toolchain@stable	2025-12-02T13:30:33.1408034Z [36;1m: parse toolchain version[0m
Clippy	Run dtolnay/rust-toolchain@stable	2025-12-02T13:30:33.1408902Z [36;1mif [[ -z $toolchain ]]; then[0m
Clippy	Run dtolnay/rust-toolchain@stable	2025-12-02T13:30:33.1410327Z [36;1m  # GitHub does not enforce `required: true` inputs itself. https://github.com/actions/runner/issues/1070[0m
Clippy	Run dtolnay/rust-toolchain@stable	2025-12-02T13:30:33.1411832Z [36;1m  echo "'toolchain' is a required input" >&2[0m
Clippy	Run dtolnay/rust-toolchain@stable	2025-12-02T13:30:33.1412753Z [36;1m  exit 1[0m
Clippy	Run dtolnay/rust-toolchain@stable	2025-12-02T13:30:33.1413725Z [36;1melif [[ $toolchain =~ ^stable' '[0-9]+' '(year|month|week|day)s?' 'ago$ ]]; then[0m
Clippy	Run dtolnay/rust-toolchain@stable	2025-12-02T13:30:33.1415042Z [36;1m  if [[ Linux == macOS ]]; then[0m
Clippy	Run dtolnay/rust-toolchain@stable	2025-12-02T13:30:33.1416429Z [36;1m    echo "toolchain=1.$((($(date -v-$(sed 's/stable \([0-9]*\) \(.\).*/\1\2/' <<< $toolchain) +%s)/60/60/24-16569)/7/6))" >> $GITHUB_OUTPUT[0m
Clippy	Run dtolnay/rust-toolchain@stable	2025-12-02T13:30:33.1417813Z [36;1m  else[0m
Clippy	Run dtolnay/rust-toolchain@stable	2025-12-02T13:30:33.1418909Z [36;1m    echo "toolchain=1.$((($(date --date "${toolchain#stable }" +%s)/60/60/24-16569)/7/6))" >> $GITHUB_OUTPUT[0m
Clippy	Run dtolnay/rust-toolchain@stable	2025-12-02T13:30:33.1420166Z [36;1m  fi[0m
Clippy	Run dtolnay/rust-toolchain@stable	2025-12-02T13:30:33.1421029Z [36;1melif [[ $toolchain =~ ^stable' 'minus' '[0-9]+' 'releases?$ ]]; then[0m
Clippy	Run dtolnay/rust-toolchain@stable	2025-12-02T13:30:33.1422454Z [36;1m  echo "toolchain=1.$((($(date +%s)/60/60/24-16569)/7/6-${toolchain//[^0-9]/}))" >> $GITHUB_OUTPUT[0m
Clippy	Run dtolnay/rust-toolchain@stable	2025-12-02T13:30:33.1423730Z [36;1melif [[ $toolchain =~ ^1\.[0-9]+$ ]]; then[0m
Clippy	Run dtolnay/rust-toolchain@stable	2025-12-02T13:30:33.1425444Z [36;1m  echo "toolchain=1.$((i=${toolchain#1.}, c=($(date +%s)/60/60/24-16569)/7/6, i+9*i*(10*i<=c)+90*i*(100*i<=c)))" >> $GITHUB_OUTPUT[0m
Clippy	Run dtolnay/rust-toolchain@stable	2025-12-02T13:30:33.1426824Z [36;1melse[0m
Clippy	Run dtolnay/rust-toolchain@stable	2025-12-02T13:30:33.1427571Z [36;1m  echo "toolchain=$toolchain" >> $GITHUB_OUTPUT[0m
Clippy	Run dtolnay/rust-toolchain@stable	2025-12-02T13:30:33.1428473Z [36;1mfi[0m
Clippy	Run dtolnay/rust-toolchain@stable	2025-12-02T13:30:33.1467310Z shell: /usr/bin/bash --noprofile --norc -e -o pipefail {0}
Clippy	Run dtolnay/rust-toolchain@stable	2025-12-02T13:30:33.1468352Z env:
Clippy	Run dtolnay/rust-toolchain@stable	2025-12-02T13:30:33.1468962Z   CARGO_TERM_COLOR: always
Clippy	Run dtolnay/rust-toolchain@stable	2025-12-02T13:30:33.1469659Z   toolchain: stable
Clippy	Run dtolnay/rust-toolchain@stable	2025-12-02T13:30:33.1470302Z ##[endgroup]
Clippy	Run dtolnay/rust-toolchain@stable	2025-12-02T13:30:33.1646667Z ##[group]Run : construct rustup command line
Clippy	Run dtolnay/rust-toolchain@stable	2025-12-02T13:30:33.1717445Z [36;1m: construct rustup command line[0m
Clippy	Run dtolnay/rust-toolchain@stable	2025-12-02T13:30:33.1718993Z [36;1mecho "targets=$(for t in ${targets//,/ }; do echo -n ' --target' $t; done)" >> $GITHUB_OUTPUT[0m
Clippy	Run dtolnay/rust-toolchain@stable	2025-12-02T13:30:33.1720764Z [36;1mecho "components=$(for c in ${components//,/ }; do echo -n ' --component' $c; done)" >> $GITHUB_OUTPUT[0m
Clippy	Run dtolnay/rust-toolchain@stable	2025-12-02T13:30:33.1722147Z [36;1mecho "downgrade=" >> $GITHUB_OUTPUT[0m
Clippy	Run dtolnay/rust-toolchain@stable	2025-12-02T13:30:33.1757593Z shell: /usr/bin/bash --noprofile --norc -e -o pipefail {0}
Clippy	Run dtolnay/rust-toolchain@stable	2025-12-02T13:30:33.1758594Z env:
Clippy	Run dtolnay/rust-toolchain@stable	2025-12-02T13:30:33.1759212Z   CARGO_TERM_COLOR: always
Clippy	Run dtolnay/rust-toolchain@stable	2025-12-02T13:30:33.1760152Z   targets: 
Clippy	Run dtolnay/rust-toolchain@stable	2025-12-02T13:30:33.1761086Z   components: clippy
Clippy	Run dtolnay/rust-toolchain@stable	2025-12-02T13:30:33.1762083Z ##[endgroup]
Clippy	Run dtolnay/rust-toolchain@stable	2025-12-02T13:30:33.1881311Z ##[group]Run : set $CARGO_HOME
Clippy	Run dtolnay/rust-toolchain@stable	2025-12-02T13:30:33.1882121Z [36;1m: set $CARGO_HOME[0m
Clippy	Run dtolnay/rust-toolchain@stable	2025-12-02T13:30:33.1883187Z [36;1mecho CARGO_HOME=${CARGO_HOME:-"$HOME/.cargo"} >> $GITHUB_ENV[0m
Clippy	Run dtolnay/rust-toolchain@stable	2025-12-02T13:30:33.1916899Z shell: /usr/bin/bash --noprofile --norc -e -o pipefail {0}
Clippy	Run dtolnay/rust-toolchain@stable	2025-12-02T13:30:33.1917855Z env:
Clippy	Run dtolnay/rust-toolchain@stable	2025-12-02T13:30:33.1918447Z   CARGO_TERM_COLOR: always
Clippy	Run dtolnay/rust-toolchain@stable	2025-12-02T13:30:33.1919134Z ##[endgroup]
Clippy	Run dtolnay/rust-toolchain@stable	2025-12-02T13:30:33.2031439Z ##[group]Run : install rustup if needed
Clippy	Run dtolnay/rust-toolchain@stable	2025-12-02T13:30:33.2032543Z [36;1m: install rustup if needed[0m
Clippy	Run dtolnay/rust-toolchain@stable	2025-12-02T13:30:33.2033376Z [36;1mif ! command -v rustup &>/dev/null; then[0m
Clippy	Run dtolnay/rust-toolchain@stable	2025-12-02T13:30:33.2035633Z [36;1m  curl --proto '=https' --tlsv1.2 --retry 10 --retry-connrefused --location --silent --show-error --fail https://sh.rustup.rs | sh -s -- --default-toolchain none -y[0m
Clippy	Run dtolnay/rust-toolchain@stable	2025-12-02T13:30:33.2037543Z [36;1m  echo "$CARGO_HOME/bin" >> $GITHUB_PATH[0m
Clippy	Run dtolnay/rust-toolchain@stable	2025-12-02T13:30:33.2038602Z [36;1mfi[0m
Clippy	Run dtolnay/rust-toolchain@stable	2025-12-02T13:30:33.2071786Z shell: /usr/bin/bash --noprofile --norc -e -o pipefail {0}
Clippy	Run dtolnay/rust-toolchain@stable	2025-12-02T13:30:33.2072727Z env:
Clippy	Run dtolnay/rust-toolchain@stable	2025-12-02T13:30:33.2073305Z   CARGO_TERM_COLOR: always
Clippy	Run dtolnay/rust-toolchain@stable	2025-12-02T13:30:33.2074008Z   CARGO_HOME: /home/runner/.cargo
Clippy	Run dtolnay/rust-toolchain@stable	2025-12-02T13:30:33.2074949Z ##[endgroup]
Clippy	Run dtolnay/rust-toolchain@stable	2025-12-02T13:30:33.2189171Z ##[group]Run rustup toolchain install stable --component clippy --profile minimal --no-self-update
Clippy	Run dtolnay/rust-toolchain@stable	2025-12-02T13:30:33.2190936Z [36;1mrustup toolchain install stable --component clippy --profile minimal --no-self-update[0m
Clippy	Run dtolnay/rust-toolchain@stable	2025-12-02T13:30:33.2224476Z shell: /usr/bin/bash --noprofile --norc -e -o pipefail {0}
Clippy	Run dtolnay/rust-toolchain@stable	2025-12-02T13:30:33.2225656Z env:
Clippy	Run dtolnay/rust-toolchain@stable	2025-12-02T13:30:33.2226224Z   CARGO_TERM_COLOR: always
Clippy	Run dtolnay/rust-toolchain@stable	2025-12-02T13:30:33.2226926Z   CARGO_HOME: /home/runner/.cargo
Clippy	Run dtolnay/rust-toolchain@stable	2025-12-02T13:30:33.2227641Z ##[endgroup]
Clippy	Run dtolnay/rust-toolchain@stable	2025-12-02T13:30:33.5091270Z info: syncing channel updates for 'stable-x86_64-unknown-linux-gnu'
Clippy	Run dtolnay/rust-toolchain@stable	2025-12-02T13:30:33.6428578Z info: latest update on 2025-11-10, rust version 1.91.1 (ed61e7d7e 2025-11-07)
Clippy	Run dtolnay/rust-toolchain@stable	2025-12-02T13:30:33.6775307Z info: component 'clippy' for target 'x86_64-unknown-linux-gnu' is up to date
Clippy	Run dtolnay/rust-toolchain@stable	2025-12-02T13:30:33.6803233Z 
Clippy	Run dtolnay/rust-toolchain@stable	2025-12-02T13:30:33.6897404Z   stable-x86_64-unknown-linux-gnu unchanged - rustc 1.91.1 (ed61e7d7e 2025-11-07)
Clippy	Run dtolnay/rust-toolchain@stable	2025-12-02T13:30:33.6899057Z 
Clippy	Run dtolnay/rust-toolchain@stable	2025-12-02T13:30:33.6963197Z ##[group]Run rustup default stable
Clippy	Run dtolnay/rust-toolchain@stable	2025-12-02T13:30:33.6964123Z [36;1mrustup default stable[0m
Clippy	Run dtolnay/rust-toolchain@stable	2025-12-02T13:30:33.6998189Z shell: /usr/bin/bash --noprofile --norc -e -o pipefail {0}
Clippy	Run dtolnay/rust-toolchain@stable	2025-12-02T13:30:33.6999330Z env:
Clippy	Run dtolnay/rust-toolchain@stable	2025-12-02T13:30:33.6999934Z   CARGO_TERM_COLOR: always
Clippy	Run dtolnay/rust-toolchain@stable	2025-12-02T13:30:33.7000745Z   CARGO_HOME: /home/runner/.cargo
Clippy	Run dtolnay/rust-toolchain@stable	2025-12-02T13:30:33.7001569Z ##[endgroup]
Clippy	Run dtolnay/rust-toolchain@stable	2025-12-02T13:30:33.7117928Z info: using existing install for 'stable-x86_64-unknown-linux-gnu'
Clippy	Run dtolnay/rust-toolchain@stable	2025-12-02T13:30:33.7493796Z info: default toolchain set to 'stable-x86_64-unknown-linux-gnu'
Clippy	Run dtolnay/rust-toolchain@stable	2025-12-02T13:30:33.7495935Z 
Clippy	Run dtolnay/rust-toolchain@stable	2025-12-02T13:30:33.7586205Z   stable-x86_64-unknown-linux-gnu unchanged - rustc 1.91.1 (ed61e7d7e 2025-11-07)
Clippy	Run dtolnay/rust-toolchain@stable	2025-12-02T13:30:33.7588254Z 
Clippy	Run dtolnay/rust-toolchain@stable	2025-12-02T13:30:33.7655874Z ##[group]Run : create cachekey
Clippy	Run dtolnay/rust-toolchain@stable	2025-12-02T13:30:33.7656810Z [36;1m: create cachekey[0m
Clippy	Run dtolnay/rust-toolchain@stable	2025-12-02T13:30:33.7658630Z [36;1mDATE=$(rustc +stable --version --verbose | sed -ne 's/^commit-date: \(20[0-9][0-9]\)-\([01][0-9]\)-\([0-3][0-9]\)$/\1\2\3/p')[0m
Clippy	Run dtolnay/rust-toolchain@stable	2025-12-02T13:30:33.7661094Z [36;1mHASH=$(rustc +stable --version --verbose | sed -ne 's/^commit-hash: //p')[0m
Clippy	Run dtolnay/rust-toolchain@stable	2025-12-02T13:30:33.7662969Z [36;1mecho "cachekey=$(echo $DATE$HASH | head -c12)" >> $GITHUB_OUTPUT[0m
Clippy	Run dtolnay/rust-toolchain@stable	2025-12-02T13:30:33.7698195Z shell: /usr/bin/bash --noprofile --norc -e -o pipefail {0}
Clippy	Run dtolnay/rust-toolchain@stable	2025-12-02T13:30:33.7699367Z env:
Clippy	Run dtolnay/rust-toolchain@stable	2025-12-02T13:30:33.7699954Z   CARGO_TERM_COLOR: always
Clippy	Run dtolnay/rust-toolchain@stable	2025-12-02T13:30:33.7700757Z   CARGO_HOME: /home/runner/.cargo
Clippy	Run dtolnay/rust-toolchain@stable	2025-12-02T13:30:33.7701596Z ##[endgroup]
Clippy	Run dtolnay/rust-toolchain@stable	2025-12-02T13:30:33.8593238Z ##[group]Run : disable incremental compilation
Clippy	Run dtolnay/rust-toolchain@stable	2025-12-02T13:30:33.8594259Z [36;1m: disable incremental compilation[0m
Clippy	Run dtolnay/rust-toolchain@stable	2025-12-02T13:30:33.8595414Z [36;1mif [ -z "${CARGO_INCREMENTAL+set}" ]; then[0m
Clippy	Run dtolnay/rust-toolchain@stable	2025-12-02T13:30:33.8596401Z [36;1m  echo CARGO_INCREMENTAL=0 >> $GITHUB_ENV[0m
Clippy	Run dtolnay/rust-toolchain@stable	2025-12-02T13:30:33.8597243Z [36;1mfi[0m
Clippy	Run dtolnay/rust-toolchain@stable	2025-12-02T13:30:33.8631157Z shell: /usr/bin/bash --noprofile --norc -e -o pipefail {0}
Clippy	Run dtolnay/rust-toolchain@stable	2025-12-02T13:30:33.8632155Z env:
Clippy	Run dtolnay/rust-toolchain@stable	2025-12-02T13:30:33.8632619Z   CARGO_TERM_COLOR: always
Clippy	Run dtolnay/rust-toolchain@stable	2025-12-02T13:30:33.8633283Z   CARGO_HOME: /home/runner/.cargo
Clippy	Run dtolnay/rust-toolchain@stable	2025-12-02T13:30:33.8634000Z ##[endgroup]
Clippy	Run dtolnay/rust-toolchain@stable	2025-12-02T13:30:33.8731263Z ##[group]Run : enable colors in Cargo output
Clippy	Run dtolnay/rust-toolchain@stable	2025-12-02T13:30:33.8732143Z [36;1m: enable colors in Cargo output[0m
Clippy	Run dtolnay/rust-toolchain@stable	2025-12-02T13:30:33.8733132Z [36;1mif [ -z "${CARGO_TERM_COLOR+set}" ]; then[0m
Clippy	Run dtolnay/rust-toolchain@stable	2025-12-02T13:30:33.8734061Z [36;1m  echo CARGO_TERM_COLOR=always >> $GITHUB_ENV[0m
Clippy	Run dtolnay/rust-toolchain@stable	2025-12-02T13:30:33.8735050Z [36;1mfi[0m
Clippy	Run dtolnay/rust-toolchain@stable	2025-12-02T13:30:33.8768097Z shell: /usr/bin/bash --noprofile --norc -e -o pipefail {0}
Clippy	Run dtolnay/rust-toolchain@stable	2025-12-02T13:30:33.8769036Z env:
Clippy	Run dtolnay/rust-toolchain@stable	2025-12-02T13:30:33.8769449Z   CARGO_TERM_COLOR: always
Clippy	Run dtolnay/rust-toolchain@stable	2025-12-02T13:30:33.8770266Z   CARGO_HOME: /home/runner/.cargo
Clippy	Run dtolnay/rust-toolchain@stable	2025-12-02T13:30:33.8770934Z   CARGO_INCREMENTAL: 0
Clippy	Run dtolnay/rust-toolchain@stable	2025-12-02T13:30:33.8771441Z ##[endgroup]
Clippy	Run dtolnay/rust-toolchain@stable	2025-12-02T13:30:33.8867861Z ##[group]Run : enable Cargo sparse registry
Clippy	Run dtolnay/rust-toolchain@stable	2025-12-02T13:30:33.8868695Z [36;1m: enable Cargo sparse registry[0m
Clippy	Run dtolnay/rust-toolchain@stable	2025-12-02T13:30:33.8869688Z [36;1m# implemented in 1.66, stabilized in 1.68, made default in 1.70[0m
Clippy	Run dtolnay/rust-toolchain@stable	2025-12-02T13:30:33.8871733Z [36;1mif [ -z "${CARGO_REGISTRIES_CRATES_IO_PROTOCOL+set}" -o -f "/home/runner/work/_temp"/.implicit_cargo_registries_crates_io_protocol ]; then[0m
Clippy	Run dtolnay/rust-toolchain@stable	2025-12-02T13:30:33.8873852Z [36;1m  if rustc +stable --version --verbose | grep -q '^release: 1\.6[89]\.'; then[0m
Clippy	Run dtolnay/rust-toolchain@stable	2025-12-02T13:30:33.8875770Z [36;1m    touch "/home/runner/work/_temp"/.implicit_cargo_registries_crates_io_protocol || true[0m
Clippy	Run dtolnay/rust-toolchain@stable	2025-12-02T13:30:33.8877305Z [36;1m    echo CARGO_REGISTRIES_CRATES_IO_PROTOCOL=sparse >> $GITHUB_ENV[0m
Clippy	Run dtolnay/rust-toolchain@stable	2025-12-02T13:30:33.8878738Z [36;1m  elif rustc +stable --version --verbose | grep -q '^release: 1\.6[67]\.'; then[0m
Clippy	Run dtolnay/rust-toolchain@stable	2025-12-02T13:30:33.8880445Z [36;1m    touch "/home/runner/work/_temp"/.implicit_cargo_registries_crates_io_protocol || true[0m
Clippy	Run dtolnay/rust-toolchain@stable	2025-12-02T13:30:33.8882000Z [36;1m    echo CARGO_REGISTRIES_CRATES_IO_PROTOCOL=git >> $GITHUB_ENV[0m
Clippy	Run dtolnay/rust-toolchain@stable	2025-12-02T13:30:33.8882970Z [36;1m  fi[0m
Clippy	Run dtolnay/rust-toolchain@stable	2025-12-02T13:30:33.8883402Z [36;1mfi[0m
Clippy	Run dtolnay/rust-toolchain@stable	2025-12-02T13:30:33.8915587Z shell: /usr/bin/bash --noprofile --norc -e -o pipefail {0}
Clippy	Run dtolnay/rust-toolchain@stable	2025-12-02T13:30:33.8916504Z env:
Clippy	Run dtolnay/rust-toolchain@stable	2025-12-02T13:30:33.8916934Z   CARGO_TERM_COLOR: always
Clippy	Run dtolnay/rust-toolchain@stable	2025-12-02T13:30:33.8917541Z   CARGO_HOME: /home/runner/.cargo
Clippy	Run dtolnay/rust-toolchain@stable	2025-12-02T13:30:33.8918209Z   CARGO_INCREMENTAL: 0
Clippy	Run dtolnay/rust-toolchain@stable	2025-12-02T13:30:33.8918714Z ##[endgroup]
Clippy	Run dtolnay/rust-toolchain@stable	2025-12-02T13:30:33.9329191Z ##[group]Run : work around spurious network errors in curl 8.0
Clippy	Run dtolnay/rust-toolchain@stable	2025-12-02T13:30:33.9330324Z [36;1m: work around spurious network errors in curl 8.0[0m
Clippy	Run dtolnay/rust-toolchain@stable	2025-12-02T13:30:33.9331886Z [36;1m# https://rust-lang.zulipchat.com/#narrow/stream/246057-t-cargo/topic/timeout.20investigation[0m
Clippy	Run dtolnay/rust-toolchain@stable	2025-12-02T13:30:33.9333729Z [36;1mif rustc +stable --version --verbose | grep -q '^release: 1\.7[01]\.'; then[0m
Clippy	Run dtolnay/rust-toolchain@stable	2025-12-02T13:30:33.9335300Z [36;1m  echo CARGO_HTTP_MULTIPLEXING=false >> $GITHUB_ENV[0m
Clippy	Run dtolnay/rust-toolchain@stable	2025-12-02T13:30:33.9336152Z [36;1mfi[0m
Clippy	Run dtolnay/rust-toolchain@stable	2025-12-02T13:30:33.9370144Z shell: /usr/bin/bash --noprofile --norc -e -o pipefail {0}
Clippy	Run dtolnay/rust-toolchain@stable	2025-12-02T13:30:33.9371040Z env:
Clippy	Run dtolnay/rust-toolchain@stable	2025-12-02T13:30:33.9371460Z   CARGO_TERM_COLOR: always
Clippy	Run dtolnay/rust-toolchain@stable	2025-12-02T13:30:33.9372051Z   CARGO_HOME: /home/runner/.cargo
Clippy	Run dtolnay/rust-toolchain@stable	2025-12-02T13:30:33.9372688Z   CARGO_INCREMENTAL: 0
Clippy	Run dtolnay/rust-toolchain@stable	2025-12-02T13:30:33.9373189Z ##[endgroup]
Clippy	Run dtolnay/rust-toolchain@stable	2025-12-02T13:30:33.9625811Z ##[group]Run rustc +stable --version --verbose
Clippy	Run dtolnay/rust-toolchain@stable	2025-12-02T13:30:33.9626716Z [36;1mrustc +stable --version --verbose[0m
Clippy	Run dtolnay/rust-toolchain@stable	2025-12-02T13:30:33.9660310Z shell: /usr/bin/bash --noprofile --norc -e -o pipefail {0}
Clippy	Run dtolnay/rust-toolchain@stable	2025-12-02T13:30:33.9661198Z env:
Clippy	Run dtolnay/rust-toolchain@stable	2025-12-02T13:30:33.9661609Z   CARGO_TERM_COLOR: always
Clippy	Run dtolnay/rust-toolchain@stable	2025-12-02T13:30:33.9662197Z   CARGO_HOME: /home/runner/.cargo
Clippy	Run dtolnay/rust-toolchain@stable	2025-12-02T13:30:33.9662818Z   CARGO_INCREMENTAL: 0
Clippy	Run dtolnay/rust-toolchain@stable	2025-12-02T13:30:33.9663322Z ##[endgroup]
Clippy	Run dtolnay/rust-toolchain@stable	2025-12-02T13:30:33.9851026Z rustc 1.91.1 (ed61e7d7e 2025-11-07)
Clippy	Run dtolnay/rust-toolchain@stable	2025-12-02T13:30:33.9852412Z binary: rustc
Clippy	Run dtolnay/rust-toolchain@stable	2025-12-02T13:30:33.9853386Z commit-hash: ed61e7d7e242494fb7057f2657300d9e77bb4fcb
Clippy	Run dtolnay/rust-toolchain@stable	2025-12-02T13:30:33.9854922Z commit-date: 2025-11-07
Clippy	Run dtolnay/rust-toolchain@stable	2025-12-02T13:30:33.9855512Z host: x86_64-unknown-linux-gnu
Clippy	Run dtolnay/rust-toolchain@stable	2025-12-02T13:30:33.9856117Z release: 1.91.1
Clippy	Run dtolnay/rust-toolchain@stable	2025-12-02T13:30:33.9856579Z LLVM version: 21.1.2
Clippy	Run clippy	﻿2025-12-02T13:30:33.9976772Z ##[group]Run cargo clippy --workspace --all-features -- -D warnings
Clippy	Run clippy	2025-12-02T13:30:33.9978064Z [36;1mcargo clippy --workspace --all-features -- -D warnings[0m
Clippy	Run clippy	2025-12-02T13:30:34.0013068Z shell: /usr/bin/bash -e {0}
Clippy	Run clippy	2025-12-02T13:30:34.0013642Z env:
Clippy	Run clippy	2025-12-02T13:30:34.0014042Z   CARGO_TERM_COLOR: always
Clippy	Run clippy	2025-12-02T13:30:34.0014858Z   CARGO_HOME: /home/runner/.cargo
Clippy	Run clippy	2025-12-02T13:30:34.0015493Z   CARGO_INCREMENTAL: 0
Clippy	Run clippy	2025-12-02T13:30:34.0015985Z ##[endgroup]
Clippy	Run clippy	2025-12-02T13:30:35.5160247Z [1m[92m    Updating[0m crates.io index
Clippy	Run clippy	2025-12-02T13:30:35.9875922Z [1m[92m Downloading[0m crates ...
Clippy	Run clippy	2025-12-02T13:30:36.2010454Z [1m[92m  Downloaded[0m bitflags v2.9.4
Clippy	Run clippy	2025-12-02T13:30:36.2286144Z [1m[92m  Downloaded[0m thiserror-impl v2.0.16
Clippy	Run clippy	2025-12-02T13:30:36.2312902Z [1m[92m  Downloaded[0m quote v1.0.40
Clippy	Run clippy	2025-12-02T13:30:36.2356777Z [1m[92m  Downloaded[0m tempfile v3.22.0
Clippy	Run clippy	2025-12-02T13:30:36.2395622Z [1m[92m  Downloaded[0m unicode-ident v1.0.19
Clippy	Run clippy	2025-12-02T13:30:36.2431007Z [1m[92m  Downloaded[0m getrandom v0.3.3
Clippy	Run clippy	2025-12-02T13:30:36.2521640Z [1m[92m  Downloaded[0m proc-macro2 v1.0.101
Clippy	Run clippy	2025-12-02T13:30:36.2551318Z [1m[92m  Downloaded[0m once_cell v1.21.3
Clippy	Run clippy	2025-12-02T13:30:36.2576925Z [1m[92m  Downloaded[0m memmap2 v0.9.8
Clippy	Run clippy	2025-12-02T13:30:36.2596861Z [1m[92m  Downloaded[0m bytemuck v1.23.2
Clippy	Run clippy	2025-12-02T13:30:36.2630918Z [1m[92m  Downloaded[0m errno v0.3.14
Clippy	Run clippy	2025-12-02T13:30:36.2647463Z [1m[92m  Downloaded[0m bytemuck_derive v1.10.2
Clippy	Run clippy	2025-12-02T13:30:36.2661495Z [1m[92m  Downloaded[0m fastrand v2.3.0
Clippy	Run clippy	2025-12-02T13:30:36.2676284Z [1m[92m  Downloaded[0m cfg-if v1.0.3
Clippy	Run clippy	2025-12-02T13:30:36.2690135Z [1m[92m  Downloaded[0m thiserror v2.0.16
Clippy	Run clippy	2025-12-02T13:30:36.2758299Z [1m[92m  Downloaded[0m syn v2.0.106
Clippy	Run clippy	2025-12-02T13:30:36.2880972Z [1m[92m  Downloaded[0m rustix v1.1.2
Clippy	Run clippy	2025-12-02T13:30:36.3163221Z [1m[92m  Downloaded[0m libc v0.2.175
Clippy	Run clippy	2025-12-02T13:30:36.3460640Z [1m[92m  Downloaded[0m linux-raw-sys v0.11.0
Clippy	Run clippy	2025-12-02T13:30:36.4459819Z [1m[92m   Compiling[0m proc-macro2 v1.0.101
Clippy	Run clippy	2025-12-02T13:30:36.4460798Z [1m[92m   Compiling[0m unicode-ident v1.0.19
Clippy	Run clippy	2025-12-02T13:30:36.4461435Z [1m[92m   Compiling[0m libc v0.2.175
Clippy	Run clippy	2025-12-02T13:30:36.4477191Z [1m[92m   Compiling[0m getrandom v0.3.3
Clippy	Run clippy	2025-12-02T13:30:38.7783584Z [1m[92m   Compiling[0m rustix v1.1.2
Clippy	Run clippy	2025-12-02T13:30:40.4006409Z [1m[92m    Checking[0m linux-raw-sys v0.11.0
Clippy	Run clippy	2025-12-02T13:30:40.6793713Z [1m[92m    Checking[0m bitflags v2.9.4
Clippy	Run clippy	2025-12-02T13:30:40.7937568Z [1m[92m    Checking[0m cfg-if v1.0.3
Clippy	Run clippy	2025-12-02T13:30:40.8179046Z [1m[92m   Compiling[0m thiserror v2.0.16
Clippy	Run clippy	2025-12-02T13:30:41.0369819Z [1m[92m    Checking[0m once_cell v1.21.3
Clippy	Run clippy	2025-12-02T13:30:41.1695599Z [1m[92m    Checking[0m fastrand v2.3.0
Clippy	Run clippy	2025-12-02T13:30:41.2803203Z [1m[92m    Checking[0m memmap2 v0.9.8
Clippy	Run clippy	2025-12-02T13:30:41.3195065Z [1m[92m    Checking[0m dunes v0.1.0 (/home/runner/work/dunes/dunes)
Clippy	Run clippy	2025-12-02T13:30:41.3958673Z [1m[92m   Compiling[0m quote v1.0.40
Clippy	Run clippy	2025-12-02T13:30:41.5744073Z [1m[92m   Compiling[0m syn v2.0.106
Clippy	Run clippy	2025-12-02T13:30:41.9696342Z [1m[92m    Checking[0m tempfile v3.22.0
Clippy	Run clippy	2025-12-02T13:30:42.8261206Z [1m[92m   Compiling[0m bytemuck_derive v1.10.2
Clippy	Run clippy	2025-12-02T13:30:42.8261901Z [1m[92m   Compiling[0m thiserror-impl v2.0.16
Clippy	Run clippy	2025-12-02T13:30:43.5207082Z [1m[92m    Checking[0m bytemuck v1.23.2
Clippy	Run clippy	2025-12-02T13:30:43.6925578Z [1m[92m    Checking[0m dunes-trees v0.1.0 (/home/runner/work/dunes/dunes/crates/trees)
Clippy	Run clippy	2025-12-02T13:30:43.6926588Z [1m[92m    Checking[0m mem v0.1.0 (/home/runner/work/dunes/dunes/crates/mem)
Clippy	Run clippy	2025-12-02T13:30:44.1931384Z [1m[92m    Finished[0m `dev` profile [unoptimized + debuginfo] target(s) in 9.65s
Clippy	Post Run actions/checkout@v4	﻿2025-12-02T13:30:44.2401554Z Post job cleanup.
Clippy	Post Run actions/checkout@v4	2025-12-02T13:30:44.3358837Z [command]/usr/bin/git version
Clippy	Post Run actions/checkout@v4	2025-12-02T13:30:44.3406237Z git version 2.51.2
Clippy	Post Run actions/checkout@v4	2025-12-02T13:30:44.3453910Z Temporarily overriding HOME='/home/runner/work/_temp/dd33f00e-540e-4b08-885f-c0f6eb61e44e' before making global git config changes
Clippy	Post Run actions/checkout@v4	2025-12-02T13:30:44.3455165Z Adding repository directory to the temporary git global config as a safe directory
Clippy	Post Run actions/checkout@v4	2025-12-02T13:30:44.3461910Z [command]/usr/bin/git config --global --add safe.directory /home/runner/work/dunes/dunes
Clippy	Post Run actions/checkout@v4	2025-12-02T13:30:44.3500232Z [command]/usr/bin/git config --local --name-only --get-regexp core\.sshCommand
Clippy	Post Run actions/checkout@v4	2025-12-02T13:30:44.3533557Z [command]/usr/bin/git submodule foreach --recursive sh -c "git config --local --name-only --get-regexp 'core\.sshCommand' && git config --local --unset-all 'core.sshCommand' || :"
Clippy	Post Run actions/checkout@v4	2025-12-02T13:30:44.3764526Z [command]/usr/bin/git config --local --name-only --get-regexp http\.https\:\/\/github\.com\/\.extraheader
Clippy	Post Run actions/checkout@v4	2025-12-02T13:30:44.3787824Z http.https://github.com/.extraheader
Clippy	Post Run actions/checkout@v4	2025-12-02T13:30:44.3799978Z [command]/usr/bin/git config --local --unset-all http.https://github.com/.extraheader
Clippy	Post Run actions/checkout@v4	2025-12-02T13:30:44.3832037Z [command]/usr/bin/git submodule foreach --recursive sh -c "git config --local --name-only --get-regexp 'http\.https\:\/\/github\.com\/\.extraheader' && git config --local --unset-all 'http.https://github.com/.extraheader' || :"
Clippy	Post Run actions/checkout@v4	2025-12-02T13:30:44.4058594Z [command]/usr/bin/git config --local --name-only --get-regexp ^includeIf\.gitdir:
Clippy	Post Run actions/checkout@v4	2025-12-02T13:30:44.4090256Z [command]/usr/bin/git submodule foreach --recursive git config --local --show-origin --name-only --get-regexp remote.origin.url
Clippy	Complete job	﻿2025-12-02T13:30:44.4428887Z Cleaning up orphan processes
